<!doctype html public "-//w3c//dtd html 4.0 transitional//en">
<html><head>
<title>Static Call Graph - [.\Debug\PlainReader.axf]</title></head>
<body><HR>
<H1>Static Call Graph for image .\Debug\PlainReader.axf</H1><HR>
<BR><P>#&#060CALLGRAPH&#062# ARM Linker, 4.1 [Build 561]: Last Updated: Wed Jun 06 17:44:42 2012
<BR><P>
<H3>Maximum Stack Usage =       2024 bytes + Unknown(Cycles, Untraceable Function Pointers)</H3><H3>
Call chain for Maximum Stack Depth:</H3>
main &rArr; DemoTest &rArr; ReadCard &rArr; pn532DesfireReadData &rArr; DesfireCryptoPostProcessData &rArr; mifare_cbc_block_des &rArr; mifare_cbc_des &rArr; psDesInitKey &rArr; deskey &rArr; cookey
<P>
<H3>
Mutually Recursive functions
</H3> <LI><a href="#[1c]">ADC1_IRQHandler</a>&nbsp;&nbsp;&nbsp;&rArr;&nbsp;&nbsp;&nbsp;<a href="#[1c]">ADC1_IRQHandler</a><BR>
</UL>
<P>
<H3>
Function Pointers
</H3><UL>
 <LI><a href="#[1c]">ADC1_IRQHandler</a> from startup_stm32f10x_md_vl.o(.text) referenced from startup_stm32f10x_md_vl.o(RESET)
 <LI><a href="#[4]">BusFault_Handler</a> from stm32f10x_it.o(i.BusFault_Handler) referenced from startup_stm32f10x_md_vl.o(RESET)
 <LI><a href="#[30]">CEC_IRQHandler</a> from startup_stm32f10x_md_vl.o(.text) referenced from startup_stm32f10x_md_vl.o(RESET)
 <LI><a href="#[15]">DMA1_Channel1_IRQHandler</a> from startup_stm32f10x_md_vl.o(.text) referenced from startup_stm32f10x_md_vl.o(RESET)
 <LI><a href="#[16]">DMA1_Channel2_IRQHandler</a> from startup_stm32f10x_md_vl.o(.text) referenced from startup_stm32f10x_md_vl.o(RESET)
 <LI><a href="#[17]">DMA1_Channel3_IRQHandler</a> from startup_stm32f10x_md_vl.o(.text) referenced from startup_stm32f10x_md_vl.o(RESET)
 <LI><a href="#[18]">DMA1_Channel4_IRQHandler</a> from startup_stm32f10x_md_vl.o(.text) referenced from startup_stm32f10x_md_vl.o(RESET)
 <LI><a href="#[19]">DMA1_Channel5_IRQHandler</a> from startup_stm32f10x_md_vl.o(.text) referenced from startup_stm32f10x_md_vl.o(RESET)
 <LI><a href="#[1a]">DMA1_Channel6_IRQHandler</a> from startup_stm32f10x_md_vl.o(.text) referenced from startup_stm32f10x_md_vl.o(RESET)
 <LI><a href="#[1b]">DMA1_Channel7_IRQHandler</a> from startup_stm32f10x_md_vl.o(.text) referenced from startup_stm32f10x_md_vl.o(RESET)
 <LI><a href="#[7]">DebugMon_Handler</a> from stm32f10x_it.o(i.DebugMon_Handler) referenced from startup_stm32f10x_md_vl.o(RESET)
 <LI><a href="#[10]">EXTI0_IRQHandler</a> from startup_stm32f10x_md_vl.o(.text) referenced from startup_stm32f10x_md_vl.o(RESET)
 <LI><a href="#[2e]">EXTI15_10_IRQHandler</a> from startup_stm32f10x_md_vl.o(.text) referenced from startup_stm32f10x_md_vl.o(RESET)
 <LI><a href="#[11]">EXTI1_IRQHandler</a> from startup_stm32f10x_md_vl.o(.text) referenced from startup_stm32f10x_md_vl.o(RESET)
 <LI><a href="#[12]">EXTI2_IRQHandler</a> from startup_stm32f10x_md_vl.o(.text) referenced from startup_stm32f10x_md_vl.o(RESET)
 <LI><a href="#[13]">EXTI3_IRQHandler</a> from startup_stm32f10x_md_vl.o(.text) referenced from startup_stm32f10x_md_vl.o(RESET)
 <LI><a href="#[14]">EXTI4_IRQHandler</a> from startup_stm32f10x_md_vl.o(.text) referenced from startup_stm32f10x_md_vl.o(RESET)
 <LI><a href="#[1d]">EXTI9_5_IRQHandler</a> from startup_stm32f10x_md_vl.o(.text) referenced from startup_stm32f10x_md_vl.o(RESET)
 <LI><a href="#[e]">FLASH_IRQHandler</a> from startup_stm32f10x_md_vl.o(.text) referenced from startup_stm32f10x_md_vl.o(RESET)
 <LI><a href="#[2]">HardFault_Handler</a> from stm32f10x_it.o(i.HardFault_Handler) referenced from startup_stm32f10x_md_vl.o(RESET)
 <LI><a href="#[26]">I2C1_ER_IRQHandler</a> from startup_stm32f10x_md_vl.o(.text) referenced from startup_stm32f10x_md_vl.o(RESET)
 <LI><a href="#[25]">I2C1_EV_IRQHandler</a> from startup_stm32f10x_md_vl.o(.text) referenced from startup_stm32f10x_md_vl.o(RESET)
 <LI><a href="#[28]">I2C2_ER_IRQHandler</a> from startup_stm32f10x_md_vl.o(.text) referenced from startup_stm32f10x_md_vl.o(RESET)
 <LI><a href="#[27]">I2C2_EV_IRQHandler</a> from startup_stm32f10x_md_vl.o(.text) referenced from startup_stm32f10x_md_vl.o(RESET)
 <LI><a href="#[3]">MemManage_Handler</a> from stm32f10x_it.o(i.MemManage_Handler) referenced from startup_stm32f10x_md_vl.o(RESET)
 <LI><a href="#[1]">NMI_Handler</a> from stm32f10x_it.o(i.NMI_Handler) referenced from startup_stm32f10x_md_vl.o(RESET)
 <LI><a href="#[b]">PVD_IRQHandler</a> from startup_stm32f10x_md_vl.o(.text) referenced from startup_stm32f10x_md_vl.o(RESET)
 <LI><a href="#[8]">PendSV_Handler</a> from stm32f10x_it.o(i.PendSV_Handler) referenced from startup_stm32f10x_md_vl.o(RESET)
 <LI><a href="#[f]">RCC_IRQHandler</a> from stm32f10x_it.o(i.RCC_IRQHandler) referenced from startup_stm32f10x_md_vl.o(RESET)
 <LI><a href="#[2f]">RTCAlarm_IRQHandler</a> from startup_stm32f10x_md_vl.o(.text) referenced from startup_stm32f10x_md_vl.o(RESET)
 <LI><a href="#[d]">RTC_IRQHandler</a> from startup_stm32f10x_md_vl.o(.text) referenced from startup_stm32f10x_md_vl.o(RESET)
 <LI><a href="#[0]">Reset_Handler</a> from startup_stm32f10x_md_vl.o(.text) referenced from startup_stm32f10x_md_vl.o(RESET)
 <LI><a href="#[29]">SPI1_IRQHandler</a> from startup_stm32f10x_md_vl.o(.text) referenced from startup_stm32f10x_md_vl.o(RESET)
 <LI><a href="#[2a]">SPI2_IRQHandler</a> from startup_stm32f10x_md_vl.o(.text) referenced from startup_stm32f10x_md_vl.o(RESET)
 <LI><a href="#[6]">SVC_Handler</a> from stm32f10x_it.o(i.SVC_Handler) referenced from startup_stm32f10x_md_vl.o(RESET)
 <LI><a href="#[9]">SysTick_Handler</a> from stm32f10x_it.o(i.SysTick_Handler) referenced from startup_stm32f10x_md_vl.o(RESET)
 <LI><a href="#[34]">SystemInit</a> from system_stm32f10x.o(i.SystemInit) referenced from startup_stm32f10x_md_vl.o(.text)
 <LI><a href="#[c]">TAMPER_IRQHandler</a> from startup_stm32f10x_md_vl.o(.text) referenced from startup_stm32f10x_md_vl.o(RESET)
 <LI><a href="#[1e]">TIM1_BRK_TIM15_IRQHandler</a> from startup_stm32f10x_md_vl.o(.text) referenced from startup_stm32f10x_md_vl.o(RESET)
 <LI><a href="#[21]">TIM1_CC_IRQHandler</a> from startup_stm32f10x_md_vl.o(.text) referenced from startup_stm32f10x_md_vl.o(RESET)
 <LI><a href="#[20]">TIM1_TRG_COM_TIM17_IRQHandler</a> from startup_stm32f10x_md_vl.o(.text) referenced from startup_stm32f10x_md_vl.o(RESET)
 <LI><a href="#[1f]">TIM1_UP_TIM16_IRQHandler</a> from startup_stm32f10x_md_vl.o(.text) referenced from startup_stm32f10x_md_vl.o(RESET)
 <LI><a href="#[22]">TIM2_IRQHandler</a> from stm32f10x_it.o(i.TIM2_IRQHandler) referenced from startup_stm32f10x_md_vl.o(RESET)
 <LI><a href="#[23]">TIM3_IRQHandler</a> from startup_stm32f10x_md_vl.o(.text) referenced from startup_stm32f10x_md_vl.o(RESET)
 <LI><a href="#[24]">TIM4_IRQHandler</a> from startup_stm32f10x_md_vl.o(.text) referenced from startup_stm32f10x_md_vl.o(RESET)
 <LI><a href="#[31]">TIM6_DAC_IRQHandler</a> from startup_stm32f10x_md_vl.o(.text) referenced from startup_stm32f10x_md_vl.o(RESET)
 <LI><a href="#[32]">TIM7_IRQHandler</a> from startup_stm32f10x_md_vl.o(.text) referenced from startup_stm32f10x_md_vl.o(RESET)
 <LI><a href="#[2b]">USART1_IRQHandler</a> from startup_stm32f10x_md_vl.o(.text) referenced from startup_stm32f10x_md_vl.o(RESET)
 <LI><a href="#[2c]">USART2_IRQHandler</a> from stm32f10x_it.o(i.USART2_IRQHandler) referenced from startup_stm32f10x_md_vl.o(RESET)
 <LI><a href="#[2d]">USART3_IRQHandler</a> from startup_stm32f10x_md_vl.o(.text) referenced from startup_stm32f10x_md_vl.o(RESET)
 <LI><a href="#[5]">UsageFault_Handler</a> from stm32f10x_it.o(i.UsageFault_Handler) referenced from startup_stm32f10x_md_vl.o(RESET)
 <LI><a href="#[a]">WWDG_IRQHandler</a> from startup_stm32f10x_md_vl.o(.text) referenced from startup_stm32f10x_md_vl.o(RESET)
 <LI><a href="#[35]">__main</a> from entry.o(.ARM.Collect$$$$00000000) referenced from startup_stm32f10x_md_vl.o(.text)
 <LI><a href="#[33]">main</a> from main.o(i.main) referenced from entry8.o(.ARM.Collect$$$$00000009)
</UL>
<P>
<H3>
Global Symbols
</H3>
<P><STRONG><a name="[35]"></a>__main</STRONG> (Thumb, 0 bytes, Stack size unknown bytes, entry.o(.ARM.Collect$$$$00000000))
<BR>[Address Reference Count : 1]<UL><LI> startup_stm32f10x_md_vl.o(.text)
</UL>
<P><STRONG><a name="[c1]"></a>_main_stk</STRONG> (Thumb, 0 bytes, Stack size unknown bytes, entry2.o(.ARM.Collect$$$$00000001))

<P><STRONG><a name="[36]"></a>_main_scatterload</STRONG> (Thumb, 0 bytes, Stack size unknown bytes, entry5.o(.ARM.Collect$$$$00000004))
<BR><BR>[Calls]<UL><LI><a href="#[37]">&gt;&gt;</a>&nbsp;&nbsp;&nbsp;__scatterload
</UL>

<P><STRONG><a name="[3b]"></a>__main_after_scatterload</STRONG> (Thumb, 0 bytes, Stack size unknown bytes, entry5.o(.ARM.Collect$$$$00000004))
<BR><BR>[Called By]<UL><LI><a href="#[37]">&gt;&gt;</a>&nbsp;&nbsp;&nbsp;__scatterload
</UL>

<P><STRONG><a name="[c2]"></a>_main_clock</STRONG> (Thumb, 0 bytes, Stack size unknown bytes, entry7b.o(.ARM.Collect$$$$00000008))

<P><STRONG><a name="[c3]"></a>_main_init</STRONG> (Thumb, 0 bytes, Stack size unknown bytes, entry8.o(.ARM.Collect$$$$00000009))

<P><STRONG><a name="[0]"></a>Reset_Handler</STRONG> (Thumb, 8 bytes, Stack size 0 bytes, startup_stm32f10x_md_vl.o(.text))
<BR>[Address Reference Count : 1]<UL><LI> startup_stm32f10x_md_vl.o(RESET)
</UL>
<P><STRONG><a name="[1c]"></a>ADC1_IRQHandler</STRONG> (Thumb, 0 bytes, Stack size 0 bytes, startup_stm32f10x_md_vl.o(.text))
<BR><BR>[Calls]<UL><LI><a href="#[1c]">&gt;&gt;</a>&nbsp;&nbsp;&nbsp;ADC1_IRQHandler
</UL>
<BR>[Called By]<UL><LI><a href="#[1c]">&gt;&gt;</a>&nbsp;&nbsp;&nbsp;ADC1_IRQHandler
</UL>
<BR>[Address Reference Count : 1]<UL><LI> startup_stm32f10x_md_vl.o(RESET)
</UL>
<P><STRONG><a name="[30]"></a>CEC_IRQHandler</STRONG> (Thumb, 0 bytes, Stack size 0 bytes, startup_stm32f10x_md_vl.o(.text))
<BR>[Address Reference Count : 1]<UL><LI> startup_stm32f10x_md_vl.o(RESET)
</UL>
<P><STRONG><a name="[15]"></a>DMA1_Channel1_IRQHandler</STRONG> (Thumb, 0 bytes, Stack size 0 bytes, startup_stm32f10x_md_vl.o(.text))
<BR>[Address Reference Count : 1]<UL><LI> startup_stm32f10x_md_vl.o(RESET)
</UL>
<P><STRONG><a name="[16]"></a>DMA1_Channel2_IRQHandler</STRONG> (Thumb, 0 bytes, Stack size 0 bytes, startup_stm32f10x_md_vl.o(.text))
<BR>[Address Reference Count : 1]<UL><LI> startup_stm32f10x_md_vl.o(RESET)
</UL>
<P><STRONG><a name="[17]"></a>DMA1_Channel3_IRQHandler</STRONG> (Thumb, 0 bytes, Stack size 0 bytes, startup_stm32f10x_md_vl.o(.text))
<BR>[Address Reference Count : 1]<UL><LI> startup_stm32f10x_md_vl.o(RESET)
</UL>
<P><STRONG><a name="[18]"></a>DMA1_Channel4_IRQHandler</STRONG> (Thumb, 0 bytes, Stack size 0 bytes, startup_stm32f10x_md_vl.o(.text))
<BR>[Address Reference Count : 1]<UL><LI> startup_stm32f10x_md_vl.o(RESET)
</UL>
<P><STRONG><a name="[19]"></a>DMA1_Channel5_IRQHandler</STRONG> (Thumb, 0 bytes, Stack size 0 bytes, startup_stm32f10x_md_vl.o(.text))
<BR>[Address Reference Count : 1]<UL><LI> startup_stm32f10x_md_vl.o(RESET)
</UL>
<P><STRONG><a name="[1a]"></a>DMA1_Channel6_IRQHandler</STRONG> (Thumb, 0 bytes, Stack size 0 bytes, startup_stm32f10x_md_vl.o(.text))
<BR>[Address Reference Count : 1]<UL><LI> startup_stm32f10x_md_vl.o(RESET)
</UL>
<P><STRONG><a name="[1b]"></a>DMA1_Channel7_IRQHandler</STRONG> (Thumb, 0 bytes, Stack size 0 bytes, startup_stm32f10x_md_vl.o(.text))
<BR>[Address Reference Count : 1]<UL><LI> startup_stm32f10x_md_vl.o(RESET)
</UL>
<P><STRONG><a name="[10]"></a>EXTI0_IRQHandler</STRONG> (Thumb, 0 bytes, Stack size 0 bytes, startup_stm32f10x_md_vl.o(.text))
<BR>[Address Reference Count : 1]<UL><LI> startup_stm32f10x_md_vl.o(RESET)
</UL>
<P><STRONG><a name="[2e]"></a>EXTI15_10_IRQHandler</STRONG> (Thumb, 0 bytes, Stack size 0 bytes, startup_stm32f10x_md_vl.o(.text))
<BR>[Address Reference Count : 1]<UL><LI> startup_stm32f10x_md_vl.o(RESET)
</UL>
<P><STRONG><a name="[11]"></a>EXTI1_IRQHandler</STRONG> (Thumb, 0 bytes, Stack size 0 bytes, startup_stm32f10x_md_vl.o(.text))
<BR>[Address Reference Count : 1]<UL><LI> startup_stm32f10x_md_vl.o(RESET)
</UL>
<P><STRONG><a name="[12]"></a>EXTI2_IRQHandler</STRONG> (Thumb, 0 bytes, Stack size 0 bytes, startup_stm32f10x_md_vl.o(.text))
<BR>[Address Reference Count : 1]<UL><LI> startup_stm32f10x_md_vl.o(RESET)
</UL>
<P><STRONG><a name="[13]"></a>EXTI3_IRQHandler</STRONG> (Thumb, 0 bytes, Stack size 0 bytes, startup_stm32f10x_md_vl.o(.text))
<BR>[Address Reference Count : 1]<UL><LI> startup_stm32f10x_md_vl.o(RESET)
</UL>
<P><STRONG><a name="[14]"></a>EXTI4_IRQHandler</STRONG> (Thumb, 0 bytes, Stack size 0 bytes, startup_stm32f10x_md_vl.o(.text))
<BR>[Address Reference Count : 1]<UL><LI> startup_stm32f10x_md_vl.o(RESET)
</UL>
<P><STRONG><a name="[1d]"></a>EXTI9_5_IRQHandler</STRONG> (Thumb, 0 bytes, Stack size 0 bytes, startup_stm32f10x_md_vl.o(.text))
<BR>[Address Reference Count : 1]<UL><LI> startup_stm32f10x_md_vl.o(RESET)
</UL>
<P><STRONG><a name="[e]"></a>FLASH_IRQHandler</STRONG> (Thumb, 0 bytes, Stack size 0 bytes, startup_stm32f10x_md_vl.o(.text))
<BR>[Address Reference Count : 1]<UL><LI> startup_stm32f10x_md_vl.o(RESET)
</UL>
<P><STRONG><a name="[26]"></a>I2C1_ER_IRQHandler</STRONG> (Thumb, 0 bytes, Stack size 0 bytes, startup_stm32f10x_md_vl.o(.text))
<BR>[Address Reference Count : 1]<UL><LI> startup_stm32f10x_md_vl.o(RESET)
</UL>
<P><STRONG><a name="[25]"></a>I2C1_EV_IRQHandler</STRONG> (Thumb, 0 bytes, Stack size 0 bytes, startup_stm32f10x_md_vl.o(.text))
<BR>[Address Reference Count : 1]<UL><LI> startup_stm32f10x_md_vl.o(RESET)
</UL>
<P><STRONG><a name="[28]"></a>I2C2_ER_IRQHandler</STRONG> (Thumb, 0 bytes, Stack size 0 bytes, startup_stm32f10x_md_vl.o(.text))
<BR>[Address Reference Count : 1]<UL><LI> startup_stm32f10x_md_vl.o(RESET)
</UL>
<P><STRONG><a name="[27]"></a>I2C2_EV_IRQHandler</STRONG> (Thumb, 0 bytes, Stack size 0 bytes, startup_stm32f10x_md_vl.o(.text))
<BR>[Address Reference Count : 1]<UL><LI> startup_stm32f10x_md_vl.o(RESET)
</UL>
<P><STRONG><a name="[b]"></a>PVD_IRQHandler</STRONG> (Thumb, 0 bytes, Stack size 0 bytes, startup_stm32f10x_md_vl.o(.text))
<BR>[Address Reference Count : 1]<UL><LI> startup_stm32f10x_md_vl.o(RESET)
</UL>
<P><STRONG><a name="[2f]"></a>RTCAlarm_IRQHandler</STRONG> (Thumb, 0 bytes, Stack size 0 bytes, startup_stm32f10x_md_vl.o(.text))
<BR>[Address Reference Count : 1]<UL><LI> startup_stm32f10x_md_vl.o(RESET)
</UL>
<P><STRONG><a name="[d]"></a>RTC_IRQHandler</STRONG> (Thumb, 0 bytes, Stack size 0 bytes, startup_stm32f10x_md_vl.o(.text))
<BR>[Address Reference Count : 1]<UL><LI> startup_stm32f10x_md_vl.o(RESET)
</UL>
<P><STRONG><a name="[29]"></a>SPI1_IRQHandler</STRONG> (Thumb, 0 bytes, Stack size 0 bytes, startup_stm32f10x_md_vl.o(.text))
<BR>[Address Reference Count : 1]<UL><LI> startup_stm32f10x_md_vl.o(RESET)
</UL>
<P><STRONG><a name="[2a]"></a>SPI2_IRQHandler</STRONG> (Thumb, 0 bytes, Stack size 0 bytes, startup_stm32f10x_md_vl.o(.text))
<BR>[Address Reference Count : 1]<UL><LI> startup_stm32f10x_md_vl.o(RESET)
</UL>
<P><STRONG><a name="[c]"></a>TAMPER_IRQHandler</STRONG> (Thumb, 0 bytes, Stack size 0 bytes, startup_stm32f10x_md_vl.o(.text))
<BR>[Address Reference Count : 1]<UL><LI> startup_stm32f10x_md_vl.o(RESET)
</UL>
<P><STRONG><a name="[1e]"></a>TIM1_BRK_TIM15_IRQHandler</STRONG> (Thumb, 0 bytes, Stack size 0 bytes, startup_stm32f10x_md_vl.o(.text))
<BR>[Address Reference Count : 1]<UL><LI> startup_stm32f10x_md_vl.o(RESET)
</UL>
<P><STRONG><a name="[21]"></a>TIM1_CC_IRQHandler</STRONG> (Thumb, 0 bytes, Stack size 0 bytes, startup_stm32f10x_md_vl.o(.text))
<BR>[Address Reference Count : 1]<UL><LI> startup_stm32f10x_md_vl.o(RESET)
</UL>
<P><STRONG><a name="[20]"></a>TIM1_TRG_COM_TIM17_IRQHandler</STRONG> (Thumb, 0 bytes, Stack size 0 bytes, startup_stm32f10x_md_vl.o(.text))
<BR>[Address Reference Count : 1]<UL><LI> startup_stm32f10x_md_vl.o(RESET)
</UL>
<P><STRONG><a name="[1f]"></a>TIM1_UP_TIM16_IRQHandler</STRONG> (Thumb, 0 bytes, Stack size 0 bytes, startup_stm32f10x_md_vl.o(.text))
<BR>[Address Reference Count : 1]<UL><LI> startup_stm32f10x_md_vl.o(RESET)
</UL>
<P><STRONG><a name="[23]"></a>TIM3_IRQHandler</STRONG> (Thumb, 0 bytes, Stack size 0 bytes, startup_stm32f10x_md_vl.o(.text))
<BR>[Address Reference Count : 1]<UL><LI> startup_stm32f10x_md_vl.o(RESET)
</UL>
<P><STRONG><a name="[24]"></a>TIM4_IRQHandler</STRONG> (Thumb, 0 bytes, Stack size 0 bytes, startup_stm32f10x_md_vl.o(.text))
<BR>[Address Reference Count : 1]<UL><LI> startup_stm32f10x_md_vl.o(RESET)
</UL>
<P><STRONG><a name="[31]"></a>TIM6_DAC_IRQHandler</STRONG> (Thumb, 0 bytes, Stack size 0 bytes, startup_stm32f10x_md_vl.o(.text))
<BR>[Address Reference Count : 1]<UL><LI> startup_stm32f10x_md_vl.o(RESET)
</UL>
<P><STRONG><a name="[32]"></a>TIM7_IRQHandler</STRONG> (Thumb, 0 bytes, Stack size 0 bytes, startup_stm32f10x_md_vl.o(.text))
<BR>[Address Reference Count : 1]<UL><LI> startup_stm32f10x_md_vl.o(RESET)
</UL>
<P><STRONG><a name="[2b]"></a>USART1_IRQHandler</STRONG> (Thumb, 0 bytes, Stack size 0 bytes, startup_stm32f10x_md_vl.o(.text))
<BR>[Address Reference Count : 1]<UL><LI> startup_stm32f10x_md_vl.o(RESET)
</UL>
<P><STRONG><a name="[2d]"></a>USART3_IRQHandler</STRONG> (Thumb, 0 bytes, Stack size 0 bytes, startup_stm32f10x_md_vl.o(.text))
<BR>[Address Reference Count : 1]<UL><LI> startup_stm32f10x_md_vl.o(RESET)
</UL>
<P><STRONG><a name="[a]"></a>WWDG_IRQHandler</STRONG> (Thumb, 0 bytes, Stack size 0 bytes, startup_stm32f10x_md_vl.o(.text))
<BR>[Address Reference Count : 1]<UL><LI> startup_stm32f10x_md_vl.o(RESET)
</UL>
<P><STRONG><a name="[61]"></a>__aeabi_memcpy</STRONG> (Thumb, 36 bytes, Stack size 0 bytes, memcpya.o(.text))
<BR><BR>[Called By]<UL><LI><a href="#[54]">&gt;&gt;</a>&nbsp;&nbsp;&nbsp;InitEmployee
<LI><a href="#[4a]">&gt;&gt;</a>&nbsp;&nbsp;&nbsp;pn532DesfireWriteData
<LI><a href="#[7d]">&gt;&gt;</a>&nbsp;&nbsp;&nbsp;pn532DesfireReadData
<LI><a href="#[7e]">&gt;&gt;</a>&nbsp;&nbsp;&nbsp;pn532DesfireGetValue
<LI><a href="#[48]">&gt;&gt;</a>&nbsp;&nbsp;&nbsp;pn532DesfireChangeKey
<LI><a href="#[46]">&gt;&gt;</a>&nbsp;&nbsp;&nbsp;pn532DesfireAuthenticate
<LI><a href="#[9c]">&gt;&gt;</a>&nbsp;&nbsp;&nbsp;UART_ISR
<LI><a href="#[51]">&gt;&gt;</a>&nbsp;&nbsp;&nbsp;DemoTest
<LI><a href="#[a8]">&gt;&gt;</a>&nbsp;&nbsp;&nbsp;pn532BuildFrame
<LI><a href="#[67]">&gt;&gt;</a>&nbsp;&nbsp;&nbsp;DesfireCryptoPreProcessData
<LI><a href="#[62]">&gt;&gt;</a>&nbsp;&nbsp;&nbsp;DesfireCryptoPostProcessData
</UL>

<P><STRONG><a name="[a1]"></a>__aeabi_memcpy4</STRONG> (Thumb, 0 bytes, Stack size 0 bytes, memcpya.o(.text))
<BR><BR>[Called By]<UL><LI><a href="#[50]">&gt;&gt;</a>&nbsp;&nbsp;&nbsp;pn532DesfireDebit
<LI><a href="#[4d]">&gt;&gt;</a>&nbsp;&nbsp;&nbsp;pn532DesfireCredit
<LI><a href="#[48]">&gt;&gt;</a>&nbsp;&nbsp;&nbsp;pn532DesfireChangeKey
<LI><a href="#[a0]">&gt;&gt;</a>&nbsp;&nbsp;&nbsp;cookey
</UL>

<P><STRONG><a name="[c4]"></a>__aeabi_memcpy8</STRONG> (Thumb, 0 bytes, Stack size 0 bytes, memcpya.o(.text), UNUSED)

<P><STRONG><a name="[39]"></a>__aeabi_memset</STRONG> (Thumb, 14 bytes, Stack size 0 bytes, memseta.o(.text), UNUSED)
<BR><BR>[Called By]<UL><LI><a href="#[3a]">&gt;&gt;</a>&nbsp;&nbsp;&nbsp;_memset$wrapper
<LI><a href="#[38]">&gt;&gt;</a>&nbsp;&nbsp;&nbsp;__aeabi_memclr
</UL>

<P><STRONG><a name="[c5]"></a>__aeabi_memset4</STRONG> (Thumb, 0 bytes, Stack size 0 bytes, memseta.o(.text), UNUSED)

<P><STRONG><a name="[c6]"></a>__aeabi_memset8</STRONG> (Thumb, 0 bytes, Stack size 0 bytes, memseta.o(.text), UNUSED)

<P><STRONG><a name="[38]"></a>__aeabi_memclr</STRONG> (Thumb, 4 bytes, Stack size 0 bytes, memseta.o(.text), UNUSED)
<BR><BR>[Calls]<UL><LI><a href="#[39]">&gt;&gt;</a>&nbsp;&nbsp;&nbsp;__aeabi_memset
</UL>

<P><STRONG><a name="[53]"></a>__aeabi_memclr4</STRONG> (Thumb, 0 bytes, Stack size 0 bytes, memseta.o(.text))
<BR><BR>[Called By]<UL><LI><a href="#[48]">&gt;&gt;</a>&nbsp;&nbsp;&nbsp;pn532DesfireChangeKey
<LI><a href="#[51]">&gt;&gt;</a>&nbsp;&nbsp;&nbsp;DemoTest
<LI><a href="#[a9]">&gt;&gt;</a>&nbsp;&nbsp;&nbsp;pn532SendCommand
</UL>

<P><STRONG><a name="[c7]"></a>__aeabi_memclr8</STRONG> (Thumb, 0 bytes, Stack size 0 bytes, memseta.o(.text), UNUSED)

<P><STRONG><a name="[3a]"></a>_memset$wrapper</STRONG> (Thumb, 20 bytes, Stack size 8 bytes, memseta.o(.text), UNUSED)
<BR><BR>[Calls]<UL><LI><a href="#[39]">&gt;&gt;</a>&nbsp;&nbsp;&nbsp;__aeabi_memset
</UL>

<P><STRONG><a name="[66]"></a>memcmp</STRONG> (Thumb, 26 bytes, Stack size 12 bytes, memcmp.o(.text))
<BR><BR>[Stack]<UL><LI>Max Depth = 12<LI>Call Chain = memcmp
</UL>
<BR>[Called By]<UL><LI><a href="#[62]">&gt;&gt;</a>&nbsp;&nbsp;&nbsp;DesfireCryptoPostProcessData
</UL>

<P><STRONG><a name="[37]"></a>__scatterload</STRONG> (Thumb, 28 bytes, Stack size 0 bytes, init.o(.text))
<BR><BR>[Calls]<UL><LI><a href="#[3b]">&gt;&gt;</a>&nbsp;&nbsp;&nbsp;__main_after_scatterload
</UL>
<BR>[Called By]<UL><LI><a href="#[36]">&gt;&gt;</a>&nbsp;&nbsp;&nbsp;_main_scatterload
</UL>

<P><STRONG><a name="[c8]"></a>__scatterload_rt2</STRONG> (Thumb, 0 bytes, Stack size 0 bytes, init.o(.text), UNUSED)

<P><STRONG><a name="[4]"></a>BusFault_Handler</STRONG> (Thumb, 4 bytes, Stack size 0 bytes, stm32f10x_it.o(i.BusFault_Handler))
<BR>[Address Reference Count : 1]<UL><LI> startup_stm32f10x_md_vl.o(RESET)
</UL>
<P><STRONG><a name="[3c]"></a>BuzzerInit</STRONG> (Thumb, 40 bytes, Stack size 8 bytes, stm32sunid.o(i.BuzzerInit))
<BR><BR>[Stack]<UL><LI>Max Depth = 32<LI>Call Chain = BuzzerInit &rArr; GPIO_Init
</UL>
<BR>[Calls]<UL><LI><a href="#[3d]">&gt;&gt;</a>&nbsp;&nbsp;&nbsp;RCC_APB2PeriphClockCmd
<LI><a href="#[3e]">&gt;&gt;</a>&nbsp;&nbsp;&nbsp;GPIO_Init
</UL>
<BR>[Called By]<UL><LI><a href="#[52]">&gt;&gt;</a>&nbsp;&nbsp;&nbsp;StartReader
</UL>

<P><STRONG><a name="[3f]"></a>BuzzerOn</STRONG> (Thumb, 36 bytes, Stack size 8 bytes, stm32sunid.o(i.BuzzerOn))
<BR><BR>[Stack]<UL><LI>Max Depth = 8<LI>Call Chain = BuzzerOn
</UL>
<BR>[Calls]<UL><LI><a href="#[40]">&gt;&gt;</a>&nbsp;&nbsp;&nbsp;delay_ms
</UL>
<BR>[Called By]<UL><LI><a href="#[52]">&gt;&gt;</a>&nbsp;&nbsp;&nbsp;StartReader
<LI><a href="#[51]">&gt;&gt;</a>&nbsp;&nbsp;&nbsp;DemoTest
</UL>

<P><STRONG><a name="[41]"></a>CRC16_Generate</STRONG> (Thumb, 40 bytes, Stack size 16 bytes, crc16.o(i.CRC16_Generate))
<BR><BR>[Stack]<UL><LI>Max Depth = 16<LI>Call Chain = CRC16_Generate
</UL>
<BR>[Calls]<UL><LI><a href="#[42]">&gt;&gt;</a>&nbsp;&nbsp;&nbsp;UpdateCrc
</UL>
<BR>[Called By]<UL><LI><a href="#[6a]">&gt;&gt;</a>&nbsp;&nbsp;&nbsp;pn532DesfireChangeKeySetting
<LI><a href="#[48]">&gt;&gt;</a>&nbsp;&nbsp;&nbsp;pn532DesfireChangeKey
<LI><a href="#[67]">&gt;&gt;</a>&nbsp;&nbsp;&nbsp;DesfireCryptoPreProcessData
<LI><a href="#[62]">&gt;&gt;</a>&nbsp;&nbsp;&nbsp;DesfireCryptoPostProcessData
</UL>

<P><STRONG><a name="[43]"></a>CreateCard</STRONG> (Thumb, 480 bytes, Stack size 56 bytes, demo.o(i.CreateCard))
<BR><BR>[Stack]<UL><LI>Max Depth = 1712<LI>Call Chain = CreateCard &rArr; pn532DesfireWriteData &rArr; DesfireCryptoPreProcessData &rArr; mifare_cbc_block_des &rArr; mifare_cbc_des &rArr; psDesInitKey &rArr; deskey &rArr; cookey
</UL>
<BR>[Calls]<UL><LI><a href="#[45]">&gt;&gt;</a>&nbsp;&nbsp;&nbsp;pn532SelectApplication
<LI><a href="#[4a]">&gt;&gt;</a>&nbsp;&nbsp;&nbsp;pn532DesfireWriteData
<LI><a href="#[49]">&gt;&gt;</a>&nbsp;&nbsp;&nbsp;pn532DesfireCreateFile
<LI><a href="#[48]">&gt;&gt;</a>&nbsp;&nbsp;&nbsp;pn532DesfireChangeKey
<LI><a href="#[46]">&gt;&gt;</a>&nbsp;&nbsp;&nbsp;pn532DesfireAuthenticate
<LI><a href="#[47]">&gt;&gt;</a>&nbsp;&nbsp;&nbsp;pn532CreateApplication
<LI><a href="#[4b]">&gt;&gt;</a>&nbsp;&nbsp;&nbsp;pn532CardRelease
<LI><a href="#[44]">&gt;&gt;</a>&nbsp;&nbsp;&nbsp;pn532CardList
<LI><a href="#[40]">&gt;&gt;</a>&nbsp;&nbsp;&nbsp;delay_ms
</UL>
<BR>[Called By]<UL><LI><a href="#[51]">&gt;&gt;</a>&nbsp;&nbsp;&nbsp;DemoTest
</UL>

<P><STRONG><a name="[4c]"></a>CreditValue</STRONG> (Thumb, 110 bytes, Stack size 24 bytes, demo.o(i.CreditValue))
<BR><BR>[Stack]<UL><LI>Max Depth = 1448<LI>Call Chain = CreditValue &rArr; pn532DesfireCredit &rArr; DesfireCryptoPreProcessData &rArr; mifare_cbc_block_des &rArr; mifare_cbc_des &rArr; psDesInitKey &rArr; deskey &rArr; cookey
</UL>
<BR>[Calls]<UL><LI><a href="#[45]">&gt;&gt;</a>&nbsp;&nbsp;&nbsp;pn532SelectApplication
<LI><a href="#[4d]">&gt;&gt;</a>&nbsp;&nbsp;&nbsp;pn532DesfireCredit
<LI><a href="#[4e]">&gt;&gt;</a>&nbsp;&nbsp;&nbsp;pn532DesfireCommitTransaction
<LI><a href="#[46]">&gt;&gt;</a>&nbsp;&nbsp;&nbsp;pn532DesfireAuthenticate
<LI><a href="#[4b]">&gt;&gt;</a>&nbsp;&nbsp;&nbsp;pn532CardRelease
<LI><a href="#[44]">&gt;&gt;</a>&nbsp;&nbsp;&nbsp;pn532CardList
<LI><a href="#[40]">&gt;&gt;</a>&nbsp;&nbsp;&nbsp;delay_ms
</UL>
<BR>[Called By]<UL><LI><a href="#[51]">&gt;&gt;</a>&nbsp;&nbsp;&nbsp;DemoTest
</UL>

<P><STRONG><a name="[6c]"></a>DateToByteArray</STRONG> (Thumb, 30 bytes, Stack size 0 bytes, demo.o(i.DateToByteArray))
<BR><BR>[Called By]<UL><LI><a href="#[54]">&gt;&gt;</a>&nbsp;&nbsp;&nbsp;InitEmployee
</UL>

<P><STRONG><a name="[4f]"></a>DebitValue</STRONG> (Thumb, 110 bytes, Stack size 24 bytes, demo.o(i.DebitValue))
<BR><BR>[Stack]<UL><LI>Max Depth = 1448<LI>Call Chain = DebitValue &rArr; pn532DesfireDebit &rArr; DesfireCryptoPreProcessData &rArr; mifare_cbc_block_des &rArr; mifare_cbc_des &rArr; psDesInitKey &rArr; deskey &rArr; cookey
</UL>
<BR>[Calls]<UL><LI><a href="#[45]">&gt;&gt;</a>&nbsp;&nbsp;&nbsp;pn532SelectApplication
<LI><a href="#[50]">&gt;&gt;</a>&nbsp;&nbsp;&nbsp;pn532DesfireDebit
<LI><a href="#[4e]">&gt;&gt;</a>&nbsp;&nbsp;&nbsp;pn532DesfireCommitTransaction
<LI><a href="#[46]">&gt;&gt;</a>&nbsp;&nbsp;&nbsp;pn532DesfireAuthenticate
<LI><a href="#[4b]">&gt;&gt;</a>&nbsp;&nbsp;&nbsp;pn532CardRelease
<LI><a href="#[44]">&gt;&gt;</a>&nbsp;&nbsp;&nbsp;pn532CardList
<LI><a href="#[40]">&gt;&gt;</a>&nbsp;&nbsp;&nbsp;delay_ms
</UL>
<BR>[Called By]<UL><LI><a href="#[51]">&gt;&gt;</a>&nbsp;&nbsp;&nbsp;DemoTest
</UL>

<P><STRONG><a name="[7]"></a>DebugMon_Handler</STRONG> (Thumb, 2 bytes, Stack size 0 bytes, stm32f10x_it.o(i.DebugMon_Handler))
<BR>[Address Reference Count : 1]<UL><LI> startup_stm32f10x_md_vl.o(RESET)
</UL>
<P><STRONG><a name="[51]"></a>DemoTest</STRONG> (Thumb, 1146 bytes, Stack size 200 bytes, demo.o(i.DemoTest))
<BR><BR>[Stack]<UL><LI>Max Depth = 2024<LI>Call Chain = DemoTest &rArr; ReadCard &rArr; pn532DesfireReadData &rArr; DesfireCryptoPostProcessData &rArr; mifare_cbc_block_des &rArr; mifare_cbc_des &rArr; psDesInitKey &rArr; deskey &rArr; cookey
</UL>
<BR>[Calls]<UL><LI><a href="#[5f]">&gt;&gt;</a>&nbsp;&nbsp;&nbsp;UARTGetData
<LI><a href="#[5e]">&gt;&gt;</a>&nbsp;&nbsp;&nbsp;IsComingData
<LI><a href="#[59]">&gt;&gt;</a>&nbsp;&nbsp;&nbsp;EmptyMessBuff
<LI><a href="#[52]">&gt;&gt;</a>&nbsp;&nbsp;&nbsp;StartReader
<LI><a href="#[60]">&gt;&gt;</a>&nbsp;&nbsp;&nbsp;RestoreToDefaultCard
<LI><a href="#[5a]">&gt;&gt;</a>&nbsp;&nbsp;&nbsp;ReadCard
<LI><a href="#[54]">&gt;&gt;</a>&nbsp;&nbsp;&nbsp;InitEmployee
<LI><a href="#[58]">&gt;&gt;</a>&nbsp;&nbsp;&nbsp;FormatOldCard
<LI><a href="#[57]">&gt;&gt;</a>&nbsp;&nbsp;&nbsp;FormatNewCard
<LI><a href="#[4f]">&gt;&gt;</a>&nbsp;&nbsp;&nbsp;DebitValue
<LI><a href="#[4c]">&gt;&gt;</a>&nbsp;&nbsp;&nbsp;CreditValue
<LI><a href="#[43]">&gt;&gt;</a>&nbsp;&nbsp;&nbsp;CreateCard
<LI><a href="#[5d]">&gt;&gt;</a>&nbsp;&nbsp;&nbsp;UARTSendData
<LI><a href="#[40]">&gt;&gt;</a>&nbsp;&nbsp;&nbsp;delay_ms
<LI><a href="#[55]">&gt;&gt;</a>&nbsp;&nbsp;&nbsp;SWGetState
<LI><a href="#[56]">&gt;&gt;</a>&nbsp;&nbsp;&nbsp;PBGetState
<LI><a href="#[5c]">&gt;&gt;</a>&nbsp;&nbsp;&nbsp;LEDOn
<LI><a href="#[5b]">&gt;&gt;</a>&nbsp;&nbsp;&nbsp;LEDOff
<LI><a href="#[3f]">&gt;&gt;</a>&nbsp;&nbsp;&nbsp;BuzzerOn
<LI><a href="#[61]">&gt;&gt;</a>&nbsp;&nbsp;&nbsp;__aeabi_memcpy
<LI><a href="#[53]">&gt;&gt;</a>&nbsp;&nbsp;&nbsp;__aeabi_memclr4
</UL>
<BR>[Called By]<UL><LI><a href="#[33]">&gt;&gt;</a>&nbsp;&nbsp;&nbsp;main
</UL>

<P><STRONG><a name="[62]"></a>DesfireCryptoPostProcessData</STRONG> (Thumb, 264 bytes, Stack size 168 bytes, pn532.o(i.DesfireCryptoPostProcessData))
<BR><BR>[Stack]<UL><LI>Max Depth = 1456<LI>Call Chain = DesfireCryptoPostProcessData &rArr; mifare_cbc_block_des &rArr; mifare_cbc_des &rArr; psDesInitKey &rArr; deskey &rArr; cookey
</UL>
<BR>[Calls]<UL><LI><a href="#[61]">&gt;&gt;</a>&nbsp;&nbsp;&nbsp;__aeabi_memcpy
<LI><a href="#[41]">&gt;&gt;</a>&nbsp;&nbsp;&nbsp;CRC16_Generate
<LI><a href="#[65]">&gt;&gt;</a>&nbsp;&nbsp;&nbsp;mifare_cbc_block_des
<LI><a href="#[63]">&gt;&gt;</a>&nbsp;&nbsp;&nbsp;enciphered_data_length
<LI><a href="#[64]">&gt;&gt;</a>&nbsp;&nbsp;&nbsp;bzero
<LI><a href="#[66]">&gt;&gt;</a>&nbsp;&nbsp;&nbsp;memcmp
</UL>
<BR>[Called By]<UL><LI><a href="#[7d]">&gt;&gt;</a>&nbsp;&nbsp;&nbsp;pn532DesfireReadData
<LI><a href="#[7e]">&gt;&gt;</a>&nbsp;&nbsp;&nbsp;pn532DesfireGetValue
</UL>

<P><STRONG><a name="[67]"></a>DesfireCryptoPreProcessData</STRONG> (Thumb, 214 bytes, Stack size 40 bytes, pn532.o(i.DesfireCryptoPreProcessData))
<BR><BR>[Stack]<UL><LI>Max Depth = 1328<LI>Call Chain = DesfireCryptoPreProcessData &rArr; mifare_cbc_block_des &rArr; mifare_cbc_des &rArr; psDesInitKey &rArr; deskey &rArr; cookey
</UL>
<BR>[Calls]<UL><LI><a href="#[61]">&gt;&gt;</a>&nbsp;&nbsp;&nbsp;__aeabi_memcpy
<LI><a href="#[41]">&gt;&gt;</a>&nbsp;&nbsp;&nbsp;CRC16_Generate
<LI><a href="#[65]">&gt;&gt;</a>&nbsp;&nbsp;&nbsp;mifare_cbc_block_des
<LI><a href="#[68]">&gt;&gt;</a>&nbsp;&nbsp;&nbsp;padded_data_length
<LI><a href="#[69]">&gt;&gt;</a>&nbsp;&nbsp;&nbsp;maced_data_length
<LI><a href="#[63]">&gt;&gt;</a>&nbsp;&nbsp;&nbsp;enciphered_data_length
<LI><a href="#[64]">&gt;&gt;</a>&nbsp;&nbsp;&nbsp;bzero
</UL>
<BR>[Called By]<UL><LI><a href="#[4a]">&gt;&gt;</a>&nbsp;&nbsp;&nbsp;pn532DesfireWriteData
<LI><a href="#[50]">&gt;&gt;</a>&nbsp;&nbsp;&nbsp;pn532DesfireDebit
<LI><a href="#[4d]">&gt;&gt;</a>&nbsp;&nbsp;&nbsp;pn532DesfireCredit
</UL>

<P><STRONG><a name="[75]"></a>EXTI_Init</STRONG> (Thumb, 160 bytes, Stack size 0 bytes, stm32f10x_exti.o(i.EXTI_Init))
<BR><BR>[Called By]<UL><LI><a href="#[73]">&gt;&gt;</a>&nbsp;&nbsp;&nbsp;PBInit
</UL>

<P><STRONG><a name="[59]"></a>EmptyMessBuff</STRONG> (Thumb, 26 bytes, Stack size 0 bytes, uart.o(i.EmptyMessBuff))
<BR><BR>[Called By]<UL><LI><a href="#[51]">&gt;&gt;</a>&nbsp;&nbsp;&nbsp;DemoTest
</UL>

<P><STRONG><a name="[57]"></a>FormatNewCard</STRONG> (Thumb, 142 bytes, Stack size 16 bytes, demo.o(i.FormatNewCard))
<BR><BR>[Stack]<UL><LI>Max Depth = 1440<LI>Call Chain = FormatNewCard &rArr; pn532DesfireAuthenticate &rArr; mifare_cbc_des &rArr; psDesInitKey &rArr; deskey &rArr; cookey
</UL>
<BR>[Calls]<UL><LI><a href="#[45]">&gt;&gt;</a>&nbsp;&nbsp;&nbsp;pn532SelectApplication
<LI><a href="#[6b]">&gt;&gt;</a>&nbsp;&nbsp;&nbsp;pn532FormatPICC
<LI><a href="#[6a]">&gt;&gt;</a>&nbsp;&nbsp;&nbsp;pn532DesfireChangeKeySetting
<LI><a href="#[48]">&gt;&gt;</a>&nbsp;&nbsp;&nbsp;pn532DesfireChangeKey
<LI><a href="#[46]">&gt;&gt;</a>&nbsp;&nbsp;&nbsp;pn532DesfireAuthenticate
<LI><a href="#[4b]">&gt;&gt;</a>&nbsp;&nbsp;&nbsp;pn532CardRelease
<LI><a href="#[44]">&gt;&gt;</a>&nbsp;&nbsp;&nbsp;pn532CardList
<LI><a href="#[40]">&gt;&gt;</a>&nbsp;&nbsp;&nbsp;delay_ms
</UL>
<BR>[Called By]<UL><LI><a href="#[51]">&gt;&gt;</a>&nbsp;&nbsp;&nbsp;DemoTest
</UL>

<P><STRONG><a name="[58]"></a>FormatOldCard</STRONG> (Thumb, 86 bytes, Stack size 16 bytes, demo.o(i.FormatOldCard))
<BR><BR>[Stack]<UL><LI>Max Depth = 1440<LI>Call Chain = FormatOldCard &rArr; pn532DesfireAuthenticate &rArr; mifare_cbc_des &rArr; psDesInitKey &rArr; deskey &rArr; cookey
</UL>
<BR>[Calls]<UL><LI><a href="#[45]">&gt;&gt;</a>&nbsp;&nbsp;&nbsp;pn532SelectApplication
<LI><a href="#[6b]">&gt;&gt;</a>&nbsp;&nbsp;&nbsp;pn532FormatPICC
<LI><a href="#[46]">&gt;&gt;</a>&nbsp;&nbsp;&nbsp;pn532DesfireAuthenticate
<LI><a href="#[4b]">&gt;&gt;</a>&nbsp;&nbsp;&nbsp;pn532CardRelease
<LI><a href="#[44]">&gt;&gt;</a>&nbsp;&nbsp;&nbsp;pn532CardList
<LI><a href="#[40]">&gt;&gt;</a>&nbsp;&nbsp;&nbsp;delay_ms
</UL>
<BR>[Called By]<UL><LI><a href="#[51]">&gt;&gt;</a>&nbsp;&nbsp;&nbsp;DemoTest
</UL>

<P><STRONG><a name="[74]"></a>GPIO_EXTILineConfig</STRONG> (Thumb, 60 bytes, Stack size 12 bytes, stm32f10x_gpio.o(i.GPIO_EXTILineConfig))
<BR><BR>[Stack]<UL><LI>Max Depth = 12<LI>Call Chain = GPIO_EXTILineConfig
</UL>
<BR>[Called By]<UL><LI><a href="#[73]">&gt;&gt;</a>&nbsp;&nbsp;&nbsp;PBInit
</UL>

<P><STRONG><a name="[3e]"></a>GPIO_Init</STRONG> (Thumb, 274 bytes, Stack size 24 bytes, stm32f10x_gpio.o(i.GPIO_Init))
<BR><BR>[Stack]<UL><LI>Max Depth = 24<LI>Call Chain = GPIO_Init
</UL>
<BR>[Called By]<UL><LI><a href="#[8a]">&gt;&gt;</a>&nbsp;&nbsp;&nbsp;UARTInit
<LI><a href="#[7f]">&gt;&gt;</a>&nbsp;&nbsp;&nbsp;SWInit
<LI><a href="#[73]">&gt;&gt;</a>&nbsp;&nbsp;&nbsp;PBInit
<LI><a href="#[6e]">&gt;&gt;</a>&nbsp;&nbsp;&nbsp;LEDInit
<LI><a href="#[3c]">&gt;&gt;</a>&nbsp;&nbsp;&nbsp;BuzzerInit
<LI><a href="#[af]">&gt;&gt;</a>&nbsp;&nbsp;&nbsp;sPN532_LowLevel_Init
<LI><a href="#[ae]">&gt;&gt;</a>&nbsp;&nbsp;&nbsp;pn532HWInit
</UL>

<P><STRONG><a name="[6f]"></a>GPIO_PinRemapConfig</STRONG> (Thumb, 138 bytes, Stack size 20 bytes, stm32f10x_gpio.o(i.GPIO_PinRemapConfig))
<BR><BR>[Stack]<UL><LI>Max Depth = 20<LI>Call Chain = GPIO_PinRemapConfig
</UL>
<BR>[Called By]<UL><LI><a href="#[33]">&gt;&gt;</a>&nbsp;&nbsp;&nbsp;main
<LI><a href="#[6e]">&gt;&gt;</a>&nbsp;&nbsp;&nbsp;LEDInit
</UL>

<P><STRONG><a name="[72]"></a>GPIO_ReadInputDataBit</STRONG> (Thumb, 18 bytes, Stack size 0 bytes, stm32f10x_gpio.o(i.GPIO_ReadInputDataBit))
<BR><BR>[Called By]<UL><LI><a href="#[55]">&gt;&gt;</a>&nbsp;&nbsp;&nbsp;SWGetState
<LI><a href="#[56]">&gt;&gt;</a>&nbsp;&nbsp;&nbsp;PBGetState
<LI><a href="#[77]">&gt;&gt;</a>&nbsp;&nbsp;&nbsp;PN532_IRQGetState
</UL>

<P><STRONG><a name="[b6]"></a>GPIO_ResetBits</STRONG> (Thumb, 4 bytes, Stack size 0 bytes, stm32f10x_gpio.o(i.GPIO_ResetBits))
<BR><BR>[Called By]<UL><LI><a href="#[af]">&gt;&gt;</a>&nbsp;&nbsp;&nbsp;sPN532_LowLevel_Init
<LI><a href="#[ba]">&gt;&gt;</a>&nbsp;&nbsp;&nbsp;sPN532_SendFrame
<LI><a href="#[bb]">&gt;&gt;</a>&nbsp;&nbsp;&nbsp;sPN532_ReadFrame
<LI><a href="#[b4]">&gt;&gt;</a>&nbsp;&nbsp;&nbsp;pn532Wakeup
<LI><a href="#[aa]">&gt;&gt;</a>&nbsp;&nbsp;&nbsp;pn532ReadResponse
</UL>

<P><STRONG><a name="[b0]"></a>GPIO_SetBits</STRONG> (Thumb, 4 bytes, Stack size 0 bytes, stm32f10x_gpio.o(i.GPIO_SetBits))
<BR><BR>[Called By]<UL><LI><a href="#[af]">&gt;&gt;</a>&nbsp;&nbsp;&nbsp;sPN532_LowLevel_Init
<LI><a href="#[ba]">&gt;&gt;</a>&nbsp;&nbsp;&nbsp;sPN532_SendFrame
<LI><a href="#[bb]">&gt;&gt;</a>&nbsp;&nbsp;&nbsp;sPN532_ReadFrame
<LI><a href="#[aa]">&gt;&gt;</a>&nbsp;&nbsp;&nbsp;pn532ReadResponse
<LI><a href="#[ae]">&gt;&gt;</a>&nbsp;&nbsp;&nbsp;pn532HWInit
</UL>

<P><STRONG><a name="[2]"></a>HardFault_Handler</STRONG> (Thumb, 4 bytes, Stack size 0 bytes, stm32f10x_it.o(i.HardFault_Handler))
<BR>[Address Reference Count : 1]<UL><LI> startup_stm32f10x_md_vl.o(RESET)
</UL>
<P><STRONG><a name="[54]"></a>InitEmployee</STRONG> (Thumb, 92 bytes, Stack size 40 bytes, demo.o(i.InitEmployee))
<BR><BR>[Stack]<UL><LI>Max Depth = 48<LI>Call Chain = InitEmployee &rArr; WorkingToByteArray
</UL>
<BR>[Calls]<UL><LI><a href="#[6d]">&gt;&gt;</a>&nbsp;&nbsp;&nbsp;WorkingToByteArray
<LI><a href="#[6c]">&gt;&gt;</a>&nbsp;&nbsp;&nbsp;DateToByteArray
<LI><a href="#[61]">&gt;&gt;</a>&nbsp;&nbsp;&nbsp;__aeabi_memcpy
</UL>
<BR>[Called By]<UL><LI><a href="#[51]">&gt;&gt;</a>&nbsp;&nbsp;&nbsp;DemoTest
</UL>

<P><STRONG><a name="[5e]"></a>IsComingData</STRONG> (Thumb, 46 bytes, Stack size 0 bytes, uart.o(i.IsComingData))
<BR><BR>[Called By]<UL><LI><a href="#[51]">&gt;&gt;</a>&nbsp;&nbsp;&nbsp;DemoTest
</UL>

<P><STRONG><a name="[6e]"></a>LEDInit</STRONG> (Thumb, 162 bytes, Stack size 16 bytes, stm32sunid.o(i.LEDInit))
<BR><BR>[Stack]<UL><LI>Max Depth = 40<LI>Call Chain = LEDInit &rArr; GPIO_Init
</UL>
<BR>[Calls]<UL><LI><a href="#[3d]">&gt;&gt;</a>&nbsp;&nbsp;&nbsp;RCC_APB2PeriphClockCmd
<LI><a href="#[6f]">&gt;&gt;</a>&nbsp;&nbsp;&nbsp;GPIO_PinRemapConfig
<LI><a href="#[3e]">&gt;&gt;</a>&nbsp;&nbsp;&nbsp;GPIO_Init
</UL>
<BR>[Called By]<UL><LI><a href="#[52]">&gt;&gt;</a>&nbsp;&nbsp;&nbsp;StartReader
</UL>

<P><STRONG><a name="[5b]"></a>LEDOff</STRONG> (Thumb, 48 bytes, Stack size 0 bytes, stm32sunid.o(i.LEDOff))
<BR><BR>[Called By]<UL><LI><a href="#[51]">&gt;&gt;</a>&nbsp;&nbsp;&nbsp;DemoTest
</UL>

<P><STRONG><a name="[5c]"></a>LEDOn</STRONG> (Thumb, 48 bytes, Stack size 0 bytes, stm32sunid.o(i.LEDOn))
<BR><BR>[Called By]<UL><LI><a href="#[51]">&gt;&gt;</a>&nbsp;&nbsp;&nbsp;DemoTest
</UL>

<P><STRONG><a name="[3]"></a>MemManage_Handler</STRONG> (Thumb, 4 bytes, Stack size 0 bytes, stm32f10x_it.o(i.MemManage_Handler))
<BR>[Address Reference Count : 1]<UL><LI> startup_stm32f10x_md_vl.o(RESET)
</UL>
<P><STRONG><a name="[1]"></a>NMI_Handler</STRONG> (Thumb, 4 bytes, Stack size 0 bytes, stm32f10x_it.o(i.NMI_Handler))
<BR>[Address Reference Count : 1]<UL><LI> startup_stm32f10x_md_vl.o(RESET)
</UL>
<P><STRONG><a name="[70]"></a>NVIC_Configuration</STRONG> (Thumb, 14 bytes, Stack size 8 bytes, main.o(i.NVIC_Configuration))
<BR><BR>[Stack]<UL><LI>Max Depth = 8<LI>Call Chain = NVIC_Configuration
</UL>
<BR>[Calls]<UL><LI><a href="#[71]">&gt;&gt;</a>&nbsp;&nbsp;&nbsp;NVIC_SetVectorTable
</UL>
<BR>[Called By]<UL><LI><a href="#[33]">&gt;&gt;</a>&nbsp;&nbsp;&nbsp;main
</UL>

<P><STRONG><a name="[76]"></a>NVIC_Init</STRONG> (Thumb, 102 bytes, Stack size 16 bytes, misc.o(i.NVIC_Init))
<BR><BR>[Stack]<UL><LI>Max Depth = 16<LI>Call Chain = NVIC_Init
</UL>
<BR>[Called By]<UL><LI><a href="#[8a]">&gt;&gt;</a>&nbsp;&nbsp;&nbsp;UARTInit
<LI><a href="#[73]">&gt;&gt;</a>&nbsp;&nbsp;&nbsp;PBInit
</UL>

<P><STRONG><a name="[92]"></a>NVIC_PriorityGroupConfig</STRONG> (Thumb, 10 bytes, Stack size 0 bytes, misc.o(i.NVIC_PriorityGroupConfig))
<BR><BR>[Called By]<UL><LI><a href="#[8a]">&gt;&gt;</a>&nbsp;&nbsp;&nbsp;UARTInit
</UL>

<P><STRONG><a name="[71]"></a>NVIC_SetVectorTable</STRONG> (Thumb, 12 bytes, Stack size 0 bytes, misc.o(i.NVIC_SetVectorTable))
<BR><BR>[Called By]<UL><LI><a href="#[70]">&gt;&gt;</a>&nbsp;&nbsp;&nbsp;NVIC_Configuration
</UL>

<P><STRONG><a name="[56]"></a>PBGetState</STRONG> (Thumb, 22 bytes, Stack size 8 bytes, stm32sunid.o(i.PBGetState))
<BR><BR>[Stack]<UL><LI>Max Depth = 8<LI>Call Chain = PBGetState
</UL>
<BR>[Calls]<UL><LI><a href="#[72]">&gt;&gt;</a>&nbsp;&nbsp;&nbsp;GPIO_ReadInputDataBit
</UL>
<BR>[Called By]<UL><LI><a href="#[51]">&gt;&gt;</a>&nbsp;&nbsp;&nbsp;DemoTest
</UL>

<P><STRONG><a name="[73]"></a>PBInit</STRONG> (Thumb, 142 bytes, Stack size 32 bytes, stm32sunid.o(i.PBInit))
<BR><BR>[Stack]<UL><LI>Max Depth = 56<LI>Call Chain = PBInit &rArr; GPIO_Init
</UL>
<BR>[Calls]<UL><LI><a href="#[3d]">&gt;&gt;</a>&nbsp;&nbsp;&nbsp;RCC_APB2PeriphClockCmd
<LI><a href="#[3e]">&gt;&gt;</a>&nbsp;&nbsp;&nbsp;GPIO_Init
<LI><a href="#[74]">&gt;&gt;</a>&nbsp;&nbsp;&nbsp;GPIO_EXTILineConfig
<LI><a href="#[75]">&gt;&gt;</a>&nbsp;&nbsp;&nbsp;EXTI_Init
<LI><a href="#[76]">&gt;&gt;</a>&nbsp;&nbsp;&nbsp;NVIC_Init
</UL>
<BR>[Called By]<UL><LI><a href="#[52]">&gt;&gt;</a>&nbsp;&nbsp;&nbsp;StartReader
</UL>

<P><STRONG><a name="[77]"></a>PN532_IRQGetState</STRONG> (Thumb, 12 bytes, Stack size 8 bytes, pn532_drvr.o(i.PN532_IRQGetState))
<BR><BR>[Stack]<UL><LI>Max Depth = 8<LI>Call Chain = PN532_IRQGetState
</UL>
<BR>[Calls]<UL><LI><a href="#[72]">&gt;&gt;</a>&nbsp;&nbsp;&nbsp;GPIO_ReadInputDataBit
</UL>
<BR>[Called By]<UL><LI><a href="#[b5]">&gt;&gt;</a>&nbsp;&nbsp;&nbsp;pn532IsReady
</UL>

<P><STRONG><a name="[8]"></a>PendSV_Handler</STRONG> (Thumb, 2 bytes, Stack size 0 bytes, stm32f10x_it.o(i.PendSV_Handler))
<BR>[Address Reference Count : 1]<UL><LI> startup_stm32f10x_md_vl.o(RESET)
</UL>
<P><STRONG><a name="[91]"></a>RCC_APB1PeriphClockCmd</STRONG> (Thumb, 26 bytes, Stack size 0 bytes, stm32f10x_rcc.o(i.RCC_APB1PeriphClockCmd))
<BR><BR>[Called By]<UL><LI><a href="#[8a]">&gt;&gt;</a>&nbsp;&nbsp;&nbsp;UARTInit
</UL>

<P><STRONG><a name="[3d]"></a>RCC_APB2PeriphClockCmd</STRONG> (Thumb, 26 bytes, Stack size 0 bytes, stm32f10x_rcc.o(i.RCC_APB2PeriphClockCmd))
<BR><BR>[Called By]<UL><LI><a href="#[83]">&gt;&gt;</a>&nbsp;&nbsp;&nbsp;SetSysClockTo24
<LI><a href="#[8a]">&gt;&gt;</a>&nbsp;&nbsp;&nbsp;UARTInit
<LI><a href="#[7f]">&gt;&gt;</a>&nbsp;&nbsp;&nbsp;SWInit
<LI><a href="#[73]">&gt;&gt;</a>&nbsp;&nbsp;&nbsp;PBInit
<LI><a href="#[6e]">&gt;&gt;</a>&nbsp;&nbsp;&nbsp;LEDInit
<LI><a href="#[3c]">&gt;&gt;</a>&nbsp;&nbsp;&nbsp;BuzzerInit
<LI><a href="#[af]">&gt;&gt;</a>&nbsp;&nbsp;&nbsp;sPN532_LowLevel_Init
<LI><a href="#[ae]">&gt;&gt;</a>&nbsp;&nbsp;&nbsp;pn532HWInit
</UL>

<P><STRONG><a name="[79]"></a>RCC_ClearITPendingBit</STRONG> (Thumb, 6 bytes, Stack size 0 bytes, stm32f10x_rcc.o(i.RCC_ClearITPendingBit))
<BR><BR>[Called By]<UL><LI><a href="#[f]">&gt;&gt;</a>&nbsp;&nbsp;&nbsp;RCC_IRQHandler
</UL>

<P><STRONG><a name="[84]"></a>RCC_DeInit</STRONG> (Thumb, 68 bytes, Stack size 0 bytes, stm32f10x_rcc.o(i.RCC_DeInit))
<BR><BR>[Called By]<UL><LI><a href="#[83]">&gt;&gt;</a>&nbsp;&nbsp;&nbsp;SetSysClockTo24
</UL>

<P><STRONG><a name="[9f]"></a>RCC_GetClocksFreq</STRONG> (Thumb, 190 bytes, Stack size 16 bytes, stm32f10x_rcc.o(i.RCC_GetClocksFreq))
<BR><BR>[Stack]<UL><LI>Max Depth = 16<LI>Call Chain = RCC_GetClocksFreq
</UL>
<BR>[Called By]<UL><LI><a href="#[93]">&gt;&gt;</a>&nbsp;&nbsp;&nbsp;USART_Init
<LI><a href="#[33]">&gt;&gt;</a>&nbsp;&nbsp;&nbsp;main
</UL>

<P><STRONG><a name="[7a]"></a>RCC_GetFlagStatus</STRONG> (Thumb, 56 bytes, Stack size 8 bytes, stm32f10x_rcc.o(i.RCC_GetFlagStatus))
<BR><BR>[Stack]<UL><LI>Max Depth = 8<LI>Call Chain = RCC_GetFlagStatus
</UL>
<BR>[Called By]<UL><LI><a href="#[f]">&gt;&gt;</a>&nbsp;&nbsp;&nbsp;RCC_IRQHandler
<LI><a href="#[83]">&gt;&gt;</a>&nbsp;&nbsp;&nbsp;SetSysClockTo24
</UL>

<P><STRONG><a name="[78]"></a>RCC_GetITStatus</STRONG> (Thumb, 20 bytes, Stack size 0 bytes, stm32f10x_rcc.o(i.RCC_GetITStatus))
<BR><BR>[Called By]<UL><LI><a href="#[f]">&gt;&gt;</a>&nbsp;&nbsp;&nbsp;RCC_IRQHandler
</UL>

<P><STRONG><a name="[89]"></a>RCC_GetSYSCLKSource</STRONG> (Thumb, 10 bytes, Stack size 0 bytes, stm32f10x_rcc.o(i.RCC_GetSYSCLKSource))
<BR><BR>[Called By]<UL><LI><a href="#[83]">&gt;&gt;</a>&nbsp;&nbsp;&nbsp;SetSysClockTo24
</UL>

<P><STRONG><a name="[85]"></a>RCC_HCLKConfig</STRONG> (Thumb, 18 bytes, Stack size 0 bytes, stm32f10x_rcc.o(i.RCC_HCLKConfig))
<BR><BR>[Called By]<UL><LI><a href="#[83]">&gt;&gt;</a>&nbsp;&nbsp;&nbsp;SetSysClockTo24
</UL>

<P><STRONG><a name="[f]"></a>RCC_IRQHandler</STRONG> (Thumb, 60 bytes, Stack size 8 bytes, stm32f10x_it.o(i.RCC_IRQHandler))
<BR><BR>[Stack]<UL><LI>Max Depth = 16<LI>Call Chain = RCC_IRQHandler &rArr; RCC_GetFlagStatus
</UL>
<BR>[Calls]<UL><LI><a href="#[7c]">&gt;&gt;</a>&nbsp;&nbsp;&nbsp;RCC_SYSCLKConfig
<LI><a href="#[7b]">&gt;&gt;</a>&nbsp;&nbsp;&nbsp;RCC_PLLCmd
<LI><a href="#[78]">&gt;&gt;</a>&nbsp;&nbsp;&nbsp;RCC_GetITStatus
<LI><a href="#[7a]">&gt;&gt;</a>&nbsp;&nbsp;&nbsp;RCC_GetFlagStatus
<LI><a href="#[79]">&gt;&gt;</a>&nbsp;&nbsp;&nbsp;RCC_ClearITPendingBit
</UL>
<BR>[Address Reference Count : 1]<UL><LI> startup_stm32f10x_md_vl.o(RESET)
</UL>
<P><STRONG><a name="[87]"></a>RCC_PCLK1Config</STRONG> (Thumb, 18 bytes, Stack size 0 bytes, stm32f10x_rcc.o(i.RCC_PCLK1Config))
<BR><BR>[Called By]<UL><LI><a href="#[83]">&gt;&gt;</a>&nbsp;&nbsp;&nbsp;SetSysClockTo24
</UL>

<P><STRONG><a name="[86]"></a>RCC_PCLK2Config</STRONG> (Thumb, 20 bytes, Stack size 0 bytes, stm32f10x_rcc.o(i.RCC_PCLK2Config))
<BR><BR>[Called By]<UL><LI><a href="#[83]">&gt;&gt;</a>&nbsp;&nbsp;&nbsp;SetSysClockTo24
</UL>

<P><STRONG><a name="[7b]"></a>RCC_PLLCmd</STRONG> (Thumb, 6 bytes, Stack size 0 bytes, stm32f10x_rcc.o(i.RCC_PLLCmd))
<BR><BR>[Called By]<UL><LI><a href="#[f]">&gt;&gt;</a>&nbsp;&nbsp;&nbsp;RCC_IRQHandler
<LI><a href="#[83]">&gt;&gt;</a>&nbsp;&nbsp;&nbsp;SetSysClockTo24
</UL>

<P><STRONG><a name="[88]"></a>RCC_PLLConfig</STRONG> (Thumb, 24 bytes, Stack size 0 bytes, stm32f10x_rcc.o(i.RCC_PLLConfig))
<BR><BR>[Called By]<UL><LI><a href="#[83]">&gt;&gt;</a>&nbsp;&nbsp;&nbsp;SetSysClockTo24
</UL>

<P><STRONG><a name="[7c]"></a>RCC_SYSCLKConfig</STRONG> (Thumb, 18 bytes, Stack size 0 bytes, stm32f10x_rcc.o(i.RCC_SYSCLKConfig))
<BR><BR>[Called By]<UL><LI><a href="#[f]">&gt;&gt;</a>&nbsp;&nbsp;&nbsp;RCC_IRQHandler
<LI><a href="#[83]">&gt;&gt;</a>&nbsp;&nbsp;&nbsp;SetSysClockTo24
</UL>

<P><STRONG><a name="[5a]"></a>ReadCard</STRONG> (Thumb, 176 bytes, Stack size 56 bytes, demo.o(i.ReadCard))
<BR><BR>[Stack]<UL><LI>Max Depth = 1824<LI>Call Chain = ReadCard &rArr; pn532DesfireReadData &rArr; DesfireCryptoPostProcessData &rArr; mifare_cbc_block_des &rArr; mifare_cbc_des &rArr; psDesInitKey &rArr; deskey &rArr; cookey
</UL>
<BR>[Calls]<UL><LI><a href="#[45]">&gt;&gt;</a>&nbsp;&nbsp;&nbsp;pn532SelectApplication
<LI><a href="#[7d]">&gt;&gt;</a>&nbsp;&nbsp;&nbsp;pn532DesfireReadData
<LI><a href="#[7e]">&gt;&gt;</a>&nbsp;&nbsp;&nbsp;pn532DesfireGetValue
<LI><a href="#[46]">&gt;&gt;</a>&nbsp;&nbsp;&nbsp;pn532DesfireAuthenticate
<LI><a href="#[4b]">&gt;&gt;</a>&nbsp;&nbsp;&nbsp;pn532CardRelease
<LI><a href="#[44]">&gt;&gt;</a>&nbsp;&nbsp;&nbsp;pn532CardList
<LI><a href="#[40]">&gt;&gt;</a>&nbsp;&nbsp;&nbsp;delay_ms
</UL>
<BR>[Called By]<UL><LI><a href="#[51]">&gt;&gt;</a>&nbsp;&nbsp;&nbsp;DemoTest
</UL>

<P><STRONG><a name="[60]"></a>RestoreToDefaultCard</STRONG> (Thumb, 154 bytes, Stack size 16 bytes, demo.o(i.RestoreToDefaultCard))
<BR><BR>[Stack]<UL><LI>Max Depth = 1440<LI>Call Chain = RestoreToDefaultCard &rArr; pn532DesfireAuthenticate &rArr; mifare_cbc_des &rArr; psDesInitKey &rArr; deskey &rArr; cookey
</UL>
<BR>[Calls]<UL><LI><a href="#[45]">&gt;&gt;</a>&nbsp;&nbsp;&nbsp;pn532SelectApplication
<LI><a href="#[6b]">&gt;&gt;</a>&nbsp;&nbsp;&nbsp;pn532FormatPICC
<LI><a href="#[6a]">&gt;&gt;</a>&nbsp;&nbsp;&nbsp;pn532DesfireChangeKeySetting
<LI><a href="#[48]">&gt;&gt;</a>&nbsp;&nbsp;&nbsp;pn532DesfireChangeKey
<LI><a href="#[46]">&gt;&gt;</a>&nbsp;&nbsp;&nbsp;pn532DesfireAuthenticate
<LI><a href="#[4b]">&gt;&gt;</a>&nbsp;&nbsp;&nbsp;pn532CardRelease
<LI><a href="#[44]">&gt;&gt;</a>&nbsp;&nbsp;&nbsp;pn532CardList
<LI><a href="#[40]">&gt;&gt;</a>&nbsp;&nbsp;&nbsp;delay_ms
</UL>
<BR>[Called By]<UL><LI><a href="#[51]">&gt;&gt;</a>&nbsp;&nbsp;&nbsp;DemoTest
</UL>

<P><STRONG><a name="[b2]"></a>SPI_Cmd</STRONG> (Thumb, 24 bytes, Stack size 0 bytes, stm32f10x_spi.o(i.SPI_Cmd))
<BR><BR>[Called By]<UL><LI><a href="#[ae]">&gt;&gt;</a>&nbsp;&nbsp;&nbsp;pn532HWInit
</UL>

<P><STRONG><a name="[be]"></a>SPI_I2S_GetFlagStatus</STRONG> (Thumb, 18 bytes, Stack size 0 bytes, stm32f10x_spi.o(i.SPI_I2S_GetFlagStatus))
<BR><BR>[Called By]<UL><LI><a href="#[b7]">&gt;&gt;</a>&nbsp;&nbsp;&nbsp;sPN532_SendByte
</UL>

<P><STRONG><a name="[c0]"></a>SPI_I2S_ReceiveData</STRONG> (Thumb, 6 bytes, Stack size 0 bytes, stm32f10x_spi.o(i.SPI_I2S_ReceiveData))
<BR><BR>[Called By]<UL><LI><a href="#[b7]">&gt;&gt;</a>&nbsp;&nbsp;&nbsp;sPN532_SendByte
</UL>

<P><STRONG><a name="[bf]"></a>SPI_I2S_SendData</STRONG> (Thumb, 4 bytes, Stack size 0 bytes, stm32f10x_spi.o(i.SPI_I2S_SendData))
<BR><BR>[Called By]<UL><LI><a href="#[b7]">&gt;&gt;</a>&nbsp;&nbsp;&nbsp;sPN532_SendByte
</UL>

<P><STRONG><a name="[b1]"></a>SPI_Init</STRONG> (Thumb, 60 bytes, Stack size 8 bytes, stm32f10x_spi.o(i.SPI_Init))
<BR><BR>[Stack]<UL><LI>Max Depth = 8<LI>Call Chain = SPI_Init
</UL>
<BR>[Called By]<UL><LI><a href="#[ae]">&gt;&gt;</a>&nbsp;&nbsp;&nbsp;pn532HWInit
</UL>

<P><STRONG><a name="[6]"></a>SVC_Handler</STRONG> (Thumb, 2 bytes, Stack size 0 bytes, stm32f10x_it.o(i.SVC_Handler))
<BR>[Address Reference Count : 1]<UL><LI> startup_stm32f10x_md_vl.o(RESET)
</UL>
<P><STRONG><a name="[55]"></a>SWGetState</STRONG> (Thumb, 22 bytes, Stack size 8 bytes, stm32sunid.o(i.SWGetState))
<BR><BR>[Stack]<UL><LI>Max Depth = 8<LI>Call Chain = SWGetState
</UL>
<BR>[Calls]<UL><LI><a href="#[72]">&gt;&gt;</a>&nbsp;&nbsp;&nbsp;GPIO_ReadInputDataBit
</UL>
<BR>[Called By]<UL><LI><a href="#[51]">&gt;&gt;</a>&nbsp;&nbsp;&nbsp;DemoTest
</UL>

<P><STRONG><a name="[7f]"></a>SWInit</STRONG> (Thumb, 116 bytes, Stack size 24 bytes, stm32sunid.o(i.SWInit))
<BR><BR>[Stack]<UL><LI>Max Depth = 48<LI>Call Chain = SWInit &rArr; GPIO_Init
</UL>
<BR>[Calls]<UL><LI><a href="#[3d]">&gt;&gt;</a>&nbsp;&nbsp;&nbsp;RCC_APB2PeriphClockCmd
<LI><a href="#[3e]">&gt;&gt;</a>&nbsp;&nbsp;&nbsp;GPIO_Init
</UL>
<BR>[Called By]<UL><LI><a href="#[52]">&gt;&gt;</a>&nbsp;&nbsp;&nbsp;StartReader
</UL>

<P><STRONG><a name="[82]"></a>SetSysClock</STRONG> (Thumb, 8 bytes, Stack size 8 bytes, main.o(i.SetSysClock))
<BR><BR>[Stack]<UL><LI>Max Depth = 24<LI>Call Chain = SetSysClock &rArr; SetSysClockTo24 &rArr; RCC_GetFlagStatus
</UL>
<BR>[Calls]<UL><LI><a href="#[83]">&gt;&gt;</a>&nbsp;&nbsp;&nbsp;SetSysClockTo24
</UL>
<BR>[Called By]<UL><LI><a href="#[33]">&gt;&gt;</a>&nbsp;&nbsp;&nbsp;main
</UL>

<P><STRONG><a name="[83]"></a>SetSysClockTo24</STRONG> (Thumb, 78 bytes, Stack size 8 bytes, main.o(i.SetSysClockTo24))
<BR><BR>[Stack]<UL><LI>Max Depth = 16<LI>Call Chain = SetSysClockTo24 &rArr; RCC_GetFlagStatus
</UL>
<BR>[Calls]<UL><LI><a href="#[7c]">&gt;&gt;</a>&nbsp;&nbsp;&nbsp;RCC_SYSCLKConfig
<LI><a href="#[88]">&gt;&gt;</a>&nbsp;&nbsp;&nbsp;RCC_PLLConfig
<LI><a href="#[7b]">&gt;&gt;</a>&nbsp;&nbsp;&nbsp;RCC_PLLCmd
<LI><a href="#[86]">&gt;&gt;</a>&nbsp;&nbsp;&nbsp;RCC_PCLK2Config
<LI><a href="#[87]">&gt;&gt;</a>&nbsp;&nbsp;&nbsp;RCC_PCLK1Config
<LI><a href="#[85]">&gt;&gt;</a>&nbsp;&nbsp;&nbsp;RCC_HCLKConfig
<LI><a href="#[89]">&gt;&gt;</a>&nbsp;&nbsp;&nbsp;RCC_GetSYSCLKSource
<LI><a href="#[7a]">&gt;&gt;</a>&nbsp;&nbsp;&nbsp;RCC_GetFlagStatus
<LI><a href="#[84]">&gt;&gt;</a>&nbsp;&nbsp;&nbsp;RCC_DeInit
<LI><a href="#[3d]">&gt;&gt;</a>&nbsp;&nbsp;&nbsp;RCC_APB2PeriphClockCmd
</UL>
<BR>[Called By]<UL><LI><a href="#[82]">&gt;&gt;</a>&nbsp;&nbsp;&nbsp;SetSysClock
</UL>

<P><STRONG><a name="[52]"></a>StartReader</STRONG> (Thumb, 88 bytes, Stack size 8 bytes, demo.o(i.StartReader))
<BR><BR>[Stack]<UL><LI>Max Depth = 520<LI>Call Chain = StartReader &rArr; pn532SAMConfigure &rArr; pn532SetRegister &rArr; pn532GetRegister &rArr; pn532SendCommand &rArr; sPN532_ReadFrame &rArr; sPN532_SendByte
</UL>
<BR>[Calls]<UL><LI><a href="#[8d]">&gt;&gt;</a>&nbsp;&nbsp;&nbsp;pn532SAMConfigure
<LI><a href="#[8b]">&gt;&gt;</a>&nbsp;&nbsp;&nbsp;pn532Init
<LI><a href="#[8c]">&gt;&gt;</a>&nbsp;&nbsp;&nbsp;pn532GetFirmware
<LI><a href="#[40]">&gt;&gt;</a>&nbsp;&nbsp;&nbsp;delay_ms
<LI><a href="#[8a]">&gt;&gt;</a>&nbsp;&nbsp;&nbsp;UARTInit
<LI><a href="#[7f]">&gt;&gt;</a>&nbsp;&nbsp;&nbsp;SWInit
<LI><a href="#[73]">&gt;&gt;</a>&nbsp;&nbsp;&nbsp;PBInit
<LI><a href="#[6e]">&gt;&gt;</a>&nbsp;&nbsp;&nbsp;LEDInit
<LI><a href="#[3f]">&gt;&gt;</a>&nbsp;&nbsp;&nbsp;BuzzerOn
<LI><a href="#[3c]">&gt;&gt;</a>&nbsp;&nbsp;&nbsp;BuzzerInit
</UL>
<BR>[Called By]<UL><LI><a href="#[51]">&gt;&gt;</a>&nbsp;&nbsp;&nbsp;DemoTest
</UL>

<P><STRONG><a name="[9]"></a>SysTick_Handler</STRONG> (Thumb, 8 bytes, Stack size 8 bytes, stm32f10x_it.o(i.SysTick_Handler))
<BR><BR>[Stack]<UL><LI>Max Depth = 8<LI>Call Chain = SysTick_Handler
</UL>
<BR>[Calls]<UL><LI><a href="#[8e]">&gt;&gt;</a>&nbsp;&nbsp;&nbsp;VTimer_Service
</UL>
<BR>[Address Reference Count : 1]<UL><LI> startup_stm32f10x_md_vl.o(RESET)
</UL>
<P><STRONG><a name="[34]"></a>SystemInit</STRONG> (Thumb, 74 bytes, Stack size 8 bytes, system_stm32f10x.o(i.SystemInit))
<BR><BR>[Stack]<UL><LI>Max Depth = 16<LI>Call Chain = SystemInit &rArr; SetSysClock
</UL>
<BR>[Calls]<UL><LI><a href="#[80]">&gt;&gt;</a>&nbsp;&nbsp;&nbsp;SetSysClock
</UL>
<BR>[Address Reference Count : 1]<UL><LI> startup_stm32f10x_md_vl.o(.text)
</UL>
<P><STRONG><a name="[22]"></a>TIM2_IRQHandler</STRONG> (Thumb, 24 bytes, Stack size 8 bytes, stm32f10x_it.o(i.TIM2_IRQHandler))
<BR><BR>[Stack]<UL><LI>Max Depth = 20<LI>Call Chain = TIM2_IRQHandler &rArr; TIM_GetITStatus
</UL>
<BR>[Calls]<UL><LI><a href="#[8f]">&gt;&gt;</a>&nbsp;&nbsp;&nbsp;TIM_GetITStatus
<LI><a href="#[90]">&gt;&gt;</a>&nbsp;&nbsp;&nbsp;TIM_ClearITPendingBit
</UL>
<BR>[Address Reference Count : 1]<UL><LI> startup_stm32f10x_md_vl.o(RESET)
</UL>
<P><STRONG><a name="[90]"></a>TIM_ClearITPendingBit</STRONG> (Thumb, 6 bytes, Stack size 0 bytes, stm32f10x_tim.o(i.TIM_ClearITPendingBit))
<BR><BR>[Called By]<UL><LI><a href="#[22]">&gt;&gt;</a>&nbsp;&nbsp;&nbsp;TIM2_IRQHandler
</UL>

<P><STRONG><a name="[8f]"></a>TIM_GetITStatus</STRONG> (Thumb, 34 bytes, Stack size 12 bytes, stm32f10x_tim.o(i.TIM_GetITStatus))
<BR><BR>[Stack]<UL><LI>Max Depth = 12<LI>Call Chain = TIM_GetITStatus
</UL>
<BR>[Called By]<UL><LI><a href="#[22]">&gt;&gt;</a>&nbsp;&nbsp;&nbsp;TIM2_IRQHandler
</UL>

<P><STRONG><a name="[5f]"></a>UARTGetData</STRONG> (Thumb, 132 bytes, Stack size 20 bytes, uart.o(i.UARTGetData))
<BR><BR>[Stack]<UL><LI>Max Depth = 20<LI>Call Chain = UARTGetData
</UL>
<BR>[Called By]<UL><LI><a href="#[51]">&gt;&gt;</a>&nbsp;&nbsp;&nbsp;DemoTest
</UL>

<P><STRONG><a name="[8a]"></a>UARTInit</STRONG> (Thumb, 188 bytes, Stack size 32 bytes, uart.o(i.UARTInit))
<BR><BR>[Stack]<UL><LI>Max Depth = 104<LI>Call Chain = UARTInit &rArr; USART_Init &rArr; RCC_GetClocksFreq
</UL>
<BR>[Calls]<UL><LI><a href="#[3d]">&gt;&gt;</a>&nbsp;&nbsp;&nbsp;RCC_APB2PeriphClockCmd
<LI><a href="#[91]">&gt;&gt;</a>&nbsp;&nbsp;&nbsp;RCC_APB1PeriphClockCmd
<LI><a href="#[3e]">&gt;&gt;</a>&nbsp;&nbsp;&nbsp;GPIO_Init
<LI><a href="#[92]">&gt;&gt;</a>&nbsp;&nbsp;&nbsp;NVIC_PriorityGroupConfig
<LI><a href="#[76]">&gt;&gt;</a>&nbsp;&nbsp;&nbsp;NVIC_Init
<LI><a href="#[93]">&gt;&gt;</a>&nbsp;&nbsp;&nbsp;USART_Init
<LI><a href="#[94]">&gt;&gt;</a>&nbsp;&nbsp;&nbsp;USART_ITConfig
<LI><a href="#[95]">&gt;&gt;</a>&nbsp;&nbsp;&nbsp;USART_Cmd
</UL>
<BR>[Called By]<UL><LI><a href="#[52]">&gt;&gt;</a>&nbsp;&nbsp;&nbsp;StartReader
</UL>

<P><STRONG><a name="[5d]"></a>UARTSendData</STRONG> (Thumb, 342 bytes, Stack size 32 bytes, uart.o(i.UARTSendData))
<BR><BR>[Stack]<UL><LI>Max Depth = 32<LI>Call Chain = UARTSendData
</UL>
<BR>[Calls]<UL><LI><a href="#[98]">&gt;&gt;</a>&nbsp;&nbsp;&nbsp;USART_SendData
<LI><a href="#[99]">&gt;&gt;</a>&nbsp;&nbsp;&nbsp;USART_GetFlagStatus
<LI><a href="#[97]">&gt;&gt;</a>&nbsp;&nbsp;&nbsp;VTimer_Set
<LI><a href="#[9b]">&gt;&gt;</a>&nbsp;&nbsp;&nbsp;VTimer_Release
<LI><a href="#[9a]">&gt;&gt;</a>&nbsp;&nbsp;&nbsp;VTimer_IsFired
<LI><a href="#[96]">&gt;&gt;</a>&nbsp;&nbsp;&nbsp;VTimer_GetID
</UL>
<BR>[Called By]<UL><LI><a href="#[51]">&gt;&gt;</a>&nbsp;&nbsp;&nbsp;DemoTest
</UL>

<P><STRONG><a name="[9c]"></a>UART_ISR</STRONG> (Thumb, 200 bytes, Stack size 8 bytes, uart.o(i.UART_ISR))
<BR><BR>[Stack]<UL><LI>Max Depth = 24<LI>Call Chain = UART_ISR &rArr; USART_GetITStatus
</UL>
<BR>[Calls]<UL><LI><a href="#[9e]">&gt;&gt;</a>&nbsp;&nbsp;&nbsp;USART_ReceiveData
<LI><a href="#[9d]">&gt;&gt;</a>&nbsp;&nbsp;&nbsp;USART_GetITStatus
<LI><a href="#[61]">&gt;&gt;</a>&nbsp;&nbsp;&nbsp;__aeabi_memcpy
</UL>
<BR>[Called By]<UL><LI><a href="#[2c]">&gt;&gt;</a>&nbsp;&nbsp;&nbsp;USART2_IRQHandler
</UL>

<P><STRONG><a name="[2c]"></a>USART2_IRQHandler</STRONG> (Thumb, 8 bytes, Stack size 8 bytes, stm32f10x_it.o(i.USART2_IRQHandler))
<BR><BR>[Stack]<UL><LI>Max Depth = 32<LI>Call Chain = USART2_IRQHandler &rArr; UART_ISR &rArr; USART_GetITStatus
</UL>
<BR>[Calls]<UL><LI><a href="#[9c]">&gt;&gt;</a>&nbsp;&nbsp;&nbsp;UART_ISR
</UL>
<BR>[Address Reference Count : 1]<UL><LI> startup_stm32f10x_md_vl.o(RESET)
</UL>
<P><STRONG><a name="[95]"></a>USART_Cmd</STRONG> (Thumb, 24 bytes, Stack size 0 bytes, stm32f10x_usart.o(i.USART_Cmd))
<BR><BR>[Called By]<UL><LI><a href="#[8a]">&gt;&gt;</a>&nbsp;&nbsp;&nbsp;UARTInit
</UL>

<P><STRONG><a name="[99]"></a>USART_GetFlagStatus</STRONG> (Thumb, 26 bytes, Stack size 0 bytes, stm32f10x_usart.o(i.USART_GetFlagStatus))
<BR><BR>[Called By]<UL><LI><a href="#[5d]">&gt;&gt;</a>&nbsp;&nbsp;&nbsp;UARTSendData
</UL>

<P><STRONG><a name="[9d]"></a>USART_GetITStatus</STRONG> (Thumb, 84 bytes, Stack size 16 bytes, stm32f10x_usart.o(i.USART_GetITStatus))
<BR><BR>[Stack]<UL><LI>Max Depth = 16<LI>Call Chain = USART_GetITStatus
</UL>
<BR>[Called By]<UL><LI><a href="#[9c]">&gt;&gt;</a>&nbsp;&nbsp;&nbsp;UART_ISR
</UL>

<P><STRONG><a name="[94]"></a>USART_ITConfig</STRONG> (Thumb, 74 bytes, Stack size 20 bytes, stm32f10x_usart.o(i.USART_ITConfig))
<BR><BR>[Stack]<UL><LI>Max Depth = 20<LI>Call Chain = USART_ITConfig
</UL>
<BR>[Called By]<UL><LI><a href="#[8a]">&gt;&gt;</a>&nbsp;&nbsp;&nbsp;UARTInit
</UL>

<P><STRONG><a name="[93]"></a>USART_Init</STRONG> (Thumb, 210 bytes, Stack size 56 bytes, stm32f10x_usart.o(i.USART_Init))
<BR><BR>[Stack]<UL><LI>Max Depth = 72<LI>Call Chain = USART_Init &rArr; RCC_GetClocksFreq
</UL>
<BR>[Calls]<UL><LI><a href="#[9f]">&gt;&gt;</a>&nbsp;&nbsp;&nbsp;RCC_GetClocksFreq
</UL>
<BR>[Called By]<UL><LI><a href="#[8a]">&gt;&gt;</a>&nbsp;&nbsp;&nbsp;UARTInit
</UL>

<P><STRONG><a name="[9e]"></a>USART_ReceiveData</STRONG> (Thumb, 10 bytes, Stack size 0 bytes, stm32f10x_usart.o(i.USART_ReceiveData))
<BR><BR>[Called By]<UL><LI><a href="#[9c]">&gt;&gt;</a>&nbsp;&nbsp;&nbsp;UART_ISR
</UL>

<P><STRONG><a name="[98]"></a>USART_SendData</STRONG> (Thumb, 8 bytes, Stack size 0 bytes, stm32f10x_usart.o(i.USART_SendData))
<BR><BR>[Called By]<UL><LI><a href="#[5d]">&gt;&gt;</a>&nbsp;&nbsp;&nbsp;UARTSendData
</UL>

<P><STRONG><a name="[42]"></a>UpdateCrc</STRONG> (Thumb, 36 bytes, Stack size 0 bytes, crc16.o(i.UpdateCrc))
<BR><BR>[Called By]<UL><LI><a href="#[41]">&gt;&gt;</a>&nbsp;&nbsp;&nbsp;CRC16_Generate
</UL>

<P><STRONG><a name="[5]"></a>UsageFault_Handler</STRONG> (Thumb, 4 bytes, Stack size 0 bytes, stm32f10x_it.o(i.UsageFault_Handler))
<BR>[Address Reference Count : 1]<UL><LI> startup_stm32f10x_md_vl.o(RESET)
</UL>
<P><STRONG><a name="[96]"></a>VTimer_GetID</STRONG> (Thumb, 30 bytes, Stack size 0 bytes, vtimer.o(i.VTimer_GetID))
<BR><BR>[Called By]<UL><LI><a href="#[5d]">&gt;&gt;</a>&nbsp;&nbsp;&nbsp;UARTSendData
<LI><a href="#[b5]">&gt;&gt;</a>&nbsp;&nbsp;&nbsp;pn532IsReady
</UL>

<P><STRONG><a name="[a3]"></a>VTimer_InitController</STRONG> (Thumb, 24 bytes, Stack size 0 bytes, vtimer.o(i.VTimer_InitController))
<BR><BR>[Called By]<UL><LI><a href="#[33]">&gt;&gt;</a>&nbsp;&nbsp;&nbsp;main
</UL>

<P><STRONG><a name="[9a]"></a>VTimer_IsFired</STRONG> (Thumb, 18 bytes, Stack size 0 bytes, vtimer.o(i.VTimer_IsFired))
<BR><BR>[Called By]<UL><LI><a href="#[5d]">&gt;&gt;</a>&nbsp;&nbsp;&nbsp;UARTSendData
<LI><a href="#[b5]">&gt;&gt;</a>&nbsp;&nbsp;&nbsp;pn532IsReady
</UL>

<P><STRONG><a name="[9b]"></a>VTimer_Release</STRONG> (Thumb, 10 bytes, Stack size 0 bytes, vtimer.o(i.VTimer_Release))
<BR><BR>[Called By]<UL><LI><a href="#[5d]">&gt;&gt;</a>&nbsp;&nbsp;&nbsp;UARTSendData
<LI><a href="#[b5]">&gt;&gt;</a>&nbsp;&nbsp;&nbsp;pn532IsReady
</UL>

<P><STRONG><a name="[8e]"></a>VTimer_Service</STRONG> (Thumb, 40 bytes, Stack size 0 bytes, vtimer.o(i.VTimer_Service))
<BR><BR>[Called By]<UL><LI><a href="#[9]">&gt;&gt;</a>&nbsp;&nbsp;&nbsp;SysTick_Handler
</UL>

<P><STRONG><a name="[97]"></a>VTimer_Set</STRONG> (Thumb, 26 bytes, Stack size 0 bytes, vtimer.o(i.VTimer_Set))
<BR><BR>[Called By]<UL><LI><a href="#[5d]">&gt;&gt;</a>&nbsp;&nbsp;&nbsp;UARTSendData
<LI><a href="#[b5]">&gt;&gt;</a>&nbsp;&nbsp;&nbsp;pn532IsReady
</UL>

<P><STRONG><a name="[6d]"></a>WorkingToByteArray</STRONG> (Thumb, 18 bytes, Stack size 8 bytes, demo.o(i.WorkingToByteArray))
<BR><BR>[Stack]<UL><LI>Max Depth = 8<LI>Call Chain = WorkingToByteArray
</UL>
<BR>[Called By]<UL><LI><a href="#[54]">&gt;&gt;</a>&nbsp;&nbsp;&nbsp;InitEmployee
</UL>

<P><STRONG><a name="[c9]"></a>__scatterload_copy</STRONG> (Thumb, 14 bytes, Stack size unknown bytes, handlers.o(i.__scatterload_copy), UNUSED)

<P><STRONG><a name="[ca]"></a>__scatterload_null</STRONG> (Thumb, 2 bytes, Stack size unknown bytes, handlers.o(i.__scatterload_null), UNUSED)

<P><STRONG><a name="[cb]"></a>__scatterload_zeroinit</STRONG> (Thumb, 14 bytes, Stack size unknown bytes, handlers.o(i.__scatterload_zeroinit), UNUSED)

<P><STRONG><a name="[b8]"></a>arraycmp</STRONG> (Thumb, 34 bytes, Stack size 16 bytes, stm32sunid.o(i.arraycmp))
<BR><BR>[Stack]<UL><LI>Max Depth = 16<LI>Call Chain = arraycmp
</UL>
<BR>[Called By]<UL><LI><a href="#[a9]">&gt;&gt;</a>&nbsp;&nbsp;&nbsp;pn532SendCommand
<LI><a href="#[aa]">&gt;&gt;</a>&nbsp;&nbsp;&nbsp;pn532ReadResponse
</UL>

<P><STRONG><a name="[a0]"></a>cookey</STRONG> (Thumb, 150 bytes, Stack size 152 bytes, des.o(i.cookey))
<BR><BR>[Stack]<UL><LI>Max Depth = 152<LI>Call Chain = cookey
</UL>
<BR>[Calls]<UL><LI><a href="#[a1]">&gt;&gt;</a>&nbsp;&nbsp;&nbsp;__aeabi_memcpy4
</UL>
<BR>[Called By]<UL><LI><a href="#[a2]">&gt;&gt;</a>&nbsp;&nbsp;&nbsp;deskey
</UL>

<P><STRONG><a name="[40]"></a>delay_ms</STRONG> (Thumb, 18 bytes, Stack size 0 bytes, vtimer.o(i.delay_ms))
<BR><BR>[Called By]<UL><LI><a href="#[52]">&gt;&gt;</a>&nbsp;&nbsp;&nbsp;StartReader
<LI><a href="#[60]">&gt;&gt;</a>&nbsp;&nbsp;&nbsp;RestoreToDefaultCard
<LI><a href="#[5a]">&gt;&gt;</a>&nbsp;&nbsp;&nbsp;ReadCard
<LI><a href="#[58]">&gt;&gt;</a>&nbsp;&nbsp;&nbsp;FormatOldCard
<LI><a href="#[57]">&gt;&gt;</a>&nbsp;&nbsp;&nbsp;FormatNewCard
<LI><a href="#[4f]">&gt;&gt;</a>&nbsp;&nbsp;&nbsp;DebitValue
<LI><a href="#[4c]">&gt;&gt;</a>&nbsp;&nbsp;&nbsp;CreditValue
<LI><a href="#[43]">&gt;&gt;</a>&nbsp;&nbsp;&nbsp;CreateCard
<LI><a href="#[45]">&gt;&gt;</a>&nbsp;&nbsp;&nbsp;pn532SelectApplication
<LI><a href="#[8d]">&gt;&gt;</a>&nbsp;&nbsp;&nbsp;pn532SAMConfigure
<LI><a href="#[8c]">&gt;&gt;</a>&nbsp;&nbsp;&nbsp;pn532GetFirmware
<LI><a href="#[6b]">&gt;&gt;</a>&nbsp;&nbsp;&nbsp;pn532FormatPICC
<LI><a href="#[4a]">&gt;&gt;</a>&nbsp;&nbsp;&nbsp;pn532DesfireWriteData
<LI><a href="#[7d]">&gt;&gt;</a>&nbsp;&nbsp;&nbsp;pn532DesfireReadData
<LI><a href="#[7e]">&gt;&gt;</a>&nbsp;&nbsp;&nbsp;pn532DesfireGetValue
<LI><a href="#[50]">&gt;&gt;</a>&nbsp;&nbsp;&nbsp;pn532DesfireDebit
<LI><a href="#[4d]">&gt;&gt;</a>&nbsp;&nbsp;&nbsp;pn532DesfireCredit
<LI><a href="#[49]">&gt;&gt;</a>&nbsp;&nbsp;&nbsp;pn532DesfireCreateFile
<LI><a href="#[4e]">&gt;&gt;</a>&nbsp;&nbsp;&nbsp;pn532DesfireCommitTransaction
<LI><a href="#[6a]">&gt;&gt;</a>&nbsp;&nbsp;&nbsp;pn532DesfireChangeKeySetting
<LI><a href="#[48]">&gt;&gt;</a>&nbsp;&nbsp;&nbsp;pn532DesfireChangeKey
<LI><a href="#[46]">&gt;&gt;</a>&nbsp;&nbsp;&nbsp;pn532DesfireAuthenticate
<LI><a href="#[47]">&gt;&gt;</a>&nbsp;&nbsp;&nbsp;pn532CreateApplication
<LI><a href="#[4b]">&gt;&gt;</a>&nbsp;&nbsp;&nbsp;pn532CardRelease
<LI><a href="#[44]">&gt;&gt;</a>&nbsp;&nbsp;&nbsp;pn532CardList
<LI><a href="#[51]">&gt;&gt;</a>&nbsp;&nbsp;&nbsp;DemoTest
<LI><a href="#[3f]">&gt;&gt;</a>&nbsp;&nbsp;&nbsp;BuzzerOn
<LI><a href="#[ba]">&gt;&gt;</a>&nbsp;&nbsp;&nbsp;sPN532_SendFrame
<LI><a href="#[bb]">&gt;&gt;</a>&nbsp;&nbsp;&nbsp;sPN532_ReadFrame
<LI><a href="#[b3]">&gt;&gt;</a>&nbsp;&nbsp;&nbsp;pn532RST
<LI><a href="#[b4]">&gt;&gt;</a>&nbsp;&nbsp;&nbsp;pn532Wakeup
<LI><a href="#[aa]">&gt;&gt;</a>&nbsp;&nbsp;&nbsp;pn532ReadResponse
<LI><a href="#[b9]">&gt;&gt;</a>&nbsp;&nbsp;&nbsp;pn532SetRegister
<LI><a href="#[ad]">&gt;&gt;</a>&nbsp;&nbsp;&nbsp;pn532GetRegister
</UL>

<P><STRONG><a name="[bd]"></a>desfunc</STRONG> (Thumb, 414 bytes, Stack size 20 bytes, des.o(i.desfunc))
<BR><BR>[Stack]<UL><LI>Max Depth = 20<LI>Call Chain = desfunc
</UL>
<BR>[Called By]<UL><LI><a href="#[a6]">&gt;&gt;</a>&nbsp;&nbsp;&nbsp;psDesDecryptBlock
</UL>

<P><STRONG><a name="[a2]"></a>deskey</STRONG> (Thumb, 276 bytes, Stack size 280 bytes, des.o(i.deskey))
<BR><BR>[Stack]<UL><LI>Max Depth = 432<LI>Call Chain = deskey &rArr; cookey
</UL>
<BR>[Calls]<UL><LI><a href="#[a0]">&gt;&gt;</a>&nbsp;&nbsp;&nbsp;cookey
</UL>
<BR>[Called By]<UL><LI><a href="#[a5]">&gt;&gt;</a>&nbsp;&nbsp;&nbsp;psDesInitKey
</UL>

<P><STRONG><a name="[33]"></a>main</STRONG> (Thumb, 120 bytes, Stack size 0 bytes, main.o(i.main))
<BR><BR>[Stack]<UL><LI>Max Depth = 2024<LI>Call Chain = main &rArr; DemoTest &rArr; ReadCard &rArr; pn532DesfireReadData &rArr; DesfireCryptoPostProcessData &rArr; mifare_cbc_block_des &rArr; mifare_cbc_des &rArr; psDesInitKey &rArr; deskey &rArr; cookey
</UL>
<BR>[Calls]<UL><LI><a href="#[9f]">&gt;&gt;</a>&nbsp;&nbsp;&nbsp;RCC_GetClocksFreq
<LI><a href="#[6f]">&gt;&gt;</a>&nbsp;&nbsp;&nbsp;GPIO_PinRemapConfig
<LI><a href="#[a3]">&gt;&gt;</a>&nbsp;&nbsp;&nbsp;VTimer_InitController
<LI><a href="#[51]">&gt;&gt;</a>&nbsp;&nbsp;&nbsp;DemoTest
<LI><a href="#[82]">&gt;&gt;</a>&nbsp;&nbsp;&nbsp;SetSysClock
<LI><a href="#[70]">&gt;&gt;</a>&nbsp;&nbsp;&nbsp;NVIC_Configuration
</UL>
<BR>[Address Reference Count : 1]<UL><LI> entry8.o(.ARM.Collect$$$$00000009)
</UL>
<P><STRONG><a name="[65]"></a>mifare_cbc_block_des</STRONG> (Thumb, 44 bytes, Stack size 32 bytes, pn532.o(i.mifare_cbc_block_des))
<BR><BR>[Stack]<UL><LI>Max Depth = 1288<LI>Call Chain = mifare_cbc_block_des &rArr; mifare_cbc_des &rArr; psDesInitKey &rArr; deskey &rArr; cookey
</UL>
<BR>[Calls]<UL><LI><a href="#[a4]">&gt;&gt;</a>&nbsp;&nbsp;&nbsp;mifare_cbc_des
</UL>
<BR>[Called By]<UL><LI><a href="#[67]">&gt;&gt;</a>&nbsp;&nbsp;&nbsp;DesfireCryptoPreProcessData
<LI><a href="#[62]">&gt;&gt;</a>&nbsp;&nbsp;&nbsp;DesfireCryptoPostProcessData
</UL>

<P><STRONG><a name="[a4]"></a>mifare_cbc_des</STRONG> (Thumb, 110 bytes, Stack size 808 bytes, pn532.o(i.mifare_cbc_des))
<BR><BR>[Stack]<UL><LI>Max Depth = 1256<LI>Call Chain = mifare_cbc_des &rArr; psDesInitKey &rArr; deskey &rArr; cookey
</UL>
<BR>[Calls]<UL><LI><a href="#[a7]">&gt;&gt;</a>&nbsp;&nbsp;&nbsp;xor8
<LI><a href="#[a5]">&gt;&gt;</a>&nbsp;&nbsp;&nbsp;psDesInitKey
<LI><a href="#[a6]">&gt;&gt;</a>&nbsp;&nbsp;&nbsp;psDesDecryptBlock
</UL>
<BR>[Called By]<UL><LI><a href="#[6a]">&gt;&gt;</a>&nbsp;&nbsp;&nbsp;pn532DesfireChangeKeySetting
<LI><a href="#[48]">&gt;&gt;</a>&nbsp;&nbsp;&nbsp;pn532DesfireChangeKey
<LI><a href="#[46]">&gt;&gt;</a>&nbsp;&nbsp;&nbsp;pn532DesfireAuthenticate
<LI><a href="#[65]">&gt;&gt;</a>&nbsp;&nbsp;&nbsp;mifare_cbc_block_des
</UL>

<P><STRONG><a name="[a8]"></a>pn532BuildFrame</STRONG> (Thumb, 90 bytes, Stack size 32 bytes, pn532_drvr.o(i.pn532BuildFrame))
<BR><BR>[Stack]<UL><LI>Max Depth = 32<LI>Call Chain = pn532BuildFrame
</UL>
<BR>[Calls]<UL><LI><a href="#[61]">&gt;&gt;</a>&nbsp;&nbsp;&nbsp;__aeabi_memcpy
</UL>
<BR>[Called By]<UL><LI><a href="#[a9]">&gt;&gt;</a>&nbsp;&nbsp;&nbsp;pn532SendCommand
</UL>

<P><STRONG><a name="[44]"></a>pn532CardList</STRONG> (Thumb, 160 bytes, Stack size 56 bytes, pn532.o(i.pn532CardList))
<BR><BR>[Stack]<UL><LI>Max Depth = 400<LI>Call Chain = pn532CardList &rArr; pn532SendCommand &rArr; sPN532_ReadFrame &rArr; sPN532_SendByte
</UL>
<BR>[Calls]<UL><LI><a href="#[40]">&gt;&gt;</a>&nbsp;&nbsp;&nbsp;delay_ms
<LI><a href="#[a9]">&gt;&gt;</a>&nbsp;&nbsp;&nbsp;pn532SendCommand
<LI><a href="#[aa]">&gt;&gt;</a>&nbsp;&nbsp;&nbsp;pn532ReadResponse
</UL>
<BR>[Called By]<UL><LI><a href="#[60]">&gt;&gt;</a>&nbsp;&nbsp;&nbsp;RestoreToDefaultCard
<LI><a href="#[5a]">&gt;&gt;</a>&nbsp;&nbsp;&nbsp;ReadCard
<LI><a href="#[58]">&gt;&gt;</a>&nbsp;&nbsp;&nbsp;FormatOldCard
<LI><a href="#[57]">&gt;&gt;</a>&nbsp;&nbsp;&nbsp;FormatNewCard
<LI><a href="#[4f]">&gt;&gt;</a>&nbsp;&nbsp;&nbsp;DebitValue
<LI><a href="#[4c]">&gt;&gt;</a>&nbsp;&nbsp;&nbsp;CreditValue
<LI><a href="#[43]">&gt;&gt;</a>&nbsp;&nbsp;&nbsp;CreateCard
</UL>

<P><STRONG><a name="[4b]"></a>pn532CardRelease</STRONG> (Thumb, 98 bytes, Stack size 48 bytes, pn532.o(i.pn532CardRelease))
<BR><BR>[Stack]<UL><LI>Max Depth = 392<LI>Call Chain = pn532CardRelease &rArr; pn532SendCommand &rArr; sPN532_ReadFrame &rArr; sPN532_SendByte
</UL>
<BR>[Calls]<UL><LI><a href="#[40]">&gt;&gt;</a>&nbsp;&nbsp;&nbsp;delay_ms
<LI><a href="#[a9]">&gt;&gt;</a>&nbsp;&nbsp;&nbsp;pn532SendCommand
<LI><a href="#[aa]">&gt;&gt;</a>&nbsp;&nbsp;&nbsp;pn532ReadResponse
</UL>
<BR>[Called By]<UL><LI><a href="#[60]">&gt;&gt;</a>&nbsp;&nbsp;&nbsp;RestoreToDefaultCard
<LI><a href="#[5a]">&gt;&gt;</a>&nbsp;&nbsp;&nbsp;ReadCard
<LI><a href="#[58]">&gt;&gt;</a>&nbsp;&nbsp;&nbsp;FormatOldCard
<LI><a href="#[57]">&gt;&gt;</a>&nbsp;&nbsp;&nbsp;FormatNewCard
<LI><a href="#[4f]">&gt;&gt;</a>&nbsp;&nbsp;&nbsp;DebitValue
<LI><a href="#[4c]">&gt;&gt;</a>&nbsp;&nbsp;&nbsp;CreditValue
<LI><a href="#[43]">&gt;&gt;</a>&nbsp;&nbsp;&nbsp;CreateCard
</UL>

<P><STRONG><a name="[47]"></a>pn532CreateApplication</STRONG> (Thumb, 156 bytes, Stack size 64 bytes, pn532.o(i.pn532CreateApplication))
<BR><BR>[Stack]<UL><LI>Max Depth = 408<LI>Call Chain = pn532CreateApplication &rArr; pn532SendCommand &rArr; sPN532_ReadFrame &rArr; sPN532_SendByte
</UL>
<BR>[Calls]<UL><LI><a href="#[40]">&gt;&gt;</a>&nbsp;&nbsp;&nbsp;delay_ms
<LI><a href="#[a9]">&gt;&gt;</a>&nbsp;&nbsp;&nbsp;pn532SendCommand
<LI><a href="#[aa]">&gt;&gt;</a>&nbsp;&nbsp;&nbsp;pn532ReadResponse
</UL>
<BR>[Called By]<UL><LI><a href="#[43]">&gt;&gt;</a>&nbsp;&nbsp;&nbsp;CreateCard
</UL>

<P><STRONG><a name="[46]"></a>pn532DesfireAuthenticate</STRONG> (Thumb, 430 bytes, Stack size 168 bytes, pn532.o(i.pn532DesfireAuthenticate))
<BR><BR>[Stack]<UL><LI>Max Depth = 1424<LI>Call Chain = pn532DesfireAuthenticate &rArr; mifare_cbc_des &rArr; psDesInitKey &rArr; deskey &rArr; cookey
</UL>
<BR>[Calls]<UL><LI><a href="#[40]">&gt;&gt;</a>&nbsp;&nbsp;&nbsp;delay_ms
<LI><a href="#[61]">&gt;&gt;</a>&nbsp;&nbsp;&nbsp;__aeabi_memcpy
<LI><a href="#[a9]">&gt;&gt;</a>&nbsp;&nbsp;&nbsp;pn532SendCommand
<LI><a href="#[aa]">&gt;&gt;</a>&nbsp;&nbsp;&nbsp;pn532ReadResponse
<LI><a href="#[ac]">&gt;&gt;</a>&nbsp;&nbsp;&nbsp;rol8
<LI><a href="#[a4]">&gt;&gt;</a>&nbsp;&nbsp;&nbsp;mifare_cbc_des
<LI><a href="#[ab]">&gt;&gt;</a>&nbsp;&nbsp;&nbsp;psGetPrng
</UL>
<BR>[Called By]<UL><LI><a href="#[60]">&gt;&gt;</a>&nbsp;&nbsp;&nbsp;RestoreToDefaultCard
<LI><a href="#[5a]">&gt;&gt;</a>&nbsp;&nbsp;&nbsp;ReadCard
<LI><a href="#[58]">&gt;&gt;</a>&nbsp;&nbsp;&nbsp;FormatOldCard
<LI><a href="#[57]">&gt;&gt;</a>&nbsp;&nbsp;&nbsp;FormatNewCard
<LI><a href="#[4f]">&gt;&gt;</a>&nbsp;&nbsp;&nbsp;DebitValue
<LI><a href="#[4c]">&gt;&gt;</a>&nbsp;&nbsp;&nbsp;CreditValue
<LI><a href="#[43]">&gt;&gt;</a>&nbsp;&nbsp;&nbsp;CreateCard
</UL>

<P><STRONG><a name="[48]"></a>pn532DesfireChangeKey</STRONG> (Thumb, 316 bytes, Stack size 128 bytes, pn532.o(i.pn532DesfireChangeKey))
<BR><BR>[Stack]<UL><LI>Max Depth = 1384<LI>Call Chain = pn532DesfireChangeKey &rArr; mifare_cbc_des &rArr; psDesInitKey &rArr; deskey &rArr; cookey
</UL>
<BR>[Calls]<UL><LI><a href="#[40]">&gt;&gt;</a>&nbsp;&nbsp;&nbsp;delay_ms
<LI><a href="#[a1]">&gt;&gt;</a>&nbsp;&nbsp;&nbsp;__aeabi_memcpy4
<LI><a href="#[61]">&gt;&gt;</a>&nbsp;&nbsp;&nbsp;__aeabi_memcpy
<LI><a href="#[a9]">&gt;&gt;</a>&nbsp;&nbsp;&nbsp;pn532SendCommand
<LI><a href="#[aa]">&gt;&gt;</a>&nbsp;&nbsp;&nbsp;pn532ReadResponse
<LI><a href="#[41]">&gt;&gt;</a>&nbsp;&nbsp;&nbsp;CRC16_Generate
<LI><a href="#[a7]">&gt;&gt;</a>&nbsp;&nbsp;&nbsp;xor8
<LI><a href="#[a4]">&gt;&gt;</a>&nbsp;&nbsp;&nbsp;mifare_cbc_des
<LI><a href="#[53]">&gt;&gt;</a>&nbsp;&nbsp;&nbsp;__aeabi_memclr4
</UL>
<BR>[Called By]<UL><LI><a href="#[60]">&gt;&gt;</a>&nbsp;&nbsp;&nbsp;RestoreToDefaultCard
<LI><a href="#[57]">&gt;&gt;</a>&nbsp;&nbsp;&nbsp;FormatNewCard
<LI><a href="#[43]">&gt;&gt;</a>&nbsp;&nbsp;&nbsp;CreateCard
</UL>

<P><STRONG><a name="[6a]"></a>pn532DesfireChangeKeySetting</STRONG> (Thumb, 196 bytes, Stack size 104 bytes, pn532.o(i.pn532DesfireChangeKeySetting))
<BR><BR>[Stack]<UL><LI>Max Depth = 1360<LI>Call Chain = pn532DesfireChangeKeySetting &rArr; mifare_cbc_des &rArr; psDesInitKey &rArr; deskey &rArr; cookey
</UL>
<BR>[Calls]<UL><LI><a href="#[40]">&gt;&gt;</a>&nbsp;&nbsp;&nbsp;delay_ms
<LI><a href="#[a9]">&gt;&gt;</a>&nbsp;&nbsp;&nbsp;pn532SendCommand
<LI><a href="#[aa]">&gt;&gt;</a>&nbsp;&nbsp;&nbsp;pn532ReadResponse
<LI><a href="#[41]">&gt;&gt;</a>&nbsp;&nbsp;&nbsp;CRC16_Generate
<LI><a href="#[a4]">&gt;&gt;</a>&nbsp;&nbsp;&nbsp;mifare_cbc_des
</UL>
<BR>[Called By]<UL><LI><a href="#[60]">&gt;&gt;</a>&nbsp;&nbsp;&nbsp;RestoreToDefaultCard
<LI><a href="#[57]">&gt;&gt;</a>&nbsp;&nbsp;&nbsp;FormatNewCard
</UL>

<P><STRONG><a name="[4e]"></a>pn532DesfireCommitTransaction</STRONG> (Thumb, 124 bytes, Stack size 48 bytes, pn532.o(i.pn532DesfireCommitTransaction))
<BR><BR>[Stack]<UL><LI>Max Depth = 392<LI>Call Chain = pn532DesfireCommitTransaction &rArr; pn532SendCommand &rArr; sPN532_ReadFrame &rArr; sPN532_SendByte
</UL>
<BR>[Calls]<UL><LI><a href="#[40]">&gt;&gt;</a>&nbsp;&nbsp;&nbsp;delay_ms
<LI><a href="#[a9]">&gt;&gt;</a>&nbsp;&nbsp;&nbsp;pn532SendCommand
<LI><a href="#[aa]">&gt;&gt;</a>&nbsp;&nbsp;&nbsp;pn532ReadResponse
</UL>
<BR>[Called By]<UL><LI><a href="#[4f]">&gt;&gt;</a>&nbsp;&nbsp;&nbsp;DebitValue
<LI><a href="#[4c]">&gt;&gt;</a>&nbsp;&nbsp;&nbsp;CreditValue
</UL>

<P><STRONG><a name="[49]"></a>pn532DesfireCreateFile</STRONG> (Thumb, 506 bytes, Stack size 80 bytes, pn532.o(i.pn532DesfireCreateFile))
<BR><BR>[Stack]<UL><LI>Max Depth = 424<LI>Call Chain = pn532DesfireCreateFile &rArr; pn532SendCommand &rArr; sPN532_ReadFrame &rArr; sPN532_SendByte
</UL>
<BR>[Calls]<UL><LI><a href="#[40]">&gt;&gt;</a>&nbsp;&nbsp;&nbsp;delay_ms
<LI><a href="#[a9]">&gt;&gt;</a>&nbsp;&nbsp;&nbsp;pn532SendCommand
<LI><a href="#[aa]">&gt;&gt;</a>&nbsp;&nbsp;&nbsp;pn532ReadResponse
</UL>
<BR>[Called By]<UL><LI><a href="#[43]">&gt;&gt;</a>&nbsp;&nbsp;&nbsp;CreateCard
</UL>

<P><STRONG><a name="[4d]"></a>pn532DesfireCredit</STRONG> (Thumb, 184 bytes, Stack size 96 bytes, pn532.o(i.pn532DesfireCredit))
<BR><BR>[Stack]<UL><LI>Max Depth = 1424<LI>Call Chain = pn532DesfireCredit &rArr; DesfireCryptoPreProcessData &rArr; mifare_cbc_block_des &rArr; mifare_cbc_des &rArr; psDesInitKey &rArr; deskey &rArr; cookey
</UL>
<BR>[Calls]<UL><LI><a href="#[40]">&gt;&gt;</a>&nbsp;&nbsp;&nbsp;delay_ms
<LI><a href="#[a1]">&gt;&gt;</a>&nbsp;&nbsp;&nbsp;__aeabi_memcpy4
<LI><a href="#[a9]">&gt;&gt;</a>&nbsp;&nbsp;&nbsp;pn532SendCommand
<LI><a href="#[aa]">&gt;&gt;</a>&nbsp;&nbsp;&nbsp;pn532ReadResponse
<LI><a href="#[67]">&gt;&gt;</a>&nbsp;&nbsp;&nbsp;DesfireCryptoPreProcessData
</UL>
<BR>[Called By]<UL><LI><a href="#[4c]">&gt;&gt;</a>&nbsp;&nbsp;&nbsp;CreditValue
</UL>

<P><STRONG><a name="[50]"></a>pn532DesfireDebit</STRONG> (Thumb, 184 bytes, Stack size 96 bytes, pn532.o(i.pn532DesfireDebit))
<BR><BR>[Stack]<UL><LI>Max Depth = 1424<LI>Call Chain = pn532DesfireDebit &rArr; DesfireCryptoPreProcessData &rArr; mifare_cbc_block_des &rArr; mifare_cbc_des &rArr; psDesInitKey &rArr; deskey &rArr; cookey
</UL>
<BR>[Calls]<UL><LI><a href="#[40]">&gt;&gt;</a>&nbsp;&nbsp;&nbsp;delay_ms
<LI><a href="#[a1]">&gt;&gt;</a>&nbsp;&nbsp;&nbsp;__aeabi_memcpy4
<LI><a href="#[a9]">&gt;&gt;</a>&nbsp;&nbsp;&nbsp;pn532SendCommand
<LI><a href="#[aa]">&gt;&gt;</a>&nbsp;&nbsp;&nbsp;pn532ReadResponse
<LI><a href="#[67]">&gt;&gt;</a>&nbsp;&nbsp;&nbsp;DesfireCryptoPreProcessData
</UL>
<BR>[Called By]<UL><LI><a href="#[4f]">&gt;&gt;</a>&nbsp;&nbsp;&nbsp;DebitValue
</UL>

<P><STRONG><a name="[7e]"></a>pn532DesfireGetValue</STRONG> (Thumb, 210 bytes, Stack size 80 bytes, pn532.o(i.pn532DesfireGetValue))
<BR><BR>[Stack]<UL><LI>Max Depth = 1536<LI>Call Chain = pn532DesfireGetValue &rArr; DesfireCryptoPostProcessData &rArr; mifare_cbc_block_des &rArr; mifare_cbc_des &rArr; psDesInitKey &rArr; deskey &rArr; cookey
</UL>
<BR>[Calls]<UL><LI><a href="#[40]">&gt;&gt;</a>&nbsp;&nbsp;&nbsp;delay_ms
<LI><a href="#[61]">&gt;&gt;</a>&nbsp;&nbsp;&nbsp;__aeabi_memcpy
<LI><a href="#[a9]">&gt;&gt;</a>&nbsp;&nbsp;&nbsp;pn532SendCommand
<LI><a href="#[aa]">&gt;&gt;</a>&nbsp;&nbsp;&nbsp;pn532ReadResponse
<LI><a href="#[62]">&gt;&gt;</a>&nbsp;&nbsp;&nbsp;DesfireCryptoPostProcessData
</UL>
<BR>[Called By]<UL><LI><a href="#[5a]">&gt;&gt;</a>&nbsp;&nbsp;&nbsp;ReadCard
</UL>

<P><STRONG><a name="[7d]"></a>pn532DesfireReadData</STRONG> (Thumb, 398 bytes, Stack size 312 bytes, pn532.o(i.pn532DesfireReadData))
<BR><BR>[Stack]<UL><LI>Max Depth = 1768<LI>Call Chain = pn532DesfireReadData &rArr; DesfireCryptoPostProcessData &rArr; mifare_cbc_block_des &rArr; mifare_cbc_des &rArr; psDesInitKey &rArr; deskey &rArr; cookey
</UL>
<BR>[Calls]<UL><LI><a href="#[40]">&gt;&gt;</a>&nbsp;&nbsp;&nbsp;delay_ms
<LI><a href="#[61]">&gt;&gt;</a>&nbsp;&nbsp;&nbsp;__aeabi_memcpy
<LI><a href="#[a9]">&gt;&gt;</a>&nbsp;&nbsp;&nbsp;pn532SendCommand
<LI><a href="#[aa]">&gt;&gt;</a>&nbsp;&nbsp;&nbsp;pn532ReadResponse
<LI><a href="#[62]">&gt;&gt;</a>&nbsp;&nbsp;&nbsp;DesfireCryptoPostProcessData
</UL>
<BR>[Called By]<UL><LI><a href="#[5a]">&gt;&gt;</a>&nbsp;&nbsp;&nbsp;ReadCard
</UL>

<P><STRONG><a name="[4a]"></a>pn532DesfireWriteData</STRONG> (Thumb, 400 bytes, Stack size 328 bytes, pn532.o(i.pn532DesfireWriteData))
<BR><BR>[Stack]<UL><LI>Max Depth = 1656<LI>Call Chain = pn532DesfireWriteData &rArr; DesfireCryptoPreProcessData &rArr; mifare_cbc_block_des &rArr; mifare_cbc_des &rArr; psDesInitKey &rArr; deskey &rArr; cookey
</UL>
<BR>[Calls]<UL><LI><a href="#[40]">&gt;&gt;</a>&nbsp;&nbsp;&nbsp;delay_ms
<LI><a href="#[61]">&gt;&gt;</a>&nbsp;&nbsp;&nbsp;__aeabi_memcpy
<LI><a href="#[a9]">&gt;&gt;</a>&nbsp;&nbsp;&nbsp;pn532SendCommand
<LI><a href="#[aa]">&gt;&gt;</a>&nbsp;&nbsp;&nbsp;pn532ReadResponse
<LI><a href="#[67]">&gt;&gt;</a>&nbsp;&nbsp;&nbsp;DesfireCryptoPreProcessData
</UL>
<BR>[Called By]<UL><LI><a href="#[43]">&gt;&gt;</a>&nbsp;&nbsp;&nbsp;CreateCard
</UL>

<P><STRONG><a name="[6b]"></a>pn532FormatPICC</STRONG> (Thumb, 122 bytes, Stack size 56 bytes, pn532.o(i.pn532FormatPICC))
<BR><BR>[Stack]<UL><LI>Max Depth = 400<LI>Call Chain = pn532FormatPICC &rArr; pn532SendCommand &rArr; sPN532_ReadFrame &rArr; sPN532_SendByte
</UL>
<BR>[Calls]<UL><LI><a href="#[40]">&gt;&gt;</a>&nbsp;&nbsp;&nbsp;delay_ms
<LI><a href="#[a9]">&gt;&gt;</a>&nbsp;&nbsp;&nbsp;pn532SendCommand
<LI><a href="#[aa]">&gt;&gt;</a>&nbsp;&nbsp;&nbsp;pn532ReadResponse
</UL>
<BR>[Called By]<UL><LI><a href="#[60]">&gt;&gt;</a>&nbsp;&nbsp;&nbsp;RestoreToDefaultCard
<LI><a href="#[58]">&gt;&gt;</a>&nbsp;&nbsp;&nbsp;FormatOldCard
<LI><a href="#[57]">&gt;&gt;</a>&nbsp;&nbsp;&nbsp;FormatNewCard
</UL>

<P><STRONG><a name="[8c]"></a>pn532GetFirmware</STRONG> (Thumb, 68 bytes, Stack size 48 bytes, pn532.o(i.pn532GetFirmware))
<BR><BR>[Stack]<UL><LI>Max Depth = 392<LI>Call Chain = pn532GetFirmware &rArr; pn532SendCommand &rArr; sPN532_ReadFrame &rArr; sPN532_SendByte
</UL>
<BR>[Calls]<UL><LI><a href="#[40]">&gt;&gt;</a>&nbsp;&nbsp;&nbsp;delay_ms
<LI><a href="#[a9]">&gt;&gt;</a>&nbsp;&nbsp;&nbsp;pn532SendCommand
<LI><a href="#[aa]">&gt;&gt;</a>&nbsp;&nbsp;&nbsp;pn532ReadResponse
</UL>
<BR>[Called By]<UL><LI><a href="#[52]">&gt;&gt;</a>&nbsp;&nbsp;&nbsp;StartReader
</UL>

<P><STRONG><a name="[bc]"></a>pn532GetPCB</STRONG> (Thumb, 4 bytes, Stack size 0 bytes, pn532.o(i.pn532GetPCB))
<BR><BR>[Called By]<UL><LI><a href="#[b4]">&gt;&gt;</a>&nbsp;&nbsp;&nbsp;pn532Wakeup
</UL>

<P><STRONG><a name="[ad]"></a>pn532GetRegister</STRONG> (Thumb, 92 bytes, Stack size 56 bytes, pn532.o(i.pn532GetRegister))
<BR><BR>[Stack]<UL><LI>Max Depth = 400<LI>Call Chain = pn532GetRegister &rArr; pn532SendCommand &rArr; sPN532_ReadFrame &rArr; sPN532_SendByte
</UL>
<BR>[Calls]<UL><LI><a href="#[40]">&gt;&gt;</a>&nbsp;&nbsp;&nbsp;delay_ms
<LI><a href="#[a9]">&gt;&gt;</a>&nbsp;&nbsp;&nbsp;pn532SendCommand
<LI><a href="#[aa]">&gt;&gt;</a>&nbsp;&nbsp;&nbsp;pn532ReadResponse
</UL>
<BR>[Called By]<UL><LI><a href="#[b9]">&gt;&gt;</a>&nbsp;&nbsp;&nbsp;pn532SetRegister
</UL>

<P><STRONG><a name="[ae]"></a>pn532HWInit</STRONG> (Thumb, 130 bytes, Stack size 32 bytes, pn532_drvr.o(i.pn532HWInit))
<BR><BR>[Stack]<UL><LI>Max Depth = 64<LI>Call Chain = pn532HWInit &rArr; sPN532_LowLevel_Init &rArr; GPIO_Init
</UL>
<BR>[Calls]<UL><LI><a href="#[3d]">&gt;&gt;</a>&nbsp;&nbsp;&nbsp;RCC_APB2PeriphClockCmd
<LI><a href="#[b0]">&gt;&gt;</a>&nbsp;&nbsp;&nbsp;GPIO_SetBits
<LI><a href="#[3e]">&gt;&gt;</a>&nbsp;&nbsp;&nbsp;GPIO_Init
<LI><a href="#[b1]">&gt;&gt;</a>&nbsp;&nbsp;&nbsp;SPI_Init
<LI><a href="#[b2]">&gt;&gt;</a>&nbsp;&nbsp;&nbsp;SPI_Cmd
<LI><a href="#[af]">&gt;&gt;</a>&nbsp;&nbsp;&nbsp;sPN532_LowLevel_Init
<LI><a href="#[b3]">&gt;&gt;</a>&nbsp;&nbsp;&nbsp;pn532RST
</UL>
<BR>[Called By]<UL><LI><a href="#[8b]">&gt;&gt;</a>&nbsp;&nbsp;&nbsp;pn532Init
</UL>

<P><STRONG><a name="[8b]"></a>pn532Init</STRONG> (Thumb, 30 bytes, Stack size 8 bytes, pn532.o(i.pn532Init))
<BR><BR>[Stack]<UL><LI>Max Depth = 72<LI>Call Chain = pn532Init &rArr; pn532HWInit &rArr; sPN532_LowLevel_Init &rArr; GPIO_Init
</UL>
<BR>[Calls]<UL><LI><a href="#[b4]">&gt;&gt;</a>&nbsp;&nbsp;&nbsp;pn532Wakeup
<LI><a href="#[ae]">&gt;&gt;</a>&nbsp;&nbsp;&nbsp;pn532HWInit
</UL>
<BR>[Called By]<UL><LI><a href="#[52]">&gt;&gt;</a>&nbsp;&nbsp;&nbsp;StartReader
</UL>

<P><STRONG><a name="[b5]"></a>pn532IsReady</STRONG> (Thumb, 88 bytes, Stack size 16 bytes, pn532_drvr.o(i.pn532IsReady))
<BR><BR>[Stack]<UL><LI>Max Depth = 24<LI>Call Chain = pn532IsReady &rArr; PN532_IRQGetState
</UL>
<BR>[Calls]<UL><LI><a href="#[97]">&gt;&gt;</a>&nbsp;&nbsp;&nbsp;VTimer_Set
<LI><a href="#[9b]">&gt;&gt;</a>&nbsp;&nbsp;&nbsp;VTimer_Release
<LI><a href="#[9a]">&gt;&gt;</a>&nbsp;&nbsp;&nbsp;VTimer_IsFired
<LI><a href="#[96]">&gt;&gt;</a>&nbsp;&nbsp;&nbsp;VTimer_GetID
<LI><a href="#[77]">&gt;&gt;</a>&nbsp;&nbsp;&nbsp;PN532_IRQGetState
</UL>
<BR>[Called By]<UL><LI><a href="#[a9]">&gt;&gt;</a>&nbsp;&nbsp;&nbsp;pn532SendCommand
<LI><a href="#[aa]">&gt;&gt;</a>&nbsp;&nbsp;&nbsp;pn532ReadResponse
</UL>

<P><STRONG><a name="[b3]"></a>pn532RST</STRONG> (Thumb, 32 bytes, Stack size 8 bytes, pn532_drvr.o(i.pn532RST))
<BR><BR>[Stack]<UL><LI>Max Depth = 8<LI>Call Chain = pn532RST
</UL>
<BR>[Calls]<UL><LI><a href="#[40]">&gt;&gt;</a>&nbsp;&nbsp;&nbsp;delay_ms
</UL>
<BR>[Called By]<UL><LI><a href="#[ae]">&gt;&gt;</a>&nbsp;&nbsp;&nbsp;pn532HWInit
</UL>

<P><STRONG><a name="[aa]"></a>pn532ReadResponse</STRONG> (Thumb, 198 bytes, Stack size 32 bytes, pn532_drvr.o(i.pn532ReadResponse))
<BR><BR>[Stack]<UL><LI>Max Depth = 56<LI>Call Chain = pn532ReadResponse &rArr; pn532IsReady &rArr; PN532_IRQGetState
</UL>
<BR>[Calls]<UL><LI><a href="#[b0]">&gt;&gt;</a>&nbsp;&nbsp;&nbsp;GPIO_SetBits
<LI><a href="#[b6]">&gt;&gt;</a>&nbsp;&nbsp;&nbsp;GPIO_ResetBits
<LI><a href="#[b8]">&gt;&gt;</a>&nbsp;&nbsp;&nbsp;arraycmp
<LI><a href="#[40]">&gt;&gt;</a>&nbsp;&nbsp;&nbsp;delay_ms
<LI><a href="#[b7]">&gt;&gt;</a>&nbsp;&nbsp;&nbsp;sPN532_SendByte
<LI><a href="#[b5]">&gt;&gt;</a>&nbsp;&nbsp;&nbsp;pn532IsReady
</UL>
<BR>[Called By]<UL><LI><a href="#[45]">&gt;&gt;</a>&nbsp;&nbsp;&nbsp;pn532SelectApplication
<LI><a href="#[8d]">&gt;&gt;</a>&nbsp;&nbsp;&nbsp;pn532SAMConfigure
<LI><a href="#[8c]">&gt;&gt;</a>&nbsp;&nbsp;&nbsp;pn532GetFirmware
<LI><a href="#[6b]">&gt;&gt;</a>&nbsp;&nbsp;&nbsp;pn532FormatPICC
<LI><a href="#[4a]">&gt;&gt;</a>&nbsp;&nbsp;&nbsp;pn532DesfireWriteData
<LI><a href="#[7d]">&gt;&gt;</a>&nbsp;&nbsp;&nbsp;pn532DesfireReadData
<LI><a href="#[7e]">&gt;&gt;</a>&nbsp;&nbsp;&nbsp;pn532DesfireGetValue
<LI><a href="#[50]">&gt;&gt;</a>&nbsp;&nbsp;&nbsp;pn532DesfireDebit
<LI><a href="#[4d]">&gt;&gt;</a>&nbsp;&nbsp;&nbsp;pn532DesfireCredit
<LI><a href="#[49]">&gt;&gt;</a>&nbsp;&nbsp;&nbsp;pn532DesfireCreateFile
<LI><a href="#[4e]">&gt;&gt;</a>&nbsp;&nbsp;&nbsp;pn532DesfireCommitTransaction
<LI><a href="#[6a]">&gt;&gt;</a>&nbsp;&nbsp;&nbsp;pn532DesfireChangeKeySetting
<LI><a href="#[48]">&gt;&gt;</a>&nbsp;&nbsp;&nbsp;pn532DesfireChangeKey
<LI><a href="#[46]">&gt;&gt;</a>&nbsp;&nbsp;&nbsp;pn532DesfireAuthenticate
<LI><a href="#[47]">&gt;&gt;</a>&nbsp;&nbsp;&nbsp;pn532CreateApplication
<LI><a href="#[4b]">&gt;&gt;</a>&nbsp;&nbsp;&nbsp;pn532CardRelease
<LI><a href="#[44]">&gt;&gt;</a>&nbsp;&nbsp;&nbsp;pn532CardList
<LI><a href="#[b9]">&gt;&gt;</a>&nbsp;&nbsp;&nbsp;pn532SetRegister
<LI><a href="#[ad]">&gt;&gt;</a>&nbsp;&nbsp;&nbsp;pn532GetRegister
</UL>

<P><STRONG><a name="[8d]"></a>pn532SAMConfigure</STRONG> (Thumb, 124 bytes, Stack size 48 bytes, pn532.o(i.pn532SAMConfigure))
<BR><BR>[Stack]<UL><LI>Max Depth = 512<LI>Call Chain = pn532SAMConfigure &rArr; pn532SetRegister &rArr; pn532GetRegister &rArr; pn532SendCommand &rArr; sPN532_ReadFrame &rArr; sPN532_SendByte
</UL>
<BR>[Calls]<UL><LI><a href="#[40]">&gt;&gt;</a>&nbsp;&nbsp;&nbsp;delay_ms
<LI><a href="#[a9]">&gt;&gt;</a>&nbsp;&nbsp;&nbsp;pn532SendCommand
<LI><a href="#[aa]">&gt;&gt;</a>&nbsp;&nbsp;&nbsp;pn532ReadResponse
<LI><a href="#[b9]">&gt;&gt;</a>&nbsp;&nbsp;&nbsp;pn532SetRegister
</UL>
<BR>[Called By]<UL><LI><a href="#[52]">&gt;&gt;</a>&nbsp;&nbsp;&nbsp;StartReader
</UL>

<P><STRONG><a name="[45]"></a>pn532SelectApplication</STRONG> (Thumb, 150 bytes, Stack size 56 bytes, pn532.o(i.pn532SelectApplication))
<BR><BR>[Stack]<UL><LI>Max Depth = 400<LI>Call Chain = pn532SelectApplication &rArr; pn532SendCommand &rArr; sPN532_ReadFrame &rArr; sPN532_SendByte
</UL>
<BR>[Calls]<UL><LI><a href="#[40]">&gt;&gt;</a>&nbsp;&nbsp;&nbsp;delay_ms
<LI><a href="#[a9]">&gt;&gt;</a>&nbsp;&nbsp;&nbsp;pn532SendCommand
<LI><a href="#[aa]">&gt;&gt;</a>&nbsp;&nbsp;&nbsp;pn532ReadResponse
</UL>
<BR>[Called By]<UL><LI><a href="#[60]">&gt;&gt;</a>&nbsp;&nbsp;&nbsp;RestoreToDefaultCard
<LI><a href="#[5a]">&gt;&gt;</a>&nbsp;&nbsp;&nbsp;ReadCard
<LI><a href="#[58]">&gt;&gt;</a>&nbsp;&nbsp;&nbsp;FormatOldCard
<LI><a href="#[57]">&gt;&gt;</a>&nbsp;&nbsp;&nbsp;FormatNewCard
<LI><a href="#[4f]">&gt;&gt;</a>&nbsp;&nbsp;&nbsp;DebitValue
<LI><a href="#[4c]">&gt;&gt;</a>&nbsp;&nbsp;&nbsp;CreditValue
<LI><a href="#[43]">&gt;&gt;</a>&nbsp;&nbsp;&nbsp;CreateCard
</UL>

<P><STRONG><a name="[a9]"></a>pn532SendCommand</STRONG> (Thumb, 114 bytes, Stack size 312 bytes, pn532_drvr.o(i.pn532SendCommand))
<BR><BR>[Stack]<UL><LI>Max Depth = 344<LI>Call Chain = pn532SendCommand &rArr; sPN532_ReadFrame &rArr; sPN532_SendByte
</UL>
<BR>[Calls]<UL><LI><a href="#[b8]">&gt;&gt;</a>&nbsp;&nbsp;&nbsp;arraycmp
<LI><a href="#[ba]">&gt;&gt;</a>&nbsp;&nbsp;&nbsp;sPN532_SendFrame
<LI><a href="#[bb]">&gt;&gt;</a>&nbsp;&nbsp;&nbsp;sPN532_ReadFrame
<LI><a href="#[b5]">&gt;&gt;</a>&nbsp;&nbsp;&nbsp;pn532IsReady
<LI><a href="#[a8]">&gt;&gt;</a>&nbsp;&nbsp;&nbsp;pn532BuildFrame
<LI><a href="#[53]">&gt;&gt;</a>&nbsp;&nbsp;&nbsp;__aeabi_memclr4
</UL>
<BR>[Called By]<UL><LI><a href="#[45]">&gt;&gt;</a>&nbsp;&nbsp;&nbsp;pn532SelectApplication
<LI><a href="#[8d]">&gt;&gt;</a>&nbsp;&nbsp;&nbsp;pn532SAMConfigure
<LI><a href="#[8c]">&gt;&gt;</a>&nbsp;&nbsp;&nbsp;pn532GetFirmware
<LI><a href="#[6b]">&gt;&gt;</a>&nbsp;&nbsp;&nbsp;pn532FormatPICC
<LI><a href="#[4a]">&gt;&gt;</a>&nbsp;&nbsp;&nbsp;pn532DesfireWriteData
<LI><a href="#[7d]">&gt;&gt;</a>&nbsp;&nbsp;&nbsp;pn532DesfireReadData
<LI><a href="#[7e]">&gt;&gt;</a>&nbsp;&nbsp;&nbsp;pn532DesfireGetValue
<LI><a href="#[50]">&gt;&gt;</a>&nbsp;&nbsp;&nbsp;pn532DesfireDebit
<LI><a href="#[4d]">&gt;&gt;</a>&nbsp;&nbsp;&nbsp;pn532DesfireCredit
<LI><a href="#[49]">&gt;&gt;</a>&nbsp;&nbsp;&nbsp;pn532DesfireCreateFile
<LI><a href="#[4e]">&gt;&gt;</a>&nbsp;&nbsp;&nbsp;pn532DesfireCommitTransaction
<LI><a href="#[6a]">&gt;&gt;</a>&nbsp;&nbsp;&nbsp;pn532DesfireChangeKeySetting
<LI><a href="#[48]">&gt;&gt;</a>&nbsp;&nbsp;&nbsp;pn532DesfireChangeKey
<LI><a href="#[46]">&gt;&gt;</a>&nbsp;&nbsp;&nbsp;pn532DesfireAuthenticate
<LI><a href="#[47]">&gt;&gt;</a>&nbsp;&nbsp;&nbsp;pn532CreateApplication
<LI><a href="#[4b]">&gt;&gt;</a>&nbsp;&nbsp;&nbsp;pn532CardRelease
<LI><a href="#[44]">&gt;&gt;</a>&nbsp;&nbsp;&nbsp;pn532CardList
<LI><a href="#[b9]">&gt;&gt;</a>&nbsp;&nbsp;&nbsp;pn532SetRegister
<LI><a href="#[ad]">&gt;&gt;</a>&nbsp;&nbsp;&nbsp;pn532GetRegister
</UL>

<P><STRONG><a name="[b9]"></a>pn532SetRegister</STRONG> (Thumb, 128 bytes, Stack size 64 bytes, pn532.o(i.pn532SetRegister))
<BR><BR>[Stack]<UL><LI>Max Depth = 464<LI>Call Chain = pn532SetRegister &rArr; pn532GetRegister &rArr; pn532SendCommand &rArr; sPN532_ReadFrame &rArr; sPN532_SendByte
</UL>
<BR>[Calls]<UL><LI><a href="#[40]">&gt;&gt;</a>&nbsp;&nbsp;&nbsp;delay_ms
<LI><a href="#[a9]">&gt;&gt;</a>&nbsp;&nbsp;&nbsp;pn532SendCommand
<LI><a href="#[aa]">&gt;&gt;</a>&nbsp;&nbsp;&nbsp;pn532ReadResponse
<LI><a href="#[ad]">&gt;&gt;</a>&nbsp;&nbsp;&nbsp;pn532GetRegister
</UL>
<BR>[Called By]<UL><LI><a href="#[8d]">&gt;&gt;</a>&nbsp;&nbsp;&nbsp;pn532SAMConfigure
</UL>

<P><STRONG><a name="[b4]"></a>pn532Wakeup</STRONG> (Thumb, 34 bytes, Stack size 16 bytes, pn532_drvr.o(i.pn532Wakeup))
<BR><BR>[Stack]<UL><LI>Max Depth = 16<LI>Call Chain = pn532Wakeup
</UL>
<BR>[Calls]<UL><LI><a href="#[b6]">&gt;&gt;</a>&nbsp;&nbsp;&nbsp;GPIO_ResetBits
<LI><a href="#[40]">&gt;&gt;</a>&nbsp;&nbsp;&nbsp;delay_ms
<LI><a href="#[bc]">&gt;&gt;</a>&nbsp;&nbsp;&nbsp;pn532GetPCB
</UL>
<BR>[Called By]<UL><LI><a href="#[8b]">&gt;&gt;</a>&nbsp;&nbsp;&nbsp;pn532Init
</UL>

<P><STRONG><a name="[a6]"></a>psDesDecryptBlock</STRONG> (Thumb, 108 bytes, Stack size 24 bytes, des.o(i.psDesDecryptBlock))
<BR><BR>[Stack]<UL><LI>Max Depth = 44<LI>Call Chain = psDesDecryptBlock &rArr; desfunc
</UL>
<BR>[Calls]<UL><LI><a href="#[bd]">&gt;&gt;</a>&nbsp;&nbsp;&nbsp;desfunc
</UL>
<BR>[Called By]<UL><LI><a href="#[a4]">&gt;&gt;</a>&nbsp;&nbsp;&nbsp;mifare_cbc_des
</UL>

<P><STRONG><a name="[a5]"></a>psDesInitKey</STRONG> (Thumb, 44 bytes, Stack size 16 bytes, des.o(i.psDesInitKey))
<BR><BR>[Stack]<UL><LI>Max Depth = 448<LI>Call Chain = psDesInitKey &rArr; deskey &rArr; cookey
</UL>
<BR>[Calls]<UL><LI><a href="#[a2]">&gt;&gt;</a>&nbsp;&nbsp;&nbsp;deskey
</UL>
<BR>[Called By]<UL><LI><a href="#[a4]">&gt;&gt;</a>&nbsp;&nbsp;&nbsp;mifare_cbc_des
</UL>

<P><STRONG><a name="[ab]"></a>psGetPrng</STRONG> (Thumb, 38 bytes, Stack size 0 bytes, des.o(i.psGetPrng))
<BR><BR>[Called By]<UL><LI><a href="#[46]">&gt;&gt;</a>&nbsp;&nbsp;&nbsp;pn532DesfireAuthenticate
</UL>

<P><STRONG><a name="[ac]"></a>rol8</STRONG> (Thumb, 22 bytes, Stack size 0 bytes, pn532.o(i.rol8))
<BR><BR>[Called By]<UL><LI><a href="#[46]">&gt;&gt;</a>&nbsp;&nbsp;&nbsp;pn532DesfireAuthenticate
</UL>

<P><STRONG><a name="[af]"></a>sPN532_LowLevel_Init</STRONG> (Thumb, 162 bytes, Stack size 8 bytes, stm32sunid.o(i.sPN532_LowLevel_Init))
<BR><BR>[Stack]<UL><LI>Max Depth = 32<LI>Call Chain = sPN532_LowLevel_Init &rArr; GPIO_Init
</UL>
<BR>[Calls]<UL><LI><a href="#[3d]">&gt;&gt;</a>&nbsp;&nbsp;&nbsp;RCC_APB2PeriphClockCmd
<LI><a href="#[b0]">&gt;&gt;</a>&nbsp;&nbsp;&nbsp;GPIO_SetBits
<LI><a href="#[b6]">&gt;&gt;</a>&nbsp;&nbsp;&nbsp;GPIO_ResetBits
<LI><a href="#[3e]">&gt;&gt;</a>&nbsp;&nbsp;&nbsp;GPIO_Init
</UL>
<BR>[Called By]<UL><LI><a href="#[ae]">&gt;&gt;</a>&nbsp;&nbsp;&nbsp;pn532HWInit
</UL>

<P><STRONG><a name="[bb]"></a>sPN532_ReadFrame</STRONG> (Thumb, 64 bytes, Stack size 24 bytes, pn532_drvr.o(i.sPN532_ReadFrame))
<BR><BR>[Stack]<UL><LI>Max Depth = 32<LI>Call Chain = sPN532_ReadFrame &rArr; sPN532_SendByte
</UL>
<BR>[Calls]<UL><LI><a href="#[b0]">&gt;&gt;</a>&nbsp;&nbsp;&nbsp;GPIO_SetBits
<LI><a href="#[b6]">&gt;&gt;</a>&nbsp;&nbsp;&nbsp;GPIO_ResetBits
<LI><a href="#[40]">&gt;&gt;</a>&nbsp;&nbsp;&nbsp;delay_ms
<LI><a href="#[b7]">&gt;&gt;</a>&nbsp;&nbsp;&nbsp;sPN532_SendByte
</UL>
<BR>[Called By]<UL><LI><a href="#[a9]">&gt;&gt;</a>&nbsp;&nbsp;&nbsp;pn532SendCommand
</UL>

<P><STRONG><a name="[b7]"></a>sPN532_SendByte</STRONG> (Thumb, 50 bytes, Stack size 8 bytes, pn532_drvr.o(i.sPN532_SendByte))
<BR><BR>[Stack]<UL><LI>Max Depth = 8<LI>Call Chain = sPN532_SendByte
</UL>
<BR>[Calls]<UL><LI><a href="#[bf]">&gt;&gt;</a>&nbsp;&nbsp;&nbsp;SPI_I2S_SendData
<LI><a href="#[c0]">&gt;&gt;</a>&nbsp;&nbsp;&nbsp;SPI_I2S_ReceiveData
<LI><a href="#[be]">&gt;&gt;</a>&nbsp;&nbsp;&nbsp;SPI_I2S_GetFlagStatus
</UL>
<BR>[Called By]<UL><LI><a href="#[ba]">&gt;&gt;</a>&nbsp;&nbsp;&nbsp;sPN532_SendFrame
<LI><a href="#[bb]">&gt;&gt;</a>&nbsp;&nbsp;&nbsp;sPN532_ReadFrame
<LI><a href="#[aa]">&gt;&gt;</a>&nbsp;&nbsp;&nbsp;pn532ReadResponse
</UL>

<P><STRONG><a name="[ba]"></a>sPN532_SendFrame</STRONG> (Thumb, 56 bytes, Stack size 16 bytes, pn532_drvr.o(i.sPN532_SendFrame))
<BR><BR>[Stack]<UL><LI>Max Depth = 24<LI>Call Chain = sPN532_SendFrame &rArr; sPN532_SendByte
</UL>
<BR>[Calls]<UL><LI><a href="#[b0]">&gt;&gt;</a>&nbsp;&nbsp;&nbsp;GPIO_SetBits
<LI><a href="#[b6]">&gt;&gt;</a>&nbsp;&nbsp;&nbsp;GPIO_ResetBits
<LI><a href="#[40]">&gt;&gt;</a>&nbsp;&nbsp;&nbsp;delay_ms
<LI><a href="#[b7]">&gt;&gt;</a>&nbsp;&nbsp;&nbsp;sPN532_SendByte
</UL>
<BR>[Called By]<UL><LI><a href="#[a9]">&gt;&gt;</a>&nbsp;&nbsp;&nbsp;pn532SendCommand
</UL>

<P><STRONG><a name="[a7]"></a>xor8</STRONG> (Thumb, 24 bytes, Stack size 8 bytes, pn532.o(i.xor8))
<BR><BR>[Stack]<UL><LI>Max Depth = 8<LI>Call Chain = xor8
</UL>
<BR>[Called By]<UL><LI><a href="#[48]">&gt;&gt;</a>&nbsp;&nbsp;&nbsp;pn532DesfireChangeKey
<LI><a href="#[a4]">&gt;&gt;</a>&nbsp;&nbsp;&nbsp;mifare_cbc_des
</UL>
<P>
<H3>
Local Symbols
</H3>
<P><STRONG><a name="[80]"></a>SetSysClock</STRONG> (Thumb, 8 bytes, Stack size 8 bytes, system_stm32f10x.o(i.SetSysClock))
<BR><BR>[Stack]<UL><LI>Max Depth = 8<LI>Call Chain = SetSysClock
</UL>
<BR>[Calls]<UL><LI><a href="#[81]">&gt;&gt;</a>&nbsp;&nbsp;&nbsp;SetSysClockTo24
</UL>
<BR>[Called By]<UL><LI><a href="#[34]">&gt;&gt;</a>&nbsp;&nbsp;&nbsp;SystemInit
</UL>

<P><STRONG><a name="[81]"></a>SetSysClockTo24</STRONG> (Thumb, 156 bytes, Stack size 0 bytes, system_stm32f10x.o(i.SetSysClockTo24))
<BR><BR>[Called By]<UL><LI><a href="#[80]">&gt;&gt;</a>&nbsp;&nbsp;&nbsp;SetSysClock
</UL>

<P><STRONG><a name="[64]"></a>bzero</STRONG> (Thumb, 22 bytes, Stack size 0 bytes, pn532.o(i.bzero))
<BR><BR>[Called By]<UL><LI><a href="#[67]">&gt;&gt;</a>&nbsp;&nbsp;&nbsp;DesfireCryptoPreProcessData
<LI><a href="#[62]">&gt;&gt;</a>&nbsp;&nbsp;&nbsp;DesfireCryptoPostProcessData
</UL>

<P><STRONG><a name="[63]"></a>enciphered_data_length</STRONG> (Thumb, 12 bytes, Stack size 8 bytes, pn532.o(i.enciphered_data_length))
<BR><BR>[Stack]<UL><LI>Max Depth = 8<LI>Call Chain = enciphered_data_length
</UL>
<BR>[Calls]<UL><LI><a href="#[68]">&gt;&gt;</a>&nbsp;&nbsp;&nbsp;padded_data_length
</UL>
<BR>[Called By]<UL><LI><a href="#[67]">&gt;&gt;</a>&nbsp;&nbsp;&nbsp;DesfireCryptoPreProcessData
<LI><a href="#[62]">&gt;&gt;</a>&nbsp;&nbsp;&nbsp;DesfireCryptoPostProcessData
</UL>

<P><STRONG><a name="[69]"></a>maced_data_length</STRONG> (Thumb, 6 bytes, Stack size 0 bytes, pn532.o(i.maced_data_length))
<BR><BR>[Called By]<UL><LI><a href="#[67]">&gt;&gt;</a>&nbsp;&nbsp;&nbsp;DesfireCryptoPreProcessData
</UL>

<P><STRONG><a name="[68]"></a>padded_data_length</STRONG> (Thumb, 22 bytes, Stack size 0 bytes, pn532.o(i.padded_data_length))
<BR><BR>[Called By]<UL><LI><a href="#[67]">&gt;&gt;</a>&nbsp;&nbsp;&nbsp;DesfireCryptoPreProcessData
<LI><a href="#[63]">&gt;&gt;</a>&nbsp;&nbsp;&nbsp;enciphered_data_length
</UL>
<P>
<H3>
Undefined Global Symbols
</H3><HR></body></html>
