ARM Linker, 4.1 [Build 561] [Standard]

==============================================================================

Section Cross References

    stm32f10x_gpio.o(i.GPIO_AFIODeInit) refers to stm32f10x_rcc.o(i.RCC_APB2PeriphResetCmd) for RCC_APB2PeriphResetCmd
    stm32f10x_gpio.o(i.GPIO_DeInit) refers to stm32f10x_rcc.o(i.RCC_APB2PeriphResetCmd) for RCC_APB2PeriphResetCmd
    stm32f10x_rcc.o(i.RCC_GetClocksFreq) refers to stm32f10x_rcc.o(.data) for .data
    stm32f10x_rcc.o(i.RCC_WaitForHSEStartUp) refers to stm32f10x_rcc.o(i.RCC_GetFlagStatus) for RCC_GetFlagStatus
    stm32f10x_flash.o(i.FLASH_EnableWriteProtection) refers to stm32f10x_flash.o(i.FLASH_WaitForLastOperation) for FLASH_WaitForLastOperation
    stm32f10x_flash.o(i.FLASH_EraseAllBank1Pages) refers to stm32f10x_flash.o(i.FLASH_WaitForLastBank1Operation) for FLASH_WaitForLastBank1Operation
    stm32f10x_flash.o(i.FLASH_EraseAllPages) refers to stm32f10x_flash.o(i.FLASH_WaitForLastOperation) for FLASH_WaitForLastOperation
    stm32f10x_flash.o(i.FLASH_EraseOptionBytes) refers to stm32f10x_flash.o(i.FLASH_GetReadOutProtectionStatus) for FLASH_GetReadOutProtectionStatus
    stm32f10x_flash.o(i.FLASH_EraseOptionBytes) refers to stm32f10x_flash.o(i.FLASH_WaitForLastOperation) for FLASH_WaitForLastOperation
    stm32f10x_flash.o(i.FLASH_ErasePage) refers to stm32f10x_flash.o(i.FLASH_WaitForLastOperation) for FLASH_WaitForLastOperation
    stm32f10x_flash.o(i.FLASH_ProgramHalfWord) refers to stm32f10x_flash.o(i.FLASH_WaitForLastOperation) for FLASH_WaitForLastOperation
    stm32f10x_flash.o(i.FLASH_ProgramOptionByteData) refers to stm32f10x_flash.o(i.FLASH_WaitForLastOperation) for FLASH_WaitForLastOperation
    stm32f10x_flash.o(i.FLASH_ProgramWord) refers to stm32f10x_flash.o(i.FLASH_WaitForLastOperation) for FLASH_WaitForLastOperation
    stm32f10x_flash.o(i.FLASH_ReadOutProtection) refers to stm32f10x_flash.o(i.FLASH_WaitForLastOperation) for FLASH_WaitForLastOperation
    stm32f10x_flash.o(i.FLASH_UserOptionByteConfig) refers to stm32f10x_flash.o(i.FLASH_WaitForLastOperation) for FLASH_WaitForLastOperation
    stm32f10x_flash.o(i.FLASH_WaitForLastBank1Operation) refers to stm32f10x_flash.o(i.FLASH_GetBank1Status) for FLASH_GetBank1Status
    stm32f10x_flash.o(i.FLASH_WaitForLastOperation) refers to stm32f10x_flash.o(i.FLASH_GetBank1Status) for FLASH_GetBank1Status
    stm32f10x_adc.o(i.ADC_DeInit) refers to stm32f10x_rcc.o(i.RCC_APB2PeriphResetCmd) for RCC_APB2PeriphResetCmd
    stm32f10x_usart.o(i.USART_DeInit) refers to stm32f10x_rcc.o(i.RCC_APB2PeriphResetCmd) for RCC_APB2PeriphResetCmd
    stm32f10x_usart.o(i.USART_DeInit) refers to stm32f10x_rcc.o(i.RCC_APB1PeriphResetCmd) for RCC_APB1PeriphResetCmd
    stm32f10x_usart.o(i.USART_Init) refers to stm32f10x_rcc.o(i.RCC_GetClocksFreq) for RCC_GetClocksFreq
    stm32f10x_tim.o(i.TIM_DeInit) refers to stm32f10x_rcc.o(i.RCC_APB1PeriphResetCmd) for RCC_APB1PeriphResetCmd
    stm32f10x_tim.o(i.TIM_DeInit) refers to stm32f10x_rcc.o(i.RCC_APB2PeriphResetCmd) for RCC_APB2PeriphResetCmd
    stm32f10x_tim.o(i.TIM_ETRClockMode1Config) refers to stm32f10x_tim.o(i.TIM_ETRConfig) for TIM_ETRConfig
    stm32f10x_tim.o(i.TIM_ETRClockMode2Config) refers to stm32f10x_tim.o(i.TIM_ETRConfig) for TIM_ETRConfig
    stm32f10x_tim.o(i.TIM_ICInit) refers to stm32f10x_tim.o(i.TIM_SetIC4Prescaler) for TIM_SetIC4Prescaler
    stm32f10x_tim.o(i.TIM_ICInit) refers to stm32f10x_tim.o(i.TI1_Config) for TI1_Config
    stm32f10x_tim.o(i.TIM_ICInit) refers to stm32f10x_tim.o(i.TIM_SetIC1Prescaler) for TIM_SetIC1Prescaler
    stm32f10x_tim.o(i.TIM_ICInit) refers to stm32f10x_tim.o(i.TI2_Config) for TI2_Config
    stm32f10x_tim.o(i.TIM_ICInit) refers to stm32f10x_tim.o(i.TIM_SetIC2Prescaler) for TIM_SetIC2Prescaler
    stm32f10x_tim.o(i.TIM_ICInit) refers to stm32f10x_tim.o(i.TIM_SetIC3Prescaler) for TIM_SetIC3Prescaler
    stm32f10x_tim.o(i.TIM_PWMIConfig) refers to stm32f10x_tim.o(i.TI2_Config) for TI2_Config
    stm32f10x_tim.o(i.TIM_PWMIConfig) refers to stm32f10x_tim.o(i.TIM_SetIC2Prescaler) for TIM_SetIC2Prescaler
    stm32f10x_tim.o(i.TIM_PWMIConfig) refers to stm32f10x_tim.o(i.TI1_Config) for TI1_Config
    stm32f10x_tim.o(i.TIM_PWMIConfig) refers to stm32f10x_tim.o(i.TIM_SetIC1Prescaler) for TIM_SetIC1Prescaler
    stm32f10x_tim.o(i.TIM_TIxExternalClockConfig) refers to stm32f10x_tim.o(i.TI1_Config) for TI1_Config
    stm32f10x_tim.o(i.TIM_TIxExternalClockConfig) refers to stm32f10x_tim.o(i.TI2_Config) for TI2_Config
    stm32f10x_spi.o(i.I2S_Init) refers to stm32f10x_rcc.o(i.RCC_GetClocksFreq) for RCC_GetClocksFreq
    stm32f10x_spi.o(i.SPI_I2S_DeInit) refers to stm32f10x_rcc.o(i.RCC_APB2PeriphResetCmd) for RCC_APB2PeriphResetCmd
    stm32f10x_spi.o(i.SPI_I2S_DeInit) refers to stm32f10x_rcc.o(i.RCC_APB1PeriphResetCmd) for RCC_APB1PeriphResetCmd
    stm32f10x_i2c.o(i.I2C_DeInit) refers to stm32f10x_rcc.o(i.RCC_APB1PeriphResetCmd) for RCC_APB1PeriphResetCmd
    stm32f10x_i2c.o(i.I2C_Init) refers to stm32f10x_rcc.o(i.RCC_GetClocksFreq) for RCC_GetClocksFreq
    system_stm32f10x.o(i.SystemCoreClockUpdate) refers to system_stm32f10x.o(.data) for .data
    system_stm32f10x.o(i.SystemInit) refers to system_stm32f10x.o(i.SetSysClockTo24) for SetSysClockTo24
    startup_stm32f10x_md_vl.o(RESET) refers to startup_stm32f10x_md_vl.o(STACK) for __initial_sp
    startup_stm32f10x_md_vl.o(RESET) refers to startup_stm32f10x_md_vl.o(.text) for Reset_Handler
    startup_stm32f10x_md_vl.o(RESET) refers to stm32f10x_it.o(i.NMI_Handler) for NMI_Handler
    startup_stm32f10x_md_vl.o(RESET) refers to stm32f10x_it.o(i.HardFault_Handler) for HardFault_Handler
    startup_stm32f10x_md_vl.o(RESET) refers to stm32f10x_it.o(i.MemManage_Handler) for MemManage_Handler
    startup_stm32f10x_md_vl.o(RESET) refers to stm32f10x_it.o(i.BusFault_Handler) for BusFault_Handler
    startup_stm32f10x_md_vl.o(RESET) refers to stm32f10x_it.o(i.UsageFault_Handler) for UsageFault_Handler
    startup_stm32f10x_md_vl.o(RESET) refers to stm32f10x_it.o(i.SVC_Handler) for SVC_Handler
    startup_stm32f10x_md_vl.o(RESET) refers to stm32f10x_it.o(i.DebugMon_Handler) for DebugMon_Handler
    startup_stm32f10x_md_vl.o(RESET) refers to stm32f10x_it.o(i.PendSV_Handler) for PendSV_Handler
    startup_stm32f10x_md_vl.o(RESET) refers to stm32f10x_it.o(i.SysTick_Handler) for SysTick_Handler
    startup_stm32f10x_md_vl.o(RESET) refers to stm32f10x_it.o(i.RCC_IRQHandler) for RCC_IRQHandler
    startup_stm32f10x_md_vl.o(RESET) refers to stm32f10x_it.o(i.TIM2_IRQHandler) for TIM2_IRQHandler
    startup_stm32f10x_md_vl.o(RESET) refers to stm32f10x_it.o(i.USART1_IRQHandler) for USART1_IRQHandler
    startup_stm32f10x_md_vl.o(RESET) refers to stm32f10x_it.o(i.USART2_IRQHandler) for USART2_IRQHandler
    startup_stm32f10x_md_vl.o(.text) refers to system_stm32f10x.o(i.SystemInit) for SystemInit
    startup_stm32f10x_md_vl.o(.text) refers to entry.o(.ARM.Collect$$$$00000000) for __main
    khoitest.o(i.newline) refers to stm32f10x_usart.o(i.USART_SendData) for USART_SendData
    khoitest.o(i.newline) refers to stm32f10x_usart.o(i.USART_GetFlagStatus) for USART_GetFlagStatus
    khoitest.o(i.testLED) refers to stm32sunidmainsmall.o(i.LEDInit) for LEDInit
    khoitest.o(i.testLED) refers to stm32sunidmainsmall.o(i.LEDToggle) for LEDToggle
    khoitest.o(i.testLED) refers to vtimer.o(i.delay_ms) for delay_ms
    khoitest.o(i.testSwitch) refers to stm32sunidmainsmall.o(i.LEDInit) for LEDInit
    khoitest.o(i.testSwitch) refers to stm32sunidmainsmall.o(i.SWInit) for SWInit
    khoitest.o(i.testSwitch) refers to stm32sunidmainsmall.o(i.PBInit) for PBInit
    khoitest.o(i.testSwitch) refers to stm32sunidmainsmall.o(i.BuzzerInit) for BuzzerInit
    khoitest.o(i.testSwitch) refers to stm32sunidmainsmall.o(i.SWGetState) for SWGetState
    khoitest.o(i.testSwitch) refers to stm32sunidmainsmall.o(i.LEDOn) for LEDOn
    khoitest.o(i.testSwitch) refers to stm32sunidmainsmall.o(i.LEDOff) for LEDOff
    khoitest.o(i.testSwitch) refers to stm32sunidmainsmall.o(i.PBGetState) for PBGetState
    khoitest.o(i.testSwitch) refers to stm32sunidmainsmall.o(i.BuzzerOn) for BuzzerOn
    khoitest.o(i.testTouch) refers to stm32sunidmainsmall.o(i.LEDInit) for LEDInit
    khoitest.o(i.testTouch) refers to stm32sunidmainsmall.o(i.BuzzerInit) for BuzzerInit
    khoitest.o(i.testTouch) refers to i2c.o(i.I2CInit) for I2CInit
    khoitest.o(i.testTouch) refers to touchpad.o(i.TouchPadInit) for TouchPadInit
    khoitest.o(i.testTouch) refers to touchpad.o(i.GetTouchKey) for GetTouchKey
    khoitest.o(i.testTouch) refers to stm32sunidmainsmall.o(i.BuzzerOn) for BuzzerOn
    khoitest.o(i.testTouch) refers to vtimer.o(i.delay_ms) for delay_ms
    khoitest.o(i.testTouch) refers to stm32sunidmainsmall.o(i.LEDOff) for LEDOff
    khoitest.o(i.testTouch) refers to stm32sunidmainsmall.o(i.LEDOn) for LEDOn
    khoitest.o(i.testTouch) refers to khoitest.o(.data) for .data
    khoitest.o(i.test_USARTCOM) refers to uartcom.o(i.USARTCOMInit) for USARTCOMInit
    khoitest.o(i.test_USARTCOM) refers to uart_printf.o(i.USART_printf) for USART_printf
    khoitest.o(i.test_USARTCOM) refers to vtimer.o(i.delay_ms) for delay_ms
    main.o(i.NVIC_Configuration) refers to misc.o(i.NVIC_SetVectorTable) for NVIC_SetVectorTable
    main.o(i.SetSysClock) refers to main.o(i.SetSysClockTo24) for SetSysClockTo24
    main.o(i.SetSysClockTo24) refers to stm32f10x_rcc.o(i.RCC_DeInit) for RCC_DeInit
    main.o(i.SetSysClockTo24) refers to stm32f10x_rcc.o(i.RCC_HCLKConfig) for RCC_HCLKConfig
    main.o(i.SetSysClockTo24) refers to stm32f10x_rcc.o(i.RCC_PCLK2Config) for RCC_PCLK2Config
    main.o(i.SetSysClockTo24) refers to stm32f10x_rcc.o(i.RCC_PCLK1Config) for RCC_PCLK1Config
    main.o(i.SetSysClockTo24) refers to stm32f10x_rcc.o(i.RCC_PLLConfig) for RCC_PLLConfig
    main.o(i.SetSysClockTo24) refers to stm32f10x_rcc.o(i.RCC_PLLCmd) for RCC_PLLCmd
    main.o(i.SetSysClockTo24) refers to stm32f10x_rcc.o(i.RCC_GetFlagStatus) for RCC_GetFlagStatus
    main.o(i.SetSysClockTo24) refers to stm32f10x_rcc.o(i.RCC_SYSCLKConfig) for RCC_SYSCLKConfig
    main.o(i.SetSysClockTo24) refers to stm32f10x_rcc.o(i.RCC_GetSYSCLKSource) for RCC_GetSYSCLKSource
    main.o(i.SetSysClockTo24) refers to stm32f10x_rcc.o(i.RCC_APB2PeriphClockCmd) for RCC_APB2PeriphClockCmd
    main.o(i.main) refers to main.o(i.SetSysClockTo24) for SetSysClockTo24
    main.o(i.main) refers to stm32f10x_rcc.o(i.RCC_GetClocksFreq) for RCC_GetClocksFreq
    main.o(i.main) refers to stm32f10x_gpio.o(i.GPIO_PinRemapConfig) for GPIO_PinRemapConfig
    main.o(i.main) refers to vtimer.o(i.VTimer_InitController) for VTimer_InitController
    main.o(i.main) refers to main.o(i.NVIC_Configuration) for NVIC_Configuration
    main.o(i.main) refers to khoitest.o(i.test_USARTCOM) for test_USARTCOM
    main.o(i.main) refers to main.o(.bss) for .bss
    main.o(i.main) refers to system_stm32f10x.o(.data) for SystemCoreClock
    stm32f10x_it.o(i.RCC_IRQHandler) refers to stm32f10x_rcc.o(i.RCC_GetITStatus) for RCC_GetITStatus
    stm32f10x_it.o(i.RCC_IRQHandler) refers to stm32f10x_rcc.o(i.RCC_ClearITPendingBit) for RCC_ClearITPendingBit
    stm32f10x_it.o(i.RCC_IRQHandler) refers to stm32f10x_rcc.o(i.RCC_GetFlagStatus) for RCC_GetFlagStatus
    stm32f10x_it.o(i.RCC_IRQHandler) refers to stm32f10x_rcc.o(i.RCC_PLLCmd) for RCC_PLLCmd
    stm32f10x_it.o(i.RCC_IRQHandler) refers to stm32f10x_rcc.o(i.RCC_SYSCLKConfig) for RCC_SYSCLKConfig
    stm32f10x_it.o(i.SysTick_Handler) refers to vtimer.o(i.VTimer_Service) for VTimer_Service
    stm32f10x_it.o(i.TIM2_IRQHandler) refers to stm32f10x_tim.o(i.TIM_GetITStatus) for TIM_GetITStatus
    stm32f10x_it.o(i.TIM2_IRQHandler) refers to stm32f10x_tim.o(i.TIM_ClearITPendingBit) for TIM_ClearITPendingBit
    stm32f10x_it.o(i.USART1_IRQHandler) refers to uartcom.o(i.USART1_ISR) for USART1_ISR
    stm32f10x_it.o(i.USART2_IRQHandler) refers to uart.o(i.UART_ISR) for UART_ISR
    stm32sunidmainsmall.o(i.BuzzerInit) refers to stm32f10x_rcc.o(i.RCC_APB2PeriphClockCmd) for RCC_APB2PeriphClockCmd
    stm32sunidmainsmall.o(i.BuzzerInit) refers to stm32f10x_gpio.o(i.GPIO_Init) for GPIO_Init
    stm32sunidmainsmall.o(i.BuzzerOn) refers to vtimer.o(i.delay_ms) for delay_ms
    stm32sunidmainsmall.o(i.LEDInit) refers to stm32f10x_gpio.o(i.GPIO_PinRemapConfig) for GPIO_PinRemapConfig
    stm32sunidmainsmall.o(i.LEDInit) refers to stm32f10x_rcc.o(i.RCC_APB2PeriphClockCmd) for RCC_APB2PeriphClockCmd
    stm32sunidmainsmall.o(i.LEDInit) refers to stm32f10x_gpio.o(i.GPIO_Init) for GPIO_Init
    stm32sunidmainsmall.o(i.LEDInit) refers to stm32sunidmainsmall.o(.constdata) for .constdata
    stm32sunidmainsmall.o(i.LEDInit) refers to stm32sunidmainsmall.o(.data) for .data
    stm32sunidmainsmall.o(i.LEDOff) refers to stm32sunidmainsmall.o(.constdata) for .constdata
    stm32sunidmainsmall.o(i.LEDOff) refers to stm32sunidmainsmall.o(.data) for .data
    stm32sunidmainsmall.o(i.LEDOn) refers to stm32sunidmainsmall.o(.constdata) for .constdata
    stm32sunidmainsmall.o(i.LEDOn) refers to stm32sunidmainsmall.o(.data) for .data
    stm32sunidmainsmall.o(i.LEDToggle) refers to stm32sunidmainsmall.o(.data) for .data
    stm32sunidmainsmall.o(i.LEDToggle) refers to stm32sunidmainsmall.o(.constdata) for .constdata
    stm32sunidmainsmall.o(i.PBGetState) refers to stm32f10x_gpio.o(i.GPIO_ReadInputDataBit) for GPIO_ReadInputDataBit
    stm32sunidmainsmall.o(i.PBGetState) refers to stm32sunidmainsmall.o(.constdata) for .constdata
    stm32sunidmainsmall.o(i.PBGetState) refers to stm32sunidmainsmall.o(.data) for .data
    stm32sunidmainsmall.o(i.PBInit) refers to stm32f10x_rcc.o(i.RCC_APB2PeriphClockCmd) for RCC_APB2PeriphClockCmd
    stm32sunidmainsmall.o(i.PBInit) refers to stm32f10x_gpio.o(i.GPIO_Init) for GPIO_Init
    stm32sunidmainsmall.o(i.PBInit) refers to stm32f10x_gpio.o(i.GPIO_EXTILineConfig) for GPIO_EXTILineConfig
    stm32sunidmainsmall.o(i.PBInit) refers to stm32f10x_exti.o(i.EXTI_Init) for EXTI_Init
    stm32sunidmainsmall.o(i.PBInit) refers to misc.o(i.NVIC_Init) for NVIC_Init
    stm32sunidmainsmall.o(i.PBInit) refers to stm32sunidmainsmall.o(.constdata) for .constdata
    stm32sunidmainsmall.o(i.PBInit) refers to stm32sunidmainsmall.o(.data) for .data
    stm32sunidmainsmall.o(i.SWGetState) refers to stm32f10x_gpio.o(i.GPIO_ReadInputDataBit) for GPIO_ReadInputDataBit
    stm32sunidmainsmall.o(i.SWGetState) refers to stm32sunidmainsmall.o(.constdata) for .constdata
    stm32sunidmainsmall.o(i.SWGetState) refers to stm32sunidmainsmall.o(.data) for .data
    stm32sunidmainsmall.o(i.SWInit) refers to stm32f10x_rcc.o(i.RCC_APB2PeriphClockCmd) for RCC_APB2PeriphClockCmd
    stm32sunidmainsmall.o(i.SWInit) refers to stm32f10x_gpio.o(i.GPIO_Init) for GPIO_Init
    stm32sunidmainsmall.o(i.SWInit) refers to stm32sunidmainsmall.o(.constdata) for .constdata
    stm32sunidmainsmall.o(i.SWInit) refers to stm32sunidmainsmall.o(.data) for .data
    stm32sunidmainsmall.o(i.TimerInit) refers to stm32f10x_rcc.o(i.RCC_APB1PeriphClockCmd) for RCC_APB1PeriphClockCmd
    stm32sunidmainsmall.o(i.TimerInit) refers to stm32f10x_tim.o(i.TIM_TimeBaseInit) for TIM_TimeBaseInit
    stm32sunidmainsmall.o(i.TimerInit) refers to stm32f10x_tim.o(i.TIM_InternalClockConfig) for TIM_InternalClockConfig
    stm32sunidmainsmall.o(i.TimerInit) refers to stm32f10x_tim.o(i.TIM_ARRPreloadConfig) for TIM_ARRPreloadConfig
    stm32sunidmainsmall.o(i.TimerInit) refers to stm32f10x_tim.o(i.TIM_ITConfig) for TIM_ITConfig
    stm32sunidmainsmall.o(i.TimerInit) refers to stm32f10x_tim.o(i.TIM_Cmd) for TIM_Cmd
    stm32sunidmainsmall.o(i.TimerInit) refers to misc.o(i.NVIC_Init) for NVIC_Init
    stm32sunidmainsmall.o(i.sPN532_LowLevel_DeInit) refers to stm32f10x_spi.o(i.SPI_Cmd) for SPI_Cmd
    stm32sunidmainsmall.o(i.sPN532_LowLevel_DeInit) refers to stm32f10x_spi.o(i.SPI_I2S_DeInit) for SPI_I2S_DeInit
    stm32sunidmainsmall.o(i.sPN532_LowLevel_DeInit) refers to stm32f10x_rcc.o(i.RCC_APB2PeriphClockCmd) for RCC_APB2PeriphClockCmd
    stm32sunidmainsmall.o(i.sPN532_LowLevel_DeInit) refers to stm32f10x_gpio.o(i.GPIO_Init) for GPIO_Init
    stm32sunidmainsmall.o(i.sPN532_LowLevel_Init) refers to stm32f10x_rcc.o(i.RCC_APB2PeriphClockCmd) for RCC_APB2PeriphClockCmd
    stm32sunidmainsmall.o(i.sPN532_LowLevel_Init) refers to stm32f10x_gpio.o(i.GPIO_Init) for GPIO_Init
    stm32sunidmainsmall.o(i.sPN532_LowLevel_Init) refers to stm32f10x_gpio.o(i.GPIO_ResetBits) for GPIO_ResetBits
    stm32sunidmainsmall.o(i.sPN532_LowLevel_Init) refers to stm32f10x_gpio.o(i.GPIO_SetBits) for GPIO_SetBits
    i2c.o(i.I2CInit) refers to stm32f10x_rcc.o(i.RCC_APB2PeriphClockCmd) for RCC_APB2PeriphClockCmd
    i2c.o(i.I2CInit) refers to stm32f10x_rcc.o(i.RCC_APB1PeriphClockCmd) for RCC_APB1PeriphClockCmd
    i2c.o(i.I2CInit) refers to stm32f10x_gpio.o(i.GPIO_Init) for GPIO_Init
    i2c.o(i.I2CInit) refers to stm32f10x_i2c.o(i.I2C_Cmd) for I2C_Cmd
    i2c.o(i.I2CInit) refers to stm32f10x_i2c.o(i.I2C_Init) for I2C_Init
    touchpad.o(i.GetTouchKey) refers to vtimer.o(i.VTimer_GetID) for VTimer_GetID
    touchpad.o(i.GetTouchKey) refers to vtimer.o(i.VTimer_Set) for VTimer_Set
    touchpad.o(i.GetTouchKey) refers to touchpad.o(i.IsKeypadPressed) for IsKeypadPressed
    touchpad.o(i.GetTouchKey) refers to vtimer.o(i.VTimer_IsFired) for VTimer_IsFired
    touchpad.o(i.GetTouchKey) refers to vtimer.o(i.VTimer_Release) for VTimer_Release
    touchpad.o(i.GetTouchKey) refers to touchpad.o(i.TouchPadReadReg) for TouchPadReadReg
    touchpad.o(i.IsKeypadPressed) refers to stm32f10x_gpio.o(i.GPIO_ReadInputDataBit) for GPIO_ReadInputDataBit
    touchpad.o(i.TouchPadInit) refers to stm32f10x_rcc.o(i.RCC_APB2PeriphClockCmd) for RCC_APB2PeriphClockCmd
    touchpad.o(i.TouchPadInit) refers to stm32f10x_gpio.o(i.GPIO_Init) for GPIO_Init
    touchpad.o(i.TouchPadInit) refers to touchpad.o(i.TouchPadWriteReg) for TouchPadWriteReg
    touchpad.o(i.TouchPadInit) refers to vtimer.o(i.delay_ms) for delay_ms
    touchpad.o(i.TouchPadReadReg) refers to stm32f10x_i2c.o(i.I2C_GetFlagStatus) for I2C_GetFlagStatus
    touchpad.o(i.TouchPadReadReg) refers to stm32f10x_i2c.o(i.I2C_GenerateSTART) for I2C_GenerateSTART
    touchpad.o(i.TouchPadReadReg) refers to stm32f10x_i2c.o(i.I2C_CheckEvent) for I2C_CheckEvent
    touchpad.o(i.TouchPadReadReg) refers to stm32f10x_i2c.o(i.I2C_Send7bitAddress) for I2C_Send7bitAddress
    touchpad.o(i.TouchPadReadReg) refers to stm32f10x_i2c.o(i.I2C_SendData) for I2C_SendData
    touchpad.o(i.TouchPadReadReg) refers to stm32f10x_i2c.o(i.I2C_AcknowledgeConfig) for I2C_AcknowledgeConfig
    touchpad.o(i.TouchPadReadReg) refers to stm32f10x_i2c.o(i.I2C_GenerateSTOP) for I2C_GenerateSTOP
    touchpad.o(i.TouchPadReadReg) refers to stm32f10x_i2c.o(i.I2C_ReceiveData) for I2C_ReceiveData
    touchpad.o(i.TouchPadWriteReg) refers to stm32f10x_i2c.o(i.I2C_GetFlagStatus) for I2C_GetFlagStatus
    touchpad.o(i.TouchPadWriteReg) refers to stm32f10x_i2c.o(i.I2C_GenerateSTART) for I2C_GenerateSTART
    touchpad.o(i.TouchPadWriteReg) refers to stm32f10x_i2c.o(i.I2C_CheckEvent) for I2C_CheckEvent
    touchpad.o(i.TouchPadWriteReg) refers to stm32f10x_i2c.o(i.I2C_Send7bitAddress) for I2C_Send7bitAddress
    touchpad.o(i.TouchPadWriteReg) refers to stm32f10x_i2c.o(i.I2C_SendData) for I2C_SendData
    touchpad.o(i.TouchPadWriteReg) refers to stm32f10x_i2c.o(i.I2C_GenerateSTOP) for I2C_GenerateSTOP
    uart.o(i.EmptyMessBuff) refers to uart.o(.data) for .data
    uart.o(i.IsComingData) refers to uart.o(.data) for .data
    uart.o(i.IsComingData) refers to uart.o(.bss) for .bss
    uart.o(i.UARTGetData) refers to uart.o(.data) for .data
    uart.o(i.UARTGetData) refers to uart.o(.bss) for .bss
    uart.o(i.UARTInit) refers to stm32f10x_rcc.o(i.RCC_APB2PeriphClockCmd) for RCC_APB2PeriphClockCmd
    uart.o(i.UARTInit) refers to stm32f10x_rcc.o(i.RCC_APB1PeriphClockCmd) for RCC_APB1PeriphClockCmd
    uart.o(i.UARTInit) refers to stm32f10x_gpio.o(i.GPIO_Init) for GPIO_Init
    uart.o(i.UARTInit) refers to misc.o(i.NVIC_PriorityGroupConfig) for NVIC_PriorityGroupConfig
    uart.o(i.UARTInit) refers to misc.o(i.NVIC_Init) for NVIC_Init
    uart.o(i.UARTInit) refers to stm32f10x_usart.o(i.USART_Init) for USART_Init
    uart.o(i.UARTInit) refers to stm32f10x_usart.o(i.USART_ITConfig) for USART_ITConfig
    uart.o(i.UARTInit) refers to stm32f10x_usart.o(i.USART_Cmd) for USART_Cmd
    uart.o(i.UARTInit) refers to uart.o(.data) for .data
    uart.o(i.UARTSendData) refers to vtimer.o(i.VTimer_GetID) for VTimer_GetID
    uart.o(i.UARTSendData) refers to vtimer.o(i.VTimer_Set) for VTimer_Set
    uart.o(i.UARTSendData) refers to stm32f10x_usart.o(i.USART_SendData) for USART_SendData
    uart.o(i.UARTSendData) refers to stm32f10x_usart.o(i.USART_GetFlagStatus) for USART_GetFlagStatus
    uart.o(i.UARTSendData) refers to vtimer.o(i.VTimer_IsFired) for VTimer_IsFired
    uart.o(i.UARTSendData) refers to vtimer.o(i.VTimer_Release) for VTimer_Release
    uart.o(i.UART_ISR) refers to stm32f10x_usart.o(i.USART_GetITStatus) for USART_GetITStatus
    uart.o(i.UART_ISR) refers to stm32f10x_usart.o(i.USART_ReceiveData) for USART_ReceiveData
    uart.o(i.UART_ISR) refers to memcpya.o(.text) for __aeabi_memcpy
    uart.o(i.UART_ISR) refers to uart.o(.bss) for .bss
    uart.o(i.UART_ISR) refers to uart.o(.data) for .data
    vtimer.o(i.Delay_ms) refers to vtimer.o(.bss) for .bss
    vtimer.o(i.VTimer_GetID) refers to vtimer.o(.bss) for .bss
    vtimer.o(i.VTimer_InitController) refers to vtimer.o(.bss) for .bss
    vtimer.o(i.VTimer_IsFired) refers to vtimer.o(.bss) for .bss
    vtimer.o(i.VTimer_Release) refers to vtimer.o(.bss) for .bss
    vtimer.o(i.VTimer_Service) refers to vtimer.o(.bss) for .bss
    vtimer.o(i.VTimer_Set) refers to vtimer.o(.bss) for .bss
    vtimer.o(i.delay_ms) refers to vtimer.o(.bss) for .bss
    uartcom.o(i.EmptyComMessBuff) refers to uartcom.o(.bss) for .bss
    uartcom.o(i.USART1_ISR) refers to stm32f10x_usart.o(i.USART_GetITStatus) for USART_GetITStatus
    uartcom.o(i.USART1_ISR) refers to stm32f10x_usart.o(i.USART_ClearITPendingBit) for USART_ClearITPendingBit
    uartcom.o(i.USART1_ISR) refers to stm32f10x_usart.o(i.USART_ReceiveData) for USART_ReceiveData
    uartcom.o(i.USART1_ISR) refers to uartcom.o(.bss) for .bss
    uartcom.o(i.USARTCOMInit) refers to stm32f10x_rcc.o(i.RCC_APB2PeriphClockCmd) for RCC_APB2PeriphClockCmd
    uartcom.o(i.USARTCOMInit) refers to stm32f10x_gpio.o(i.GPIO_Init) for GPIO_Init
    uartcom.o(i.USARTCOMInit) refers to misc.o(i.NVIC_PriorityGroupConfig) for NVIC_PriorityGroupConfig
    uartcom.o(i.USARTCOMInit) refers to misc.o(i.NVIC_Init) for NVIC_Init
    uartcom.o(i.USARTCOMInit) refers to stm32f10x_usart.o(i.USART_Init) for USART_Init
    uartcom.o(i.USARTCOMInit) refers to stm32f10x_usart.o(i.USART_ITConfig) for USART_ITConfig
    uartcom.o(i.USARTCOMInit) refers to stm32f10x_usart.o(i.USART_Cmd) for USART_Cmd
    uartcom.o(i.USARTCOMInit) refers to uartcom.o(i.EmptyComMessBuff) for EmptyComMessBuff
    uartcom.o(i.USARTGetComData) refers to vtimer.o(i.VTimer_GetID) for VTimer_GetID
    uartcom.o(i.USARTGetComData) refers to vtimer.o(i.VTimer_Set) for VTimer_Set
    uartcom.o(i.USARTGetComData) refers to vtimer.o(i.VTimer_IsFired) for VTimer_IsFired
    uartcom.o(i.USARTGetComData) refers to vtimer.o(i.VTimer_Release) for VTimer_Release
    uartcom.o(i.USARTGetComData) refers to uartcom.o(i.USART_getchar) for USART_getchar
    uartcom.o(i.USARTGetComData) refers to uartcom.o(.bss) for .bss
    uartcom.o(i.USART_IsRxEmpty) refers to uartcom.o(.bss) for .bss
    uartcom.o(i.USART_getchar) refers to uartcom.o(.bss) for .bss
    uartcom.o(i.USART_getche) refers to uartcom.o(i.USART_getchar) for USART_getchar
    uartcom.o(i.USART_getche) refers to uartcom.o(i.USART_putchar) for USART_putchar
    uartcom.o(i.USART_intScanf) refers to uartcom.o(i.USART_getchar) for USART_getchar
    uartcom.o(i.USART_intScanf) refers to uart_printf.o(i.USART_printf) for USART_printf
    uartcom.o(i.USART_putchar) refers to stm32f10x_usart.o(i.USART_GetFlagStatus) for USART_GetFlagStatus
    uartcom.o(i.USART_putchar) refers to stm32f10x_usart.o(i.USART_SendData) for USART_SendData
    uart_printf.o(i.USART_printf) refers to uart_printf.o(i.print) for print
    uart_printf.o(i.USART_sprintf) refers to uart_printf.o(i.print) for print
    uart_printf.o(i.print) refers to uart_printf.o(i.printi) for printi
    uart_printf.o(i.print) refers to uart_printf.o(i.prints) for prints
    uart_printf.o(i.print) refers to uart_printf.o(i.printchar) for printchar
    uart_printf.o(i.printchar) refers to uartcom.o(i.USART_putchar) for USART_putchar
    uart_printf.o(i.printi) refers to uart_printf.o(i.prints) for prints
    uart_printf.o(i.printi) refers to uart_printf.o(i.printchar) for printchar
    uart_printf.o(i.prints) refers to uart_printf.o(i.printchar) for printchar
    entry.o(.ARM.Collect$$$$00000000) refers (Special) to entry7b.o(.ARM.Collect$$$$00000008) for _main_clock
    entry.o(.ARM.Collect$$$$00000000) refers (Special) to entry8.o(.ARM.Collect$$$$00000009) for _main_init
    entry.o(.ARM.Collect$$$$00000000) refers (Special) to entry5.o(.ARM.Collect$$$$00000004) for _main_scatterload
    entry.o(.ARM.Collect$$$$00000000) refers (Special) to entry2.o(.ARM.Collect$$$$00000001) for _main_stk
    entry2.o(.ARM.Collect$$$$00000001) refers to entry2.o(.ARM.Collect$$$$00002712) for __lit__00000000
    entry2.o(.ARM.Collect$$$$00002712) refers to startup_stm32f10x_md_vl.o(STACK) for __initial_sp
    entry2.o(__vectab_stack_and_reset_area) refers to startup_stm32f10x_md_vl.o(STACK) for __initial_sp
    entry2.o(__vectab_stack_and_reset_area) refers to entry.o(.ARM.Collect$$$$00000000) for __main
    entry5.o(.ARM.Collect$$$$00000004) refers to init.o(.text) for __scatterload
    entry8.o(.ARM.Collect$$$$00000009) refers to main.o(i.main) for main
    init.o(.text) refers to entry5.o(.ARM.Collect$$$$00000004) for __main_after_scatterload


==============================================================================

Removing Unused input sections from the image.

    Removing misc.o(i.NVIC_SystemLPConfig), (24 bytes).
    Removing misc.o(i.SysTick_CLKSourceConfig), (24 bytes).
    Removing stm32f10x_exti.o(i.EXTI_ClearFlag), (12 bytes).
    Removing stm32f10x_exti.o(i.EXTI_ClearITPendingBit), (12 bytes).
    Removing stm32f10x_exti.o(i.EXTI_DeInit), (28 bytes).
    Removing stm32f10x_exti.o(i.EXTI_GenerateSWInterrupt), (16 bytes).
    Removing stm32f10x_exti.o(i.EXTI_GetFlagStatus), (20 bytes).
    Removing stm32f10x_exti.o(i.EXTI_GetITStatus), (32 bytes).
    Removing stm32f10x_exti.o(i.EXTI_Init), (132 bytes).
    Removing stm32f10x_exti.o(i.EXTI_StructInit), (14 bytes).
    Removing stm32f10x_gpio.o(i.GPIO_AFIODeInit), (22 bytes).
    Removing stm32f10x_gpio.o(i.GPIO_DeInit), (180 bytes).
    Removing stm32f10x_gpio.o(i.GPIO_ETH_MediaInterfaceConfig), (12 bytes).
    Removing stm32f10x_gpio.o(i.GPIO_EXTILineConfig), (40 bytes).
    Removing stm32f10x_gpio.o(i.GPIO_EventOutputCmd), (12 bytes).
    Removing stm32f10x_gpio.o(i.GPIO_EventOutputConfig), (28 bytes).
    Removing stm32f10x_gpio.o(i.GPIO_PinLockConfig), (16 bytes).
    Removing stm32f10x_gpio.o(i.GPIO_ReadInputData), (6 bytes).
    Removing stm32f10x_gpio.o(i.GPIO_ReadInputDataBit), (14 bytes).
    Removing stm32f10x_gpio.o(i.GPIO_ReadOutputData), (6 bytes).
    Removing stm32f10x_gpio.o(i.GPIO_ReadOutputDataBit), (14 bytes).
    Removing stm32f10x_gpio.o(i.GPIO_ResetBits), (4 bytes).
    Removing stm32f10x_gpio.o(i.GPIO_SetBits), (4 bytes).
    Removing stm32f10x_gpio.o(i.GPIO_StructInit), (16 bytes).
    Removing stm32f10x_gpio.o(i.GPIO_Write), (4 bytes).
    Removing stm32f10x_gpio.o(i.GPIO_WriteBit), (10 bytes).
    Removing stm32f10x_rcc.o(i.RCC_ADCCLKConfig), (20 bytes).
    Removing stm32f10x_rcc.o(i.RCC_AHBPeriphClockCmd), (24 bytes).
    Removing stm32f10x_rcc.o(i.RCC_APB1PeriphClockCmd), (24 bytes).
    Removing stm32f10x_rcc.o(i.RCC_APB1PeriphResetCmd), (24 bytes).
    Removing stm32f10x_rcc.o(i.RCC_APB2PeriphResetCmd), (24 bytes).
    Removing stm32f10x_rcc.o(i.RCC_AdjustHSICalibrationValue), (20 bytes).
    Removing stm32f10x_rcc.o(i.RCC_BackupResetCmd), (12 bytes).
    Removing stm32f10x_rcc.o(i.RCC_ClearFlag), (16 bytes).
    Removing stm32f10x_rcc.o(i.RCC_ClockSecuritySystemCmd), (12 bytes).
    Removing stm32f10x_rcc.o(i.RCC_HSEConfig), (52 bytes).
    Removing stm32f10x_rcc.o(i.RCC_HSICmd), (12 bytes).
    Removing stm32f10x_rcc.o(i.RCC_ITConfig), (24 bytes).
    Removing stm32f10x_rcc.o(i.RCC_LSEConfig), (32 bytes).
    Removing stm32f10x_rcc.o(i.RCC_LSICmd), (12 bytes).
    Removing stm32f10x_rcc.o(i.RCC_MCOConfig), (12 bytes).
    Removing stm32f10x_rcc.o(i.RCC_PREDIV1Config), (28 bytes).
    Removing stm32f10x_rcc.o(i.RCC_RTCCLKCmd), (12 bytes).
    Removing stm32f10x_rcc.o(i.RCC_RTCCLKConfig), (16 bytes).
    Removing stm32f10x_rcc.o(i.RCC_USBCLKConfig), (12 bytes).
    Removing stm32f10x_rcc.o(i.RCC_WaitForHSEStartUp), (38 bytes).
    Removing stm32f10x_flash.o(i.FLASH_ClearFlag), (12 bytes).
    Removing stm32f10x_flash.o(i.FLASH_EnableWriteProtection), (172 bytes).
    Removing stm32f10x_flash.o(i.FLASH_EraseAllBank1Pages), (60 bytes).
    Removing stm32f10x_flash.o(i.FLASH_EraseAllPages), (60 bytes).
    Removing stm32f10x_flash.o(i.FLASH_EraseOptionBytes), (124 bytes).
    Removing stm32f10x_flash.o(i.FLASH_ErasePage), (64 bytes).
    Removing stm32f10x_flash.o(i.FLASH_GetBank1Status), (40 bytes).
    Removing stm32f10x_flash.o(i.FLASH_GetFlagStatus), (32 bytes).
    Removing stm32f10x_flash.o(i.FLASH_GetPrefetchBufferStatus), (20 bytes).
    Removing stm32f10x_flash.o(i.FLASH_GetReadOutProtectionStatus), (20 bytes).
    Removing stm32f10x_flash.o(i.FLASH_GetStatus), (40 bytes).
    Removing stm32f10x_flash.o(i.FLASH_GetUserOptionByte), (12 bytes).
    Removing stm32f10x_flash.o(i.FLASH_GetWriteProtectionOptionByte), (12 bytes).
    Removing stm32f10x_flash.o(i.FLASH_HalfCycleAccessCmd), (24 bytes).
    Removing stm32f10x_flash.o(i.FLASH_ITConfig), (24 bytes).
    Removing stm32f10x_flash.o(i.FLASH_Lock), (16 bytes).
    Removing stm32f10x_flash.o(i.FLASH_LockBank1), (16 bytes).
    Removing stm32f10x_flash.o(i.FLASH_PrefetchBufferCmd), (24 bytes).
    Removing stm32f10x_flash.o(i.FLASH_ProgramHalfWord), (56 bytes).
    Removing stm32f10x_flash.o(i.FLASH_ProgramOptionByteData), (76 bytes).
    Removing stm32f10x_flash.o(i.FLASH_ProgramWord), (76 bytes).
    Removing stm32f10x_flash.o(i.FLASH_ReadOutProtection), (136 bytes).
    Removing stm32f10x_flash.o(i.FLASH_SetLatency), (20 bytes).
    Removing stm32f10x_flash.o(i.FLASH_Unlock), (24 bytes).
    Removing stm32f10x_flash.o(i.FLASH_UnlockBank1), (24 bytes).
    Removing stm32f10x_flash.o(i.FLASH_UserOptionByteConfig), (96 bytes).
    Removing stm32f10x_flash.o(i.FLASH_WaitForLastBank1Operation), (36 bytes).
    Removing stm32f10x_flash.o(i.FLASH_WaitForLastOperation), (36 bytes).
    Removing stm32f10x_adc.o(i.ADC_AnalogWatchdogCmd), (16 bytes).
    Removing stm32f10x_adc.o(i.ADC_AnalogWatchdogSingleChannelConfig), (12 bytes).
    Removing stm32f10x_adc.o(i.ADC_AnalogWatchdogThresholdsConfig), (6 bytes).
    Removing stm32f10x_adc.o(i.ADC_AutoInjectedConvCmd), (20 bytes).
    Removing stm32f10x_adc.o(i.ADC_ClearFlag), (6 bytes).
    Removing stm32f10x_adc.o(i.ADC_ClearITPendingBit), (8 bytes).
    Removing stm32f10x_adc.o(i.ADC_Cmd), (20 bytes).
    Removing stm32f10x_adc.o(i.ADC_DMACmd), (20 bytes).
    Removing stm32f10x_adc.o(i.ADC_DeInit), (68 bytes).
    Removing stm32f10x_adc.o(i.ADC_DiscModeChannelCountConfig), (16 bytes).
    Removing stm32f10x_adc.o(i.ADC_DiscModeCmd), (20 bytes).
    Removing stm32f10x_adc.o(i.ADC_ExternalTrigConvCmd), (20 bytes).
    Removing stm32f10x_adc.o(i.ADC_ExternalTrigInjectedConvCmd), (20 bytes).
    Removing stm32f10x_adc.o(i.ADC_ExternalTrigInjectedConvConfig), (12 bytes).
    Removing stm32f10x_adc.o(i.ADC_GetCalibrationStatus), (14 bytes).
    Removing stm32f10x_adc.o(i.ADC_GetConversionValue), (6 bytes).
    Removing stm32f10x_adc.o(i.ADC_GetDualModeConversionValue), (12 bytes).
    Removing stm32f10x_adc.o(i.ADC_GetFlagStatus), (14 bytes).
    Removing stm32f10x_adc.o(i.ADC_GetITStatus), (26 bytes).
    Removing stm32f10x_adc.o(i.ADC_GetInjectedConversionValue), (8 bytes).
    Removing stm32f10x_adc.o(i.ADC_GetResetCalibrationStatus), (14 bytes).
    Removing stm32f10x_adc.o(i.ADC_GetSoftwareStartConvStatus), (14 bytes).
    Removing stm32f10x_adc.o(i.ADC_GetSoftwareStartInjectedConvCmdStatus), (14 bytes).
    Removing stm32f10x_adc.o(i.ADC_ITConfig), (18 bytes).
    Removing stm32f10x_adc.o(i.ADC_Init), (72 bytes).
    Removing stm32f10x_adc.o(i.ADC_InjectedChannelConfig), (74 bytes).
    Removing stm32f10x_adc.o(i.ADC_InjectedDiscModeCmd), (20 bytes).
    Removing stm32f10x_adc.o(i.ADC_InjectedSequencerLengthConfig), (16 bytes).
    Removing stm32f10x_adc.o(i.ADC_RegularChannelConfig), (116 bytes).
    Removing stm32f10x_adc.o(i.ADC_ResetCalibration), (10 bytes).
    Removing stm32f10x_adc.o(i.ADC_SetInjectedOffset), (4 bytes).
    Removing stm32f10x_adc.o(i.ADC_SoftwareStartConvCmd), (20 bytes).
    Removing stm32f10x_adc.o(i.ADC_SoftwareStartInjectedConvCmd), (20 bytes).
    Removing stm32f10x_adc.o(i.ADC_StartCalibration), (10 bytes).
    Removing stm32f10x_adc.o(i.ADC_StructInit), (18 bytes).
    Removing stm32f10x_adc.o(i.ADC_TempSensorVrefintCmd), (32 bytes).
    Removing stm32f10x_dma.o(i.DMA_ClearFlag), (20 bytes).
    Removing stm32f10x_dma.o(i.DMA_ClearITPendingBit), (20 bytes).
    Removing stm32f10x_dma.o(i.DMA_Cmd), (20 bytes).
    Removing stm32f10x_dma.o(i.DMA_DeInit), (236 bytes).
    Removing stm32f10x_dma.o(i.DMA_GetCurrDataCounter), (6 bytes).
    Removing stm32f10x_dma.o(i.DMA_GetFlagStatus), (32 bytes).
    Removing stm32f10x_dma.o(i.DMA_GetITStatus), (32 bytes).
    Removing stm32f10x_dma.o(i.DMA_ITConfig), (16 bytes).
    Removing stm32f10x_dma.o(i.DMA_Init), (58 bytes).
    Removing stm32f10x_dma.o(i.DMA_StructInit), (26 bytes).
    Removing stm32f10x_usart.o(i.USART_ClearFlag), (6 bytes).
    Removing stm32f10x_usart.o(i.USART_ClockInit), (30 bytes).
    Removing stm32f10x_usart.o(i.USART_ClockStructInit), (12 bytes).
    Removing stm32f10x_usart.o(i.USART_DMACmd), (16 bytes).
    Removing stm32f10x_usart.o(i.USART_DeInit), (116 bytes).
    Removing stm32f10x_usart.o(i.USART_HalfDuplexCmd), (20 bytes).
    Removing stm32f10x_usart.o(i.USART_IrDACmd), (20 bytes).
    Removing stm32f10x_usart.o(i.USART_IrDAConfig), (16 bytes).
    Removing stm32f10x_usart.o(i.USART_LINBreakDetectLengthConfig), (16 bytes).
    Removing stm32f10x_usart.o(i.USART_LINCmd), (20 bytes).
    Removing stm32f10x_usart.o(i.USART_OneBitMethodCmd), (20 bytes).
    Removing stm32f10x_usart.o(i.USART_OverSampling8Cmd), (20 bytes).
    Removing stm32f10x_usart.o(i.USART_ReceiverWakeUpCmd), (20 bytes).
    Removing stm32f10x_usart.o(i.USART_SendBreak), (10 bytes).
    Removing stm32f10x_usart.o(i.USART_SetAddress), (16 bytes).
    Removing stm32f10x_usart.o(i.USART_SetGuardTime), (16 bytes).
    Removing stm32f10x_usart.o(i.USART_SetPrescaler), (16 bytes).
    Removing stm32f10x_usart.o(i.USART_SmartCardCmd), (20 bytes).
    Removing stm32f10x_usart.o(i.USART_SmartCardNACKCmd), (20 bytes).
    Removing stm32f10x_usart.o(i.USART_StructInit), (22 bytes).
    Removing stm32f10x_usart.o(i.USART_WakeUpConfig), (16 bytes).
    Removing stm32f10x_tim.o(i.TI1_Config), (40 bytes).
    Removing stm32f10x_tim.o(i.TI2_Config), (44 bytes).
    Removing stm32f10x_tim.o(i.TIM_ARRPreloadConfig), (20 bytes).
    Removing stm32f10x_tim.o(i.TIM_BDTRConfig), (34 bytes).
    Removing stm32f10x_tim.o(i.TIM_BDTRStructInit), (18 bytes).
    Removing stm32f10x_tim.o(i.TIM_CCPreloadControl), (20 bytes).
    Removing stm32f10x_tim.o(i.TIM_CCxCmd), (22 bytes).
    Removing stm32f10x_tim.o(i.TIM_CCxNCmd), (22 bytes).
    Removing stm32f10x_tim.o(i.TIM_ClearFlag), (6 bytes).
    Removing stm32f10x_tim.o(i.TIM_ClearOC1Ref), (12 bytes).
    Removing stm32f10x_tim.o(i.TIM_ClearOC2Ref), (14 bytes).
    Removing stm32f10x_tim.o(i.TIM_ClearOC3Ref), (12 bytes).
    Removing stm32f10x_tim.o(i.TIM_ClearOC4Ref), (14 bytes).
    Removing stm32f10x_tim.o(i.TIM_Cmd), (20 bytes).
    Removing stm32f10x_tim.o(i.TIM_CounterModeConfig), (12 bytes).
    Removing stm32f10x_tim.o(i.TIM_CtrlPWMOutputs), (22 bytes).
    Removing stm32f10x_tim.o(i.TIM_DMACmd), (16 bytes).
    Removing stm32f10x_tim.o(i.TIM_DMAConfig), (8 bytes).
    Removing stm32f10x_tim.o(i.TIM_DeInit), (368 bytes).
    Removing stm32f10x_tim.o(i.TIM_ETRClockMode1Config), (18 bytes).
    Removing stm32f10x_tim.o(i.TIM_ETRClockMode2Config), (18 bytes).
    Removing stm32f10x_tim.o(i.TIM_ETRConfig), (18 bytes).
    Removing stm32f10x_tim.o(i.TIM_EncoderInterfaceConfig), (44 bytes).
    Removing stm32f10x_tim.o(i.TIM_ForcedOC1Config), (12 bytes).
    Removing stm32f10x_tim.o(i.TIM_ForcedOC2Config), (14 bytes).
    Removing stm32f10x_tim.o(i.TIM_ForcedOC3Config), (12 bytes).
    Removing stm32f10x_tim.o(i.TIM_ForcedOC4Config), (14 bytes).
    Removing stm32f10x_tim.o(i.TIM_GenerateEvent), (4 bytes).
    Removing stm32f10x_tim.o(i.TIM_GetCapture1), (4 bytes).
    Removing stm32f10x_tim.o(i.TIM_GetCapture2), (4 bytes).
    Removing stm32f10x_tim.o(i.TIM_GetCapture3), (4 bytes).
    Removing stm32f10x_tim.o(i.TIM_GetCapture4), (6 bytes).
    Removing stm32f10x_tim.o(i.TIM_GetCounter), (4 bytes).
    Removing stm32f10x_tim.o(i.TIM_GetFlagStatus), (14 bytes).
    Removing stm32f10x_tim.o(i.TIM_GetPrescaler), (4 bytes).
    Removing stm32f10x_tim.o(i.TIM_ICInit), (160 bytes).
    Removing stm32f10x_tim.o(i.TIM_ICStructInit), (16 bytes).
    Removing stm32f10x_tim.o(i.TIM_ITConfig), (16 bytes).
    Removing stm32f10x_tim.o(i.TIM_ITRxExternalClockConfig), (20 bytes).
    Removing stm32f10x_tim.o(i.TIM_InternalClockConfig), (10 bytes).
    Removing stm32f10x_tim.o(i.TIM_OC1FastConfig), (12 bytes).
    Removing stm32f10x_tim.o(i.TIM_OC1Init), (128 bytes).
    Removing stm32f10x_tim.o(i.TIM_OC1NPolarityConfig), (12 bytes).
    Removing stm32f10x_tim.o(i.TIM_OC1PolarityConfig), (12 bytes).
    Removing stm32f10x_tim.o(i.TIM_OC1PreloadConfig), (12 bytes).
    Removing stm32f10x_tim.o(i.TIM_OC2FastConfig), (14 bytes).
    Removing stm32f10x_tim.o(i.TIM_OC2Init), (124 bytes).
    Removing stm32f10x_tim.o(i.TIM_OC2NPolarityConfig), (14 bytes).
    Removing stm32f10x_tim.o(i.TIM_OC2PolarityConfig), (14 bytes).
    Removing stm32f10x_tim.o(i.TIM_OC2PreloadConfig), (14 bytes).
    Removing stm32f10x_tim.o(i.TIM_OC3FastConfig), (12 bytes).
    Removing stm32f10x_tim.o(i.TIM_OC3Init), (120 bytes).
    Removing stm32f10x_tim.o(i.TIM_OC3NPolarityConfig), (14 bytes).
    Removing stm32f10x_tim.o(i.TIM_OC3PolarityConfig), (14 bytes).
    Removing stm32f10x_tim.o(i.TIM_OC3PreloadConfig), (12 bytes).
    Removing stm32f10x_tim.o(i.TIM_OC4FastConfig), (14 bytes).
    Removing stm32f10x_tim.o(i.TIM_OC4Init), (96 bytes).
    Removing stm32f10x_tim.o(i.TIM_OC4PolarityConfig), (14 bytes).
    Removing stm32f10x_tim.o(i.TIM_OC4PreloadConfig), (14 bytes).
    Removing stm32f10x_tim.o(i.TIM_OCStructInit), (20 bytes).
    Removing stm32f10x_tim.o(i.TIM_PWMIConfig), (108 bytes).
    Removing stm32f10x_tim.o(i.TIM_PrescalerConfig), (6 bytes).
    Removing stm32f10x_tim.o(i.TIM_SelectCCDMA), (20 bytes).
    Removing stm32f10x_tim.o(i.TIM_SelectCOM), (20 bytes).
    Removing stm32f10x_tim.o(i.TIM_SelectHallSensor), (20 bytes).
    Removing stm32f10x_tim.o(i.TIM_SelectInputTrigger), (12 bytes).
    Removing stm32f10x_tim.o(i.TIM_SelectMasterSlaveMode), (16 bytes).
    Removing stm32f10x_tim.o(i.TIM_SelectOCxM), (66 bytes).
    Removing stm32f10x_tim.o(i.TIM_SelectOnePulseMode), (16 bytes).
    Removing stm32f10x_tim.o(i.TIM_SelectOutputTrigger), (16 bytes).
    Removing stm32f10x_tim.o(i.TIM_SelectSlaveMode), (16 bytes).
    Removing stm32f10x_tim.o(i.TIM_SetAutoreload), (4 bytes).
    Removing stm32f10x_tim.o(i.TIM_SetClockDivision), (16 bytes).
    Removing stm32f10x_tim.o(i.TIM_SetCompare1), (4 bytes).
    Removing stm32f10x_tim.o(i.TIM_SetCompare2), (4 bytes).
    Removing stm32f10x_tim.o(i.TIM_SetCompare3), (4 bytes).
    Removing stm32f10x_tim.o(i.TIM_SetCompare4), (6 bytes).
    Removing stm32f10x_tim.o(i.TIM_SetCounter), (4 bytes).
    Removing stm32f10x_tim.o(i.TIM_SetIC1Prescaler), (16 bytes).
    Removing stm32f10x_tim.o(i.TIM_SetIC2Prescaler), (18 bytes).
    Removing stm32f10x_tim.o(i.TIM_SetIC3Prescaler), (16 bytes).
    Removing stm32f10x_tim.o(i.TIM_SetIC4Prescaler), (18 bytes).
    Removing stm32f10x_tim.o(i.TIM_TIxExternalClockConfig), (46 bytes).
    Removing stm32f10x_tim.o(i.TIM_TimeBaseInit), (156 bytes).
    Removing stm32f10x_tim.o(i.TIM_TimeBaseStructInit), (18 bytes).
    Removing stm32f10x_tim.o(i.TIM_UpdateDisableConfig), (20 bytes).
    Removing stm32f10x_tim.o(i.TIM_UpdateRequestConfig), (20 bytes).
    Removing stm32f10x_spi.o(i.I2S_Cmd), (20 bytes).
    Removing stm32f10x_spi.o(i.I2S_Init), (146 bytes).
    Removing stm32f10x_spi.o(i.I2S_StructInit), (18 bytes).
    Removing stm32f10x_spi.o(i.SPI_BiDirectionalLineConfig), (22 bytes).
    Removing stm32f10x_spi.o(i.SPI_CalculateCRC), (20 bytes).
    Removing stm32f10x_spi.o(i.SPI_Cmd), (20 bytes).
    Removing stm32f10x_spi.o(i.SPI_DataSizeConfig), (16 bytes).
    Removing stm32f10x_spi.o(i.SPI_GetCRC), (12 bytes).
    Removing stm32f10x_spi.o(i.SPI_GetCRCPolynomial), (4 bytes).
    Removing stm32f10x_spi.o(i.SPI_I2S_ClearFlag), (6 bytes).
    Removing stm32f10x_spi.o(i.SPI_I2S_ClearITPendingBit), (14 bytes).
    Removing stm32f10x_spi.o(i.SPI_I2S_DMACmd), (16 bytes).
    Removing stm32f10x_spi.o(i.SPI_I2S_DeInit), (84 bytes).
    Removing stm32f10x_spi.o(i.SPI_I2S_GetFlagStatus), (14 bytes).
    Removing stm32f10x_spi.o(i.SPI_I2S_GetITStatus), (42 bytes).
    Removing stm32f10x_spi.o(i.SPI_I2S_ITConfig), (24 bytes).
    Removing stm32f10x_spi.o(i.SPI_I2S_ReceiveData), (4 bytes).
    Removing stm32f10x_spi.o(i.SPI_I2S_SendData), (4 bytes).
    Removing stm32f10x_spi.o(i.SPI_Init), (56 bytes).
    Removing stm32f10x_spi.o(i.SPI_NSSInternalSoftwareConfig), (24 bytes).
    Removing stm32f10x_spi.o(i.SPI_SSOutputCmd), (20 bytes).
    Removing stm32f10x_spi.o(i.SPI_StructInit), (24 bytes).
    Removing stm32f10x_spi.o(i.SPI_TransmitCRC), (10 bytes).
    Removing stm32f10x_i2c.o(i.I2C_ARPCmd), (20 bytes).
    Removing stm32f10x_i2c.o(i.I2C_AcknowledgeConfig), (20 bytes).
    Removing stm32f10x_i2c.o(i.I2C_CalculatePEC), (20 bytes).
    Removing stm32f10x_i2c.o(i.I2C_CheckEvent), (24 bytes).
    Removing stm32f10x_i2c.o(i.I2C_ClearFlag), (6 bytes).
    Removing stm32f10x_i2c.o(i.I2C_ClearITPendingBit), (6 bytes).
    Removing stm32f10x_i2c.o(i.I2C_Cmd), (20 bytes).
    Removing stm32f10x_i2c.o(i.I2C_DMACmd), (20 bytes).
    Removing stm32f10x_i2c.o(i.I2C_DMALastTransferCmd), (20 bytes).
    Removing stm32f10x_i2c.o(i.I2C_DeInit), (44 bytes).
    Removing stm32f10x_i2c.o(i.I2C_DualAddressCmd), (20 bytes).
    Removing stm32f10x_i2c.o(i.I2C_FastModeDutyCycleConfig), (22 bytes).
    Removing stm32f10x_i2c.o(i.I2C_GeneralCallCmd), (20 bytes).
    Removing stm32f10x_i2c.o(i.I2C_GenerateSTART), (20 bytes).
    Removing stm32f10x_i2c.o(i.I2C_GenerateSTOP), (20 bytes).
    Removing stm32f10x_i2c.o(i.I2C_GetFlagStatus), (30 bytes).
    Removing stm32f10x_i2c.o(i.I2C_GetITStatus), (32 bytes).
    Removing stm32f10x_i2c.o(i.I2C_GetLastEvent), (14 bytes).
    Removing stm32f10x_i2c.o(i.I2C_GetPEC), (6 bytes).
    Removing stm32f10x_i2c.o(i.I2C_ITConfig), (16 bytes).
    Removing stm32f10x_i2c.o(i.I2C_Init), (184 bytes).
    Removing stm32f10x_i2c.o(i.I2C_OwnAddress2Config), (16 bytes).
    Removing stm32f10x_i2c.o(i.I2C_PECPositionConfig), (22 bytes).
    Removing stm32f10x_i2c.o(i.I2C_ReadRegister), (4 bytes).
    Removing stm32f10x_i2c.o(i.I2C_ReceiveData), (6 bytes).
    Removing stm32f10x_i2c.o(i.I2C_SMBusAlertConfig), (22 bytes).
    Removing stm32f10x_i2c.o(i.I2C_Send7bitAddress), (16 bytes).
    Removing stm32f10x_i2c.o(i.I2C_SendData), (4 bytes).
    Removing stm32f10x_i2c.o(i.I2C_SoftwareResetCmd), (20 bytes).
    Removing stm32f10x_i2c.o(i.I2C_StretchClockCmd), (20 bytes).
    Removing stm32f10x_i2c.o(i.I2C_StructInit), (28 bytes).
    Removing stm32f10x_i2c.o(i.I2C_TransmitPEC), (20 bytes).
    Removing core_cm3.o(.emb_text), (32 bytes).
    Removing system_stm32f10x.o(i.SystemCoreClockUpdate), (108 bytes).
    Removing startup_stm32f10x_md_vl.o(HEAP), (768 bytes).
    Removing khoitest.o(i.newline), (52 bytes).
    Removing khoitest.o(i.testLED), (20 bytes).
    Removing khoitest.o(i.testSwitch), (92 bytes).
    Removing khoitest.o(i.testTouch), (124 bytes).
    Removing khoitest.o(.bss), (64 bytes).
    Removing khoitest.o(.data), (2 bytes).
    Removing khoitest.o(.data), (37 bytes).
    Removing khoitest.o(.data), (4 bytes).
    Removing khoitest.o(.data), (4 bytes).
    Removing main.o(i.SetSysClock), (4 bytes).
    Removing stm32sunidmainsmall.o(i.BuzzerInit), (44 bytes).
    Removing stm32sunidmainsmall.o(i.BuzzerOn), (32 bytes).
    Removing stm32sunidmainsmall.o(i.LEDInit), (156 bytes).
    Removing stm32sunidmainsmall.o(i.LEDOff), (52 bytes).
    Removing stm32sunidmainsmall.o(i.LEDOn), (52 bytes).
    Removing stm32sunidmainsmall.o(i.LEDToggle), (60 bytes).
    Removing stm32sunidmainsmall.o(i.PBGetState), (24 bytes).
    Removing stm32sunidmainsmall.o(i.PBInit), (156 bytes).
    Removing stm32sunidmainsmall.o(i.SWGetState), (24 bytes).
    Removing stm32sunidmainsmall.o(i.SWInit), (124 bytes).
    Removing stm32sunidmainsmall.o(i.TimerInit), (110 bytes).
    Removing stm32sunidmainsmall.o(i.arraycmp), (26 bytes).
    Removing stm32sunidmainsmall.o(i.sPN532_LowLevel_DeInit), (104 bytes).
    Removing stm32sunidmainsmall.o(i.sPN532_LowLevel_Init), (164 bytes).
    Removing stm32sunidmainsmall.o(.constdata), (52 bytes).
    Removing stm32sunidmainsmall.o(.data), (28 bytes).
    Removing i2c.o(i.I2CInit), (132 bytes).
    Removing touchpad.o(i.GetTouchKey), (244 bytes).
    Removing touchpad.o(i.IsKeypadPressed), (28 bytes).
    Removing touchpad.o(i.TouchPadInit), (332 bytes).
    Removing touchpad.o(i.TouchPadReadReg), (232 bytes).
    Removing touchpad.o(i.TouchPadWriteReg), (140 bytes).
    Removing uart.o(i.EmptyMessBuff), (24 bytes).
    Removing uart.o(i.IsComingData), (40 bytes).
    Removing uart.o(i.UARTGetData), (96 bytes).
    Removing uart.o(i.UARTInit), (188 bytes).
    Removing uart.o(i.UARTSendData), (268 bytes).
    Removing vtimer.o(i.Delay_ms), (20 bytes).
    Removing vtimer.o(i.VTimer_GetID), (28 bytes).
    Removing vtimer.o(i.VTimer_IsFired), (20 bytes).
    Removing vtimer.o(i.VTimer_Release), (16 bytes).
    Removing vtimer.o(i.VTimer_Set), (28 bytes).
    Removing uartcom.o(i.USARTGetComData), (104 bytes).
    Removing uartcom.o(i.USART_IsRxEmpty), (20 bytes).
    Removing uartcom.o(i.USART_getchar), (44 bytes).
    Removing uartcom.o(i.USART_getche), (16 bytes).
    Removing uartcom.o(i.USART_intScanf), (128 bytes).
    Removing uart_printf.o(i.USART_sprintf), (18 bytes).

334 unused section(s) (total 12809 bytes) removed from the image.

==============================================================================

Image Symbol Table

    Local Symbols

    Symbol Name                              Value     Ov Type        Size  Object(Section)

    ../../microlib/init/entry.s              0x00000000   Number         0  entry8.o ABSOLUTE
    ../../microlib/init/entry.s              0x00000000   Number         0  entry7b.o ABSOLUTE
    ../../microlib/init/entry.s              0x00000000   Number         0  entry7a.o ABSOLUTE
    ../../microlib/init/entry.s              0x00000000   Number         0  entry5.o ABSOLUTE
    ../../microlib/init/entry.s              0x00000000   Number         0  entry.o ABSOLUTE
    ../../microlib/init/entry.s              0x00000000   Number         0  entry2.o ABSOLUTE
    ../../microlib/string/memcpy.c           0x00000000   Number         0  memcpya.o ABSOLUTE
    ../../microlib/string/memcpy.c           0x00000000   Number         0  memcpyb.o ABSOLUTE
    ..\Libraries\CMSIS\CM3\CoreSupport\core_cm3.c 0x00000000   Number         0  core_cm3.o ABSOLUTE
    ..\Libraries\CMSIS\CM3\DeviceSupport\ST\STM32F10x\startup\arm\startup_stm32f10x_md_vl.s 0x00000000   Number         0  startup_stm32f10x_md_vl.o ABSOLUTE
    ..\Libraries\CMSIS\CM3\DeviceSupport\ST\STM32F10x\system_stm32f10x.c 0x00000000   Number         0  system_stm32f10x.o ABSOLUTE
    ..\Libraries\STM32F10x_StdPeriph_Driver\src\misc.c 0x00000000   Number         0  misc.o ABSOLUTE
    ..\Libraries\STM32F10x_StdPeriph_Driver\src\stm32f10x_adc.c 0x00000000   Number         0  stm32f10x_adc.o ABSOLUTE
    ..\Libraries\STM32F10x_StdPeriph_Driver\src\stm32f10x_dma.c 0x00000000   Number         0  stm32f10x_dma.o ABSOLUTE
    ..\Libraries\STM32F10x_StdPeriph_Driver\src\stm32f10x_exti.c 0x00000000   Number         0  stm32f10x_exti.o ABSOLUTE
    ..\Libraries\STM32F10x_StdPeriph_Driver\src\stm32f10x_flash.c 0x00000000   Number         0  stm32f10x_flash.o ABSOLUTE
    ..\Libraries\STM32F10x_StdPeriph_Driver\src\stm32f10x_gpio.c 0x00000000   Number         0  stm32f10x_gpio.o ABSOLUTE
    ..\Libraries\STM32F10x_StdPeriph_Driver\src\stm32f10x_i2c.c 0x00000000   Number         0  stm32f10x_i2c.o ABSOLUTE
    ..\Libraries\STM32F10x_StdPeriph_Driver\src\stm32f10x_rcc.c 0x00000000   Number         0  stm32f10x_rcc.o ABSOLUTE
    ..\Libraries\STM32F10x_StdPeriph_Driver\src\stm32f10x_spi.c 0x00000000   Number         0  stm32f10x_spi.o ABSOLUTE
    ..\Libraries\STM32F10x_StdPeriph_Driver\src\stm32f10x_tim.c 0x00000000   Number         0  stm32f10x_tim.o ABSOLUTE
    ..\Libraries\STM32F10x_StdPeriph_Driver\src\stm32f10x_usart.c 0x00000000   Number         0  stm32f10x_usart.o ABSOLUTE
    ..\Libraries\sunid_lib\src\VTimer.c      0x00000000   Number         0  vtimer.o ABSOLUTE
    ..\Libraries\sunid_lib\src\i2c.c         0x00000000   Number         0  i2c.o ABSOLUTE
    ..\Libraries\sunid_lib\src\touchpad.c    0x00000000   Number         0  touchpad.o ABSOLUTE
    ..\Libraries\sunid_lib\src\uart.c        0x00000000   Number         0  uart.o ABSOLUTE
    ..\Libraries\sunid_lib\src\uart_printf.c 0x00000000   Number         0  uart_printf.o ABSOLUTE
    ..\Libraries\sunid_lib\src\uartcom.c     0x00000000   Number         0  uartcom.o ABSOLUTE
    ..\Utilities\STM32sunidMainSmall.c       0x00000000   Number         0  stm32sunidmainsmall.o ABSOLUTE
    ..\\Libraries\\CMSIS\\CM3\\CoreSupport\\core_cm3.c 0x00000000   Number         0  core_cm3.o ABSOLUTE
    SourceCode\demo.c                        0x00000000   Number         0  demo.o ABSOLUTE
    SourceCode\khoitest.c                    0x00000000   Number         0  khoitest.o ABSOLUTE
    SourceCode\main.c                        0x00000000   Number         0  main.o ABSOLUTE
    SourceCode\stm32f10x_it.c                0x00000000   Number         0  stm32f10x_it.o ABSOLUTE
    dc.s                                     0x00000000   Number         0  dc.o ABSOLUTE
    handlers.s                               0x00000000   Number         0  handlers.o ABSOLUTE
    init.s                                   0x00000000   Number         0  init.o ABSOLUTE
    RESET                                    0x08000000   Section      288  startup_stm32f10x_md_vl.o(RESET)
    .ARM.Collect$$$$00000000                 0x08000120   Section        0  entry.o(.ARM.Collect$$$$00000000)
    .ARM.Collect$$$$00000001                 0x08000120   Section        4  entry2.o(.ARM.Collect$$$$00000001)
    .ARM.Collect$$$$00000004                 0x08000124   Section        4  entry5.o(.ARM.Collect$$$$00000004)
    .ARM.Collect$$$$00000008                 0x08000128   Section        0  entry7b.o(.ARM.Collect$$$$00000008)
    .ARM.Collect$$$$00000009                 0x08000128   Section        8  entry8.o(.ARM.Collect$$$$00000009)
    .ARM.Collect$$$$00002712                 0x08000130   Section        4  entry2.o(.ARM.Collect$$$$00002712)
    __lit__00000000                          0x08000130   Data           4  entry2.o(.ARM.Collect$$$$00002712)
    .text                                    0x08000134   Section       36  startup_stm32f10x_md_vl.o(.text)
    .text                                    0x08000158   Section        0  memcpya.o(.text)
    .text                                    0x0800017c   Section       36  init.o(.text)
    i.BusFault_Handler                       0x080001a0   Section        0  stm32f10x_it.o(i.BusFault_Handler)
    i.DebugMon_Handler                       0x080001a2   Section        0  stm32f10x_it.o(i.DebugMon_Handler)
    i.EmptyComMessBuff                       0x080001a4   Section        0  uartcom.o(i.EmptyComMessBuff)
    i.GPIO_Init                              0x080001b4   Section        0  stm32f10x_gpio.o(i.GPIO_Init)
    i.GPIO_PinRemapConfig                    0x08000258   Section        0  stm32f10x_gpio.o(i.GPIO_PinRemapConfig)
    i.HardFault_Handler                      0x080002b0   Section        0  stm32f10x_it.o(i.HardFault_Handler)
    i.MemManage_Handler                      0x080002b2   Section        0  stm32f10x_it.o(i.MemManage_Handler)
    i.NMI_Handler                            0x080002b4   Section        0  stm32f10x_it.o(i.NMI_Handler)
    i.NVIC_Configuration                     0x080002b6   Section        0  main.o(i.NVIC_Configuration)
    i.NVIC_Init                              0x080002c0   Section        0  misc.o(i.NVIC_Init)
    i.NVIC_PriorityGroupConfig               0x0800031c   Section        0  misc.o(i.NVIC_PriorityGroupConfig)
    i.NVIC_SetVectorTable                    0x08000330   Section        0  misc.o(i.NVIC_SetVectorTable)
    i.PendSV_Handler                         0x08000344   Section        0  stm32f10x_it.o(i.PendSV_Handler)
    i.RCC_APB2PeriphClockCmd                 0x08000348   Section        0  stm32f10x_rcc.o(i.RCC_APB2PeriphClockCmd)
    i.RCC_ClearITPendingBit                  0x08000360   Section        0  stm32f10x_rcc.o(i.RCC_ClearITPendingBit)
    i.RCC_DeInit                             0x0800036c   Section        0  stm32f10x_rcc.o(i.RCC_DeInit)
    i.RCC_GetClocksFreq                      0x080003b0   Section        0  stm32f10x_rcc.o(i.RCC_GetClocksFreq)
    i.RCC_GetFlagStatus                      0x0800044c   Section        0  stm32f10x_rcc.o(i.RCC_GetFlagStatus)
    i.RCC_GetITStatus                        0x0800047c   Section        0  stm32f10x_rcc.o(i.RCC_GetITStatus)
    i.RCC_GetSYSCLKSource                    0x08000490   Section        0  stm32f10x_rcc.o(i.RCC_GetSYSCLKSource)
    i.RCC_HCLKConfig                         0x080004a0   Section        0  stm32f10x_rcc.o(i.RCC_HCLKConfig)
    i.RCC_IRQHandler                         0x080004b4   Section        0  stm32f10x_it.o(i.RCC_IRQHandler)
    i.RCC_PCLK1Config                        0x080004f8   Section        0  stm32f10x_rcc.o(i.RCC_PCLK1Config)
    i.RCC_PCLK2Config                        0x0800050c   Section        0  stm32f10x_rcc.o(i.RCC_PCLK2Config)
    i.RCC_PLLCmd                             0x08000520   Section        0  stm32f10x_rcc.o(i.RCC_PLLCmd)
    i.RCC_PLLConfig                          0x0800052c   Section        0  stm32f10x_rcc.o(i.RCC_PLLConfig)
    i.RCC_SYSCLKConfig                       0x08000540   Section        0  stm32f10x_rcc.o(i.RCC_SYSCLKConfig)
    i.SVC_Handler                            0x08000554   Section        0  stm32f10x_it.o(i.SVC_Handler)
    i.SetSysClockTo24                        0x08000558   Section        0  system_stm32f10x.o(i.SetSysClockTo24)
    SetSysClockTo24                          0x08000559   Thumb Code   106  system_stm32f10x.o(i.SetSysClockTo24)
    i.SetSysClockTo24                        0x080005c8   Section        0  main.o(i.SetSysClockTo24)
    i.SysTick_Handler                        0x08000614   Section        0  stm32f10x_it.o(i.SysTick_Handler)
    i.SystemInit                             0x08000618   Section        0  system_stm32f10x.o(i.SystemInit)
    i.TIM2_IRQHandler                        0x0800065c   Section        0  stm32f10x_it.o(i.TIM2_IRQHandler)
    i.TIM_ClearITPendingBit                  0x0800067a   Section        0  stm32f10x_tim.o(i.TIM_ClearITPendingBit)
    i.TIM_GetITStatus                        0x08000680   Section        0  stm32f10x_tim.o(i.TIM_GetITStatus)
    i.UART_ISR                               0x08000698   Section        0  uart.o(i.UART_ISR)
    i.USART1_IRQHandler                      0x08000730   Section        0  stm32f10x_it.o(i.USART1_IRQHandler)
    i.USART1_ISR                             0x08000734   Section        0  uartcom.o(i.USART1_ISR)
    i.USART2_IRQHandler                      0x08000788   Section        0  stm32f10x_it.o(i.USART2_IRQHandler)
    i.USARTCOMInit                           0x0800078c   Section        0  uartcom.o(i.USARTCOMInit)
    i.USART_ClearITPendingBit                0x08000840   Section        0  stm32f10x_usart.o(i.USART_ClearITPendingBit)
    i.USART_Cmd                              0x0800084c   Section        0  stm32f10x_usart.o(i.USART_Cmd)
    i.USART_GetFlagStatus                    0x08000860   Section        0  stm32f10x_usart.o(i.USART_GetFlagStatus)
    i.USART_GetITStatus                      0x0800086e   Section        0  stm32f10x_usart.o(i.USART_GetITStatus)
    i.USART_ITConfig                         0x080008ac   Section        0  stm32f10x_usart.o(i.USART_ITConfig)
    i.USART_Init                             0x080008dc   Section        0  stm32f10x_usart.o(i.USART_Init)
    i.USART_ReceiveData                      0x08000990   Section        0  stm32f10x_usart.o(i.USART_ReceiveData)
    i.USART_SendData                         0x08000998   Section        0  stm32f10x_usart.o(i.USART_SendData)
    i.USART_printf                           0x080009a0   Section        0  uart_printf.o(i.USART_printf)
    i.USART_putchar                          0x080009b4   Section        0  uartcom.o(i.USART_putchar)
    i.UsageFault_Handler                     0x080009d8   Section        0  stm32f10x_it.o(i.UsageFault_Handler)
    i.VTimer_InitController                  0x080009dc   Section        0  vtimer.o(i.VTimer_InitController)
    i.VTimer_Service                         0x080009f8   Section        0  vtimer.o(i.VTimer_Service)
    i.__scatterload_copy                     0x08000a1c   Section       14  handlers.o(i.__scatterload_copy)
    i.__scatterload_null                     0x08000a2a   Section        2  handlers.o(i.__scatterload_null)
    i.__scatterload_zeroinit                 0x08000a2c   Section       14  handlers.o(i.__scatterload_zeroinit)
    i.delay_ms                               0x08000a3c   Section        0  vtimer.o(i.delay_ms)
    i.main                                   0x08000a50   Section        0  main.o(i.main)
    i.print                                  0x08000ab4   Section        0  uart_printf.o(i.print)
    print                                    0x08000ab5   Thumb Code   252  uart_printf.o(i.print)
    i.printchar                              0x08000bb8   Section        0  uart_printf.o(i.printchar)
    printchar                                0x08000bb9   Thumb Code    20  uart_printf.o(i.printchar)
    i.printi                                 0x08000bcc   Section        0  uart_printf.o(i.printi)
    printi                                   0x08000bcd   Thumb Code   150  uart_printf.o(i.printi)
    i.prints                                 0x08000c62   Section        0  uart_printf.o(i.prints)
    prints                                   0x08000c63   Thumb Code   118  uart_printf.o(i.prints)
    i.test_USARTCOM                          0x08000cd8   Section        0  khoitest.o(i.test_USARTCOM)
    .data                                    0x20000000   Section       20  stm32f10x_rcc.o(.data)
    ADCPrescTable                            0x20000000   Data           4  stm32f10x_rcc.o(.data)
    APBAHBPrescTable                         0x20000004   Data          16  stm32f10x_rcc.o(.data)
    .data                                    0x20000014   Section       20  system_stm32f10x.o(.data)
    .data                                    0x20000028   Section       16  uart.o(.data)
    .bss                                     0x20000038   Section       20  main.o(.bss)
    .bss                                     0x2000004c   Section      320  uart.o(.bss)
    .bss                                     0x2000018c   Section       64  vtimer.o(.bss)
    .bss                                     0x200001cc   Section       76  uartcom.o(.bss)
    STACK                                    0x20000218   Section     3072  startup_stm32f10x_md_vl.o(STACK)

    Global Symbols

    Symbol Name                              Value     Ov Type        Size  Object(Section)

    BuildAttributes$$THM_ISAv4$P$D$K$B$S$PE$A:L22UL41UL21$X:L11$S22US41US21$IEEE1$IW$USESV6$~STKCKD$USESV7$~SHL$OSPACE$EBA8$MICROLIB$REQ8$PRES8$EABIv2 0x00000000   Number         0  anon$$obj.o ABSOLUTE
    __ARM_use_no_argv                        0x00000000   Number         0  main.o ABSOLUTE
    __decompress                              - Undefined Weak Reference
    _clock_init                               - Undefined Weak Reference
    __Vectors_Size                           0x00000120   Number         0  startup_stm32f10x_md_vl.o ABSOLUTE
    __Vectors                                0x08000000   Data           4  startup_stm32f10x_md_vl.o(RESET)
    __Vectors_End                            0x08000120   Data           0  startup_stm32f10x_md_vl.o(RESET)
    __main                                   0x08000121   Thumb Code     0  entry.o(.ARM.Collect$$$$00000000)
    _main_stk                                0x08000121   Thumb Code     0  entry2.o(.ARM.Collect$$$$00000001)
    _main_scatterload                        0x08000125   Thumb Code     0  entry5.o(.ARM.Collect$$$$00000004)
    __main_after_scatterload                 0x08000129   Thumb Code     0  entry5.o(.ARM.Collect$$$$00000004)
    _main_clock                              0x08000129   Thumb Code     0  entry7b.o(.ARM.Collect$$$$00000008)
    _main_init                               0x08000129   Thumb Code     0  entry8.o(.ARM.Collect$$$$00000009)
    Reset_Handler                            0x08000135   Thumb Code     8  startup_stm32f10x_md_vl.o(.text)
    ADC1_IRQHandler                          0x0800014f   Thumb Code     0  startup_stm32f10x_md_vl.o(.text)
    CEC_IRQHandler                           0x0800014f   Thumb Code     0  startup_stm32f10x_md_vl.o(.text)
    DMA1_Channel1_IRQHandler                 0x0800014f   Thumb Code     0  startup_stm32f10x_md_vl.o(.text)
    DMA1_Channel2_IRQHandler                 0x0800014f   Thumb Code     0  startup_stm32f10x_md_vl.o(.text)
    DMA1_Channel3_IRQHandler                 0x0800014f   Thumb Code     0  startup_stm32f10x_md_vl.o(.text)
    DMA1_Channel4_IRQHandler                 0x0800014f   Thumb Code     0  startup_stm32f10x_md_vl.o(.text)
    DMA1_Channel5_IRQHandler                 0x0800014f   Thumb Code     0  startup_stm32f10x_md_vl.o(.text)
    DMA1_Channel6_IRQHandler                 0x0800014f   Thumb Code     0  startup_stm32f10x_md_vl.o(.text)
    DMA1_Channel7_IRQHandler                 0x0800014f   Thumb Code     0  startup_stm32f10x_md_vl.o(.text)
    EXTI0_IRQHandler                         0x0800014f   Thumb Code     0  startup_stm32f10x_md_vl.o(.text)
    EXTI15_10_IRQHandler                     0x0800014f   Thumb Code     0  startup_stm32f10x_md_vl.o(.text)
    EXTI1_IRQHandler                         0x0800014f   Thumb Code     0  startup_stm32f10x_md_vl.o(.text)
    EXTI2_IRQHandler                         0x0800014f   Thumb Code     0  startup_stm32f10x_md_vl.o(.text)
    EXTI3_IRQHandler                         0x0800014f   Thumb Code     0  startup_stm32f10x_md_vl.o(.text)
    EXTI4_IRQHandler                         0x0800014f   Thumb Code     0  startup_stm32f10x_md_vl.o(.text)
    EXTI9_5_IRQHandler                       0x0800014f   Thumb Code     0  startup_stm32f10x_md_vl.o(.text)
    FLASH_IRQHandler                         0x0800014f   Thumb Code     0  startup_stm32f10x_md_vl.o(.text)
    I2C1_ER_IRQHandler                       0x0800014f   Thumb Code     0  startup_stm32f10x_md_vl.o(.text)
    I2C1_EV_IRQHandler                       0x0800014f   Thumb Code     0  startup_stm32f10x_md_vl.o(.text)
    I2C2_ER_IRQHandler                       0x0800014f   Thumb Code     0  startup_stm32f10x_md_vl.o(.text)
    I2C2_EV_IRQHandler                       0x0800014f   Thumb Code     0  startup_stm32f10x_md_vl.o(.text)
    PVD_IRQHandler                           0x0800014f   Thumb Code     0  startup_stm32f10x_md_vl.o(.text)
    RTCAlarm_IRQHandler                      0x0800014f   Thumb Code     0  startup_stm32f10x_md_vl.o(.text)
    RTC_IRQHandler                           0x0800014f   Thumb Code     0  startup_stm32f10x_md_vl.o(.text)
    SPI1_IRQHandler                          0x0800014f   Thumb Code     0  startup_stm32f10x_md_vl.o(.text)
    SPI2_IRQHandler                          0x0800014f   Thumb Code     0  startup_stm32f10x_md_vl.o(.text)
    TAMPER_IRQHandler                        0x0800014f   Thumb Code     0  startup_stm32f10x_md_vl.o(.text)
    TIM1_BRK_TIM15_IRQHandler                0x0800014f   Thumb Code     0  startup_stm32f10x_md_vl.o(.text)
    TIM1_CC_IRQHandler                       0x0800014f   Thumb Code     0  startup_stm32f10x_md_vl.o(.text)
    TIM1_TRG_COM_TIM17_IRQHandler            0x0800014f   Thumb Code     0  startup_stm32f10x_md_vl.o(.text)
    TIM1_UP_TIM16_IRQHandler                 0x0800014f   Thumb Code     0  startup_stm32f10x_md_vl.o(.text)
    TIM3_IRQHandler                          0x0800014f   Thumb Code     0  startup_stm32f10x_md_vl.o(.text)
    TIM4_IRQHandler                          0x0800014f   Thumb Code     0  startup_stm32f10x_md_vl.o(.text)
    TIM6_DAC_IRQHandler                      0x0800014f   Thumb Code     0  startup_stm32f10x_md_vl.o(.text)
    TIM7_IRQHandler                          0x0800014f   Thumb Code     0  startup_stm32f10x_md_vl.o(.text)
    USART3_IRQHandler                        0x0800014f   Thumb Code     0  startup_stm32f10x_md_vl.o(.text)
    WWDG_IRQHandler                          0x0800014f   Thumb Code     0  startup_stm32f10x_md_vl.o(.text)
    __aeabi_memcpy                           0x08000159   Thumb Code    36  memcpya.o(.text)
    __aeabi_memcpy4                          0x08000159   Thumb Code     0  memcpya.o(.text)
    __aeabi_memcpy8                          0x08000159   Thumb Code     0  memcpya.o(.text)
    __scatterload                            0x0800017d   Thumb Code    28  init.o(.text)
    __scatterload_rt2                        0x0800017d   Thumb Code     0  init.o(.text)
    BusFault_Handler                         0x080001a1   Thumb Code     2  stm32f10x_it.o(i.BusFault_Handler)
    DebugMon_Handler                         0x080001a3   Thumb Code     2  stm32f10x_it.o(i.DebugMon_Handler)
    EmptyComMessBuff                         0x080001a5   Thumb Code    12  uartcom.o(i.EmptyComMessBuff)
    GPIO_Init                                0x080001b5   Thumb Code   164  stm32f10x_gpio.o(i.GPIO_Init)
    GPIO_PinRemapConfig                      0x08000259   Thumb Code    82  stm32f10x_gpio.o(i.GPIO_PinRemapConfig)
    HardFault_Handler                        0x080002b1   Thumb Code     2  stm32f10x_it.o(i.HardFault_Handler)
    MemManage_Handler                        0x080002b3   Thumb Code     2  stm32f10x_it.o(i.MemManage_Handler)
    NMI_Handler                              0x080002b5   Thumb Code     2  stm32f10x_it.o(i.NMI_Handler)
    NVIC_Configuration                       0x080002b7   Thumb Code    10  main.o(i.NVIC_Configuration)
    NVIC_Init                                0x080002c1   Thumb Code    92  misc.o(i.NVIC_Init)
    NVIC_PriorityGroupConfig                 0x0800031d   Thumb Code    10  misc.o(i.NVIC_PriorityGroupConfig)
    NVIC_SetVectorTable                      0x08000331   Thumb Code    12  misc.o(i.NVIC_SetVectorTable)
    PendSV_Handler                           0x08000345   Thumb Code     2  stm32f10x_it.o(i.PendSV_Handler)
    RCC_APB2PeriphClockCmd                   0x08000349   Thumb Code    18  stm32f10x_rcc.o(i.RCC_APB2PeriphClockCmd)
    RCC_ClearITPendingBit                    0x08000361   Thumb Code     6  stm32f10x_rcc.o(i.RCC_ClearITPendingBit)
    RCC_DeInit                               0x0800036d   Thumb Code    54  stm32f10x_rcc.o(i.RCC_DeInit)
    RCC_GetClocksFreq                        0x080003b1   Thumb Code   138  stm32f10x_rcc.o(i.RCC_GetClocksFreq)
    RCC_GetFlagStatus                        0x0800044d   Thumb Code    44  stm32f10x_rcc.o(i.RCC_GetFlagStatus)
    RCC_GetITStatus                          0x0800047d   Thumb Code    16  stm32f10x_rcc.o(i.RCC_GetITStatus)
    RCC_GetSYSCLKSource                      0x08000491   Thumb Code    10  stm32f10x_rcc.o(i.RCC_GetSYSCLKSource)
    RCC_HCLKConfig                           0x080004a1   Thumb Code    14  stm32f10x_rcc.o(i.RCC_HCLKConfig)
    RCC_IRQHandler                           0x080004b5   Thumb Code    68  stm32f10x_it.o(i.RCC_IRQHandler)
    RCC_PCLK1Config                          0x080004f9   Thumb Code    14  stm32f10x_rcc.o(i.RCC_PCLK1Config)
    RCC_PCLK2Config                          0x0800050d   Thumb Code    16  stm32f10x_rcc.o(i.RCC_PCLK2Config)
    RCC_PLLCmd                               0x08000521   Thumb Code     6  stm32f10x_rcc.o(i.RCC_PLLCmd)
    RCC_PLLConfig                            0x0800052d   Thumb Code    16  stm32f10x_rcc.o(i.RCC_PLLConfig)
    RCC_SYSCLKConfig                         0x08000541   Thumb Code    14  stm32f10x_rcc.o(i.RCC_SYSCLKConfig)
    SVC_Handler                              0x08000555   Thumb Code     2  stm32f10x_it.o(i.SVC_Handler)
    SetSysClockTo24                          0x080005c9   Thumb Code    76  main.o(i.SetSysClockTo24)
    SysTick_Handler                          0x08000615   Thumb Code     4  stm32f10x_it.o(i.SysTick_Handler)
    SystemInit                               0x08000619   Thumb Code    56  system_stm32f10x.o(i.SystemInit)
    TIM2_IRQHandler                          0x0800065d   Thumb Code    30  stm32f10x_it.o(i.TIM2_IRQHandler)
    TIM_ClearITPendingBit                    0x0800067b   Thumb Code     6  stm32f10x_tim.o(i.TIM_ClearITPendingBit)
    TIM_GetITStatus                          0x08000681   Thumb Code    24  stm32f10x_tim.o(i.TIM_GetITStatus)
    UART_ISR                                 0x08000699   Thumb Code   134  uart.o(i.UART_ISR)
    USART1_IRQHandler                        0x08000731   Thumb Code     4  stm32f10x_it.o(i.USART1_IRQHandler)
    USART1_ISR                               0x08000735   Thumb Code    74  uartcom.o(i.USART1_ISR)
    USART2_IRQHandler                        0x08000789   Thumb Code     4  stm32f10x_it.o(i.USART2_IRQHandler)
    USARTCOMInit                             0x0800078d   Thumb Code   170  uartcom.o(i.USARTCOMInit)
    USART_ClearITPendingBit                  0x08000841   Thumb Code    12  stm32f10x_usart.o(i.USART_ClearITPendingBit)
    USART_Cmd                                0x0800084d   Thumb Code    20  stm32f10x_usart.o(i.USART_Cmd)
    USART_GetFlagStatus                      0x08000861   Thumb Code    14  stm32f10x_usart.o(i.USART_GetFlagStatus)
    USART_GetITStatus                        0x0800086f   Thumb Code    62  stm32f10x_usart.o(i.USART_GetITStatus)
    USART_ITConfig                           0x080008ad   Thumb Code    48  stm32f10x_usart.o(i.USART_ITConfig)
    USART_Init                               0x080008dd   Thumb Code   176  stm32f10x_usart.o(i.USART_Init)
    USART_ReceiveData                        0x08000991   Thumb Code     8  stm32f10x_usart.o(i.USART_ReceiveData)
    USART_SendData                           0x08000999   Thumb Code     8  stm32f10x_usart.o(i.USART_SendData)
    USART_printf                             0x080009a1   Thumb Code    18  uart_printf.o(i.USART_printf)
    USART_putchar                            0x080009b5   Thumb Code    30  uartcom.o(i.USART_putchar)
    UsageFault_Handler                       0x080009d9   Thumb Code     2  stm32f10x_it.o(i.UsageFault_Handler)
    VTimer_InitController                    0x080009dd   Thumb Code    22  vtimer.o(i.VTimer_InitController)
    VTimer_Service                           0x080009f9   Thumb Code    32  vtimer.o(i.VTimer_Service)
    __scatterload_copy                       0x08000a1d   Thumb Code    14  handlers.o(i.__scatterload_copy)
    __scatterload_null                       0x08000a2b   Thumb Code     2  handlers.o(i.__scatterload_null)
    __scatterload_zeroinit                   0x08000a2d   Thumb Code    14  handlers.o(i.__scatterload_zeroinit)
    delay_ms                                 0x08000a3d   Thumb Code    14  vtimer.o(i.delay_ms)
    main                                     0x08000a51   Thumb Code    86  main.o(i.main)
    test_USARTCOM                            0x08000cd9   Thumb Code    22  khoitest.o(i.test_USARTCOM)
    Region$$Table$$Base                      0x08000d14   Number         0  anon$$obj.o(Region$$Table)
    Region$$Table$$Limit                     0x08000d34   Number         0  anon$$obj.o(Region$$Table)
    SystemCoreClock                          0x20000014   Data           4  system_stm32f10x.o(.data)
    AHBPrescTable                            0x20000018   Data          16  system_stm32f10x.o(.data)
    UART_bufPushIndex                        0x20000028   Data           1  uart.o(.data)
    UART_bufPopIndex                         0x20000029   Data           1  uart.o(.data)
    UART_bufEmpty                            0x2000002a   Data           1  uart.o(.data)
    UART_bufFull                             0x2000002b   Data           1  uart.o(.data)
    UART_reflection                          0x2000002c   Data           1  uart.o(.data)
    UART_index                               0x20000030   Data           4  uart.o(.data)
    UART_BytesToRx                           0x20000034   Data           4  uart.o(.data)
    RCC_ClockFreq                            0x20000038   Data          20  main.o(.bss)
    UARTRxbuf                                0x2000004c   Data         256  uart.o(.bss)
    UART_tempBuf                             0x2000014c   Data          64  uart.o(.bss)
    TimerPeriod                              0x2000018c   Data          64  vtimer.o(.bss)
    std_buf                                  0x200001cc   Data          76  uartcom.o(.bss)
    __initial_sp                             0x20000e18   Data           0  startup_stm32f10x_md_vl.o(STACK)



==============================================================================

Memory Map of the image

  Image Entry point : 0x08000121

  Load Region LR_IROM1 (Base: 0x08000000, Size: 0x00000d6c, Max: 0x00010000, ABSOLUTE)

    Execution Region ER_IROM1 (Base: 0x08000000, Size: 0x00000d34, Max: 0x00010000, ABSOLUTE)

    Base Addr    Size         Type   Attr      Idx    E Section Name        Object

    0x08000000   0x00000120   Data   RO         2020    RESET               startup_stm32f10x_md_vl.o
    0x08000120   0x00000000   Code   RO         2572  * .ARM.Collect$$$$00000000  mc_w.l(entry.o)
    0x08000120   0x00000004   Code   RO         2579    .ARM.Collect$$$$00000001  mc_w.l(entry2.o)
    0x08000124   0x00000004   Code   RO         2582    .ARM.Collect$$$$00000004  mc_w.l(entry5.o)
    0x08000128   0x00000000   Code   RO         2584    .ARM.Collect$$$$00000008  mc_w.l(entry7b.o)
    0x08000128   0x00000008   Code   RO         2585    .ARM.Collect$$$$00000009  mc_w.l(entry8.o)
    0x08000130   0x00000004   Code   RO         2580    .ARM.Collect$$$$00002712  mc_w.l(entry2.o)
    0x08000134   0x00000024   Code   RO         2021    .text               startup_stm32f10x_md_vl.o
    0x08000158   0x00000024   Code   RO         2575    .text               mc_w.l(memcpya.o)
    0x0800017c   0x00000024   Code   RO         2586    .text               mc_w.l(init.o)
    0x080001a0   0x00000002   Code   RO         2128    i.BusFault_Handler  stm32f10x_it.o
    0x080001a2   0x00000002   Code   RO         2129    i.DebugMon_Handler  stm32f10x_it.o
    0x080001a4   0x00000010   Code   RO         2472    i.EmptyComMessBuff  uartcom.o
    0x080001b4   0x000000a4   Code   RO          134    i.GPIO_Init         stm32f10x_gpio.o
    0x08000258   0x00000058   Code   RO          136    i.GPIO_PinRemapConfig  stm32f10x_gpio.o
    0x080002b0   0x00000002   Code   RO         2130    i.HardFault_Handler  stm32f10x_it.o
    0x080002b2   0x00000002   Code   RO         2131    i.MemManage_Handler  stm32f10x_it.o
    0x080002b4   0x00000002   Code   RO         2132    i.NMI_Handler       stm32f10x_it.o
    0x080002b6   0x0000000a   Code   RO         2092    i.NVIC_Configuration  main.o
    0x080002c0   0x0000005c   Code   RO            1    i.NVIC_Init         misc.o
    0x0800031c   0x00000014   Code   RO            2    i.NVIC_PriorityGroupConfig  misc.o
    0x08000330   0x00000014   Code   RO            3    i.NVIC_SetVectorTable  misc.o
    0x08000344   0x00000002   Code   RO         2133    i.PendSV_Handler    stm32f10x_it.o
    0x08000346   0x00000002   PAD
    0x08000348   0x00000018   Code   RO          246    i.RCC_APB2PeriphClockCmd  stm32f10x_rcc.o
    0x08000360   0x0000000c   Code   RO          251    i.RCC_ClearITPendingBit  stm32f10x_rcc.o
    0x0800036c   0x00000044   Code   RO          253    i.RCC_DeInit        stm32f10x_rcc.o
    0x080003b0   0x0000009c   Code   RO          254    i.RCC_GetClocksFreq  stm32f10x_rcc.o
    0x0800044c   0x00000030   Code   RO          255    i.RCC_GetFlagStatus  stm32f10x_rcc.o
    0x0800047c   0x00000014   Code   RO          256    i.RCC_GetITStatus   stm32f10x_rcc.o
    0x08000490   0x00000010   Code   RO          257    i.RCC_GetSYSCLKSource  stm32f10x_rcc.o
    0x080004a0   0x00000014   Code   RO          258    i.RCC_HCLKConfig    stm32f10x_rcc.o
    0x080004b4   0x00000044   Code   RO         2134    i.RCC_IRQHandler    stm32f10x_it.o
    0x080004f8   0x00000014   Code   RO          265    i.RCC_PCLK1Config   stm32f10x_rcc.o
    0x0800050c   0x00000014   Code   RO          266    i.RCC_PCLK2Config   stm32f10x_rcc.o
    0x08000520   0x0000000c   Code   RO          267    i.RCC_PLLCmd        stm32f10x_rcc.o
    0x0800052c   0x00000014   Code   RO          268    i.RCC_PLLConfig     stm32f10x_rcc.o
    0x08000540   0x00000014   Code   RO          272    i.RCC_SYSCLKConfig  stm32f10x_rcc.o
    0x08000554   0x00000002   Code   RO         2135    i.SVC_Handler       stm32f10x_it.o
    0x08000556   0x00000002   PAD
    0x08000558   0x00000070   Code   RO         1989    i.SetSysClockTo24   system_stm32f10x.o
    0x080005c8   0x0000004c   Code   RO         2094    i.SetSysClockTo24   main.o
    0x08000614   0x00000004   Code   RO         2136    i.SysTick_Handler   stm32f10x_it.o
    0x08000618   0x00000044   Code   RO         1991    i.SystemInit        system_stm32f10x.o
    0x0800065c   0x0000001e   Code   RO         2137    i.TIM2_IRQHandler   stm32f10x_it.o
    0x0800067a   0x00000006   Code   RO         1103    i.TIM_ClearITPendingBit  stm32f10x_tim.o
    0x08000680   0x00000018   Code   RO         1129    i.TIM_GetITStatus   stm32f10x_tim.o
    0x08000698   0x00000098   Code   RO         2374    i.UART_ISR          uart.o
    0x08000730   0x00000004   Code   RO         2138    i.USART1_IRQHandler  stm32f10x_it.o
    0x08000734   0x00000054   Code   RO         2473    i.USART1_ISR        uartcom.o
    0x08000788   0x00000004   Code   RO         2139    i.USART2_IRQHandler  stm32f10x_it.o
    0x0800078c   0x000000b4   Code   RO         2474    i.USARTCOMInit      uartcom.o
    0x08000840   0x0000000c   Code   RO          915    i.USART_ClearITPendingBit  stm32f10x_usart.o
    0x0800084c   0x00000014   Code   RO          918    i.USART_Cmd         stm32f10x_usart.o
    0x08000860   0x0000000e   Code   RO          921    i.USART_GetFlagStatus  stm32f10x_usart.o
    0x0800086e   0x0000003e   Code   RO          922    i.USART_GetITStatus  stm32f10x_usart.o
    0x080008ac   0x00000030   Code   RO          924    i.USART_ITConfig    stm32f10x_usart.o
    0x080008dc   0x000000b4   Code   RO          925    i.USART_Init        stm32f10x_usart.o
    0x08000990   0x00000008   Code   RO          932    i.USART_ReceiveData  stm32f10x_usart.o
    0x08000998   0x00000008   Code   RO          935    i.USART_SendData    stm32f10x_usart.o
    0x080009a0   0x00000012   Code   RO         2534    i.USART_printf      uart_printf.o
    0x080009b2   0x00000002   PAD
    0x080009b4   0x00000024   Code   RO         2480    i.USART_putchar     uartcom.o
    0x080009d8   0x00000002   Code   RO         2140    i.UsageFault_Handler  stm32f10x_it.o
    0x080009da   0x00000002   PAD
    0x080009dc   0x0000001c   Code   RO         2417    i.VTimer_InitController  vtimer.o
    0x080009f8   0x00000024   Code   RO         2420    i.VTimer_Service    vtimer.o
    0x08000a1c   0x0000000e   Code   RO         2590    i.__scatterload_copy  mc_w.l(handlers.o)
    0x08000a2a   0x00000002   Code   RO         2591    i.__scatterload_null  mc_w.l(handlers.o)
    0x08000a2c   0x0000000e   Code   RO         2592    i.__scatterload_zeroinit  mc_w.l(handlers.o)
    0x08000a3a   0x00000002   PAD
    0x08000a3c   0x00000014   Code   RO         2422    i.delay_ms          vtimer.o
    0x08000a50   0x00000064   Code   RO         2095    i.main              main.o
    0x08000ab4   0x00000104   Code   RO         2536    i.print             uart_printf.o
    0x08000bb8   0x00000014   Code   RO         2537    i.printchar         uart_printf.o
    0x08000bcc   0x00000096   Code   RO         2538    i.printi            uart_printf.o
    0x08000c62   0x00000076   Code   RO         2539    i.prints            uart_printf.o
    0x08000cd8   0x0000003c   Code   RO         2029    i.test_USARTCOM     khoitest.o
    0x08000d14   0x00000020   Data   RO         2588    Region$$Table       anon$$obj.o


    Execution Region RW_IRAM1 (Base: 0x20000000, Size: 0x00000e18, Max: 0x00002000, ABSOLUTE)

    Base Addr    Size         Type   Attr      Idx    E Section Name        Object

    0x20000000   0x00000014   Data   RW          275    .data               stm32f10x_rcc.o
    0x20000014   0x00000014   Data   RW         1992    .data               system_stm32f10x.o
    0x20000028   0x00000010   Data   RW         2376    .data               uart.o
    0x20000038   0x00000014   Zero   RW         2096    .bss                main.o
    0x2000004c   0x00000140   Zero   RW         2375    .bss                uart.o
    0x2000018c   0x00000040   Zero   RW         2423    .bss                vtimer.o
    0x200001cc   0x0000004c   Zero   RW         2481    .bss                uartcom.o
    0x20000218   0x00000c00   Zero   RW         2018    STACK               startup_stm32f10x_md_vl.o


==============================================================================

Image component sizes


      Code (inc. data)   RO Data    RW Data    ZI Data      Debug   Object Name

         0          0          0          0          0         32   core_cm3.o
        60         38          0          0          0       3432   khoitest.o
       186         14          0          0         20      17217   main.o
       132         18          0          0          0     235589   misc.o
        36          8        288          0       3072        880   startup_stm32f10x_md_vl.o
       252          6          0          0          0       2674   stm32f10x_gpio.o
       126          0          0          0          0       5517   stm32f10x_it.o
       456         90          0         20          0      10163   stm32f10x_rcc.o
        30          0          0          0          0      21761   stm32f10x_tim.o
       352          4          0          0          0       7011   stm32f10x_usart.o
       180         18          0         20          0       1981   system_stm32f10x.o
       152         18          0         16        320       1688   uart.o
       566          8          0          0          0       4435   uart_printf.o
       316         30          0          0         76       3071   uartcom.o
        84         16          0          0         64       1954   vtimer.o

    ----------------------------------------------------------------------
      2936        268        320         56       3552     317405   Object Totals
         0          0         32          0          0          0   (incl. Generated)
         8          0          0          0          0          3   (incl. Padding)

    ----------------------------------------------------------------------

      Code (inc. data)   RO Data    RW Data    ZI Data      Debug   Library Member Name

         0          0          0          0          0          0   entry.o
         8          4          0          0          0          0   entry2.o
         4          0          0          0          0          0   entry5.o
         0          0          0          0          0          0   entry7b.o
         8          4          0          0          0          0   entry8.o
        30          0          0          0          0          0   handlers.o
        36          8          0          0          0         68   init.o
        36          0          0          0          0         68   memcpya.o

    ----------------------------------------------------------------------
       124         16          0          0          0        136   Library Totals
         2          0          0          0          0          0   (incl. Padding)

    ----------------------------------------------------------------------

      Code (inc. data)   RO Data    RW Data    ZI Data      Debug   Library Name

       122         16          0          0          0        136   mc_w.l

    ----------------------------------------------------------------------
       124         16          0          0          0        136   Library Totals

    ----------------------------------------------------------------------

==============================================================================


      Code (inc. data)   RO Data    RW Data    ZI Data      Debug   

      3060        284        320         56       3552     314632   Grand Totals
      3060        284        320         56       3552     314632   ELF Image Totals
      3060        284        320         56          0          0   ROM Totals

==============================================================================

    Total RO  Size (Code + RO Data)                 3380 (   3.30kB)
    Total RW  Size (RW Data + ZI Data)              3608 (   3.52kB)
    Total ROM Size (Code + RO Data + RW Data)       3436 (   3.36kB)

==============================================================================

