ARM Linker, 4.1 [Build 561] [Standard]

==============================================================================

Section Cross References

    stm32f10x_gpio.o(i.GPIO_AFIODeInit) refers to stm32f10x_rcc.o(i.RCC_APB2PeriphResetCmd) for RCC_APB2PeriphResetCmd
    stm32f10x_gpio.o(i.GPIO_DeInit) refers to stm32f10x_rcc.o(i.RCC_APB2PeriphResetCmd) for RCC_APB2PeriphResetCmd
    stm32f10x_rcc.o(i.RCC_GetClocksFreq) refers to stm32f10x_rcc.o(.data) for APBAHBPrescTable
    stm32f10x_rcc.o(i.RCC_WaitForHSEStartUp) refers to stm32f10x_rcc.o(i.RCC_GetFlagStatus) for RCC_GetFlagStatus
    stm32f10x_flash.o(i.FLASH_EnableWriteProtection) refers to stm32f10x_flash.o(i.FLASH_WaitForLastOperation) for FLASH_WaitForLastOperation
    stm32f10x_flash.o(i.FLASH_EraseAllBank1Pages) refers to stm32f10x_flash.o(i.FLASH_WaitForLastBank1Operation) for FLASH_WaitForLastBank1Operation
    stm32f10x_flash.o(i.FLASH_EraseAllPages) refers to stm32f10x_flash.o(i.FLASH_WaitForLastOperation) for FLASH_WaitForLastOperation
    stm32f10x_flash.o(i.FLASH_EraseOptionBytes) refers to stm32f10x_flash.o(i.FLASH_GetReadOutProtectionStatus) for FLASH_GetReadOutProtectionStatus
    stm32f10x_flash.o(i.FLASH_EraseOptionBytes) refers to stm32f10x_flash.o(i.FLASH_WaitForLastOperation) for FLASH_WaitForLastOperation
    stm32f10x_flash.o(i.FLASH_ErasePage) refers to stm32f10x_flash.o(i.FLASH_WaitForLastOperation) for FLASH_WaitForLastOperation
    stm32f10x_flash.o(i.FLASH_ProgramHalfWord) refers to stm32f10x_flash.o(i.FLASH_WaitForLastOperation) for FLASH_WaitForLastOperation
    stm32f10x_flash.o(i.FLASH_ProgramOptionByteData) refers to stm32f10x_flash.o(i.FLASH_WaitForLastOperation) for FLASH_WaitForLastOperation
    stm32f10x_flash.o(i.FLASH_ProgramWord) refers to stm32f10x_flash.o(i.FLASH_WaitForLastOperation) for FLASH_WaitForLastOperation
    stm32f10x_flash.o(i.FLASH_ReadOutProtection) refers to stm32f10x_flash.o(i.FLASH_WaitForLastOperation) for FLASH_WaitForLastOperation
    stm32f10x_flash.o(i.FLASH_UserOptionByteConfig) refers to stm32f10x_flash.o(i.FLASH_WaitForLastOperation) for FLASH_WaitForLastOperation
    stm32f10x_flash.o(i.FLASH_WaitForLastBank1Operation) refers to stm32f10x_flash.o(i.FLASH_GetBank1Status) for FLASH_GetBank1Status
    stm32f10x_flash.o(i.FLASH_WaitForLastOperation) refers to stm32f10x_flash.o(i.FLASH_GetBank1Status) for FLASH_GetBank1Status
    stm32f10x_adc.o(i.ADC_DeInit) refers to stm32f10x_rcc.o(i.RCC_APB2PeriphResetCmd) for RCC_APB2PeriphResetCmd
    stm32f10x_usart.o(i.USART_DeInit) refers to stm32f10x_rcc.o(i.RCC_APB2PeriphResetCmd) for RCC_APB2PeriphResetCmd
    stm32f10x_usart.o(i.USART_DeInit) refers to stm32f10x_rcc.o(i.RCC_APB1PeriphResetCmd) for RCC_APB1PeriphResetCmd
    stm32f10x_usart.o(i.USART_Init) refers to stm32f10x_rcc.o(i.RCC_GetClocksFreq) for RCC_GetClocksFreq
    stm32f10x_tim.o(i.TIM_DeInit) refers to stm32f10x_rcc.o(i.RCC_APB2PeriphResetCmd) for RCC_APB2PeriphResetCmd
    stm32f10x_tim.o(i.TIM_DeInit) refers to stm32f10x_rcc.o(i.RCC_APB1PeriphResetCmd) for RCC_APB1PeriphResetCmd
    stm32f10x_tim.o(i.TIM_ETRClockMode1Config) refers to stm32f10x_tim.o(i.TIM_ETRConfig) for TIM_ETRConfig
    stm32f10x_tim.o(i.TIM_ETRClockMode2Config) refers to stm32f10x_tim.o(i.TIM_ETRConfig) for TIM_ETRConfig
    stm32f10x_tim.o(i.TIM_ICInit) refers to stm32f10x_tim.o(i.TI1_Config) for TI1_Config
    stm32f10x_tim.o(i.TIM_ICInit) refers to stm32f10x_tim.o(i.TIM_SetIC1Prescaler) for TIM_SetIC1Prescaler
    stm32f10x_tim.o(i.TIM_ICInit) refers to stm32f10x_tim.o(i.TI2_Config) for TI2_Config
    stm32f10x_tim.o(i.TIM_ICInit) refers to stm32f10x_tim.o(i.TIM_SetIC2Prescaler) for TIM_SetIC2Prescaler
    stm32f10x_tim.o(i.TIM_ICInit) refers to stm32f10x_tim.o(i.TI3_Config) for TI3_Config
    stm32f10x_tim.o(i.TIM_ICInit) refers to stm32f10x_tim.o(i.TIM_SetIC3Prescaler) for TIM_SetIC3Prescaler
    stm32f10x_tim.o(i.TIM_ICInit) refers to stm32f10x_tim.o(i.TI4_Config) for TI4_Config
    stm32f10x_tim.o(i.TIM_ICInit) refers to stm32f10x_tim.o(i.TIM_SetIC4Prescaler) for TIM_SetIC4Prescaler
    stm32f10x_tim.o(i.TIM_ITRxExternalClockConfig) refers to stm32f10x_tim.o(i.TIM_SelectInputTrigger) for TIM_SelectInputTrigger
    stm32f10x_tim.o(i.TIM_PWMIConfig) refers to stm32f10x_tim.o(i.TI1_Config) for TI1_Config
    stm32f10x_tim.o(i.TIM_PWMIConfig) refers to stm32f10x_tim.o(i.TIM_SetIC1Prescaler) for TIM_SetIC1Prescaler
    stm32f10x_tim.o(i.TIM_PWMIConfig) refers to stm32f10x_tim.o(i.TI2_Config) for TI2_Config
    stm32f10x_tim.o(i.TIM_PWMIConfig) refers to stm32f10x_tim.o(i.TIM_SetIC2Prescaler) for TIM_SetIC2Prescaler
    stm32f10x_tim.o(i.TIM_TIxExternalClockConfig) refers to stm32f10x_tim.o(i.TI2_Config) for TI2_Config
    stm32f10x_tim.o(i.TIM_TIxExternalClockConfig) refers to stm32f10x_tim.o(i.TI1_Config) for TI1_Config
    stm32f10x_tim.o(i.TIM_TIxExternalClockConfig) refers to stm32f10x_tim.o(i.TIM_SelectInputTrigger) for TIM_SelectInputTrigger
[...]
    mallocra.o(i.__realloc$memalign) refers to mallocra.o(i.__malloc$realloc$memalign) for __malloc$realloc$memalign
    mallocra.o(i.__realloc$memalign) refers to mvars.o(.data) for __microlib_freelist
    mallocra.o(i.internal_alloc) refers to memcpya.o(.text) for __aeabi_memcpy
    mallocra.o(i.internal_alloc) refers to mvars.o(.data) for __microlib_freelist
    entry2.o(.ARM.Collect$$$$00000001) refers to entry2.o(.ARM.Collect$$$$00002712) for __lit__00000000
    entry2.o(.ARM.Collect$$$$00002712) refers to startup_stm32f10x_md_vl.o(STACK) for __initial_sp
    entry2.o(__vectab_stack_and_reset_area) refers to startup_stm32f10x_md_vl.o(STACK) for __initial_sp
    entry2.o(__vectab_stack_and_reset_area) refers to entry.o(.ARM.Collect$$$$00000000) for __main
    entry5.o(.ARM.Collect$$$$00000004) refers to init.o(.text) for __scatterload
    entry8.o(.ARM.Collect$$$$00000009) refers to main.o(i.main) for main
    init.o(.text) refers to entry5.o(.ARM.Collect$$$$00000004) for __main_after_scatterload


==============================================================================

Removing Unused input sections from the image.

    Removing misc.o(i.NVIC_SystemLPConfig), (32 bytes).
    Removing misc.o(i.SysTick_CLKSourceConfig), (40 bytes).
    Removing stm32f10x_exti.o(i.EXTI_ClearFlag), (12 bytes).
    Removing stm32f10x_exti.o(i.EXTI_ClearITPendingBit), (12 bytes).
    Removing stm32f10x_exti.o(i.EXTI_DeInit), (52 bytes).
    Removing stm32f10x_exti.o(i.EXTI_GenerateSWInterrupt), (24 bytes).
    Removing stm32f10x_exti.o(i.EXTI_GetFlagStatus), (24 bytes).
    Removing stm32f10x_exti.o(i.EXTI_GetITStatus), (44 bytes).
    Removing stm32f10x_exti.o(i.EXTI_StructInit), (16 bytes).
    Removing stm32f10x_gpio.o(i.GPIO_AFIODeInit), (20 bytes).
    Removing stm32f10x_gpio.o(i.GPIO_DeInit), (200 bytes).
    Removing stm32f10x_gpio.o(i.GPIO_ETH_MediaInterfaceConfig), (12 bytes).
    Removing stm32f10x_gpio.o(i.GPIO_EventOutputCmd), (12 bytes).
    Removing stm32f10x_gpio.o(i.GPIO_EventOutputConfig), (32 bytes).
    Removing stm32f10x_gpio.o(i.GPIO_PinLockConfig), (18 bytes).
    Removing stm32f10x_gpio.o(i.GPIO_ReadInputData), (8 bytes).
    Removing stm32f10x_gpio.o(i.GPIO_ReadOutputData), (8 bytes).
    Removing stm32f10x_gpio.o(i.GPIO_ReadOutputDataBit), (18 bytes).
    Removing stm32f10x_gpio.o(i.GPIO_StructInit), (16 bytes).
    Removing stm32f10x_gpio.o(i.GPIO_Write), (4 bytes).
    Removing stm32f10x_gpio.o(i.GPIO_WriteBit), (10 bytes).
    Removing stm32f10x_rcc.o(i.RCC_ADCCLKConfig), (24 bytes).
    Removing stm32f10x_rcc.o(i.RCC_AHBPeriphClockCmd), (32 bytes).
    Removing stm32f10x_rcc.o(i.RCC_APB1PeriphResetCmd), (32 bytes).
    Removing stm32f10x_rcc.o(i.RCC_APB2PeriphResetCmd), (32 bytes).
    Removing stm32f10x_rcc.o(i.RCC_AdjustHSICalibrationValue), (24 bytes).
    Removing stm32f10x_rcc.o(i.RCC_BackupResetCmd), (12 bytes).
    Removing stm32f10x_rcc.o(i.RCC_ClearFlag), (20 bytes).
    Removing stm32f10x_rcc.o(i.RCC_ClockSecuritySystemCmd), (12 bytes).
    Removing stm32f10x_rcc.o(i.RCC_HSEConfig), (76 bytes).
    Removing stm32f10x_rcc.o(i.RCC_HSICmd), (12 bytes).
    Removing stm32f10x_rcc.o(i.RCC_ITConfig), (36 bytes).
    Removing stm32f10x_rcc.o(i.RCC_LSEConfig), (52 bytes).
    Removing stm32f10x_rcc.o(i.RCC_LSICmd), (12 bytes).
    Removing stm32f10x_rcc.o(i.RCC_MCOConfig), (12 bytes).
    Removing stm32f10x_rcc.o(i.RCC_PREDIV1Config), (32 bytes).
    Removing stm32f10x_rcc.o(i.RCC_RTCCLKCmd), (12 bytes).
    Removing stm32f10x_rcc.o(i.RCC_RTCCLKConfig), (16 bytes).
    Removing stm32f10x_rcc.o(i.RCC_USBCLKConfig), (12 bytes).
    Removing stm32f10x_rcc.o(i.RCC_WaitForHSEStartUp), (48 bytes).
    Removing stm32f10x_flash.o(i.FLASH_ClearFlag), (12 bytes).
    Removing stm32f10x_flash.o(i.FLASH_EnableWriteProtection), (204 bytes).
    Removing stm32f10x_flash.o(i.FLASH_EraseAllBank1Pages), (76 bytes).
    Removing stm32f10x_flash.o(i.FLASH_EraseAllPages), (76 bytes).
    Removing stm32f10x_flash.o(i.FLASH_EraseOptionBytes), (168 bytes).
    Removing stm32f10x_flash.o(i.FLASH_ErasePage), (80 bytes).
    Removing stm32f10x_flash.o(i.FLASH_GetBank1Status), (56 bytes).
    Removing stm32f10x_flash.o(i.FLASH_GetFlagStatus), (48 bytes).
    Removing stm32f10x_flash.o(i.FLASH_GetPrefetchBufferStatus), (24 bytes).
    Removing stm32f10x_flash.o(i.FLASH_GetReadOutProtectionStatus), (24 bytes).
    Removing stm32f10x_flash.o(i.FLASH_GetStatus), (56 bytes).
    Removing stm32f10x_flash.o(i.FLASH_GetUserOptionByte), (12 bytes).
    Removing stm32f10x_flash.o(i.FLASH_GetWriteProtectionOptionByte), (12 bytes).
    Removing stm32f10x_flash.o(i.FLASH_HalfCycleAccessCmd), (28 bytes).
    Removing stm32f10x_flash.o(i.FLASH_ITConfig), (32 bytes).
    Removing stm32f10x_flash.o(i.FLASH_Lock), (20 bytes).
    Removing stm32f10x_flash.o(i.FLASH_LockBank1), (20 bytes).
    Removing stm32f10x_flash.o(i.FLASH_PrefetchBufferCmd), (28 bytes).
    Removing stm32f10x_flash.o(i.FLASH_ProgramHalfWord), (68 bytes).
    Removing stm32f10x_flash.o(i.FLASH_ProgramOptionByteData), (84 bytes).
    Removing stm32f10x_flash.o(i.FLASH_ProgramWord), (108 bytes).
    Removing stm32f10x_flash.o(i.FLASH_ReadOutProtection), (172 bytes).
    Removing stm32f10x_flash.o(i.FLASH_SetLatency), (24 bytes).
    Removing stm32f10x_flash.o(i.FLASH_Unlock), (24 bytes).
    Removing stm32f10x_flash.o(i.FLASH_UnlockBank1), (24 bytes).
    Removing stm32f10x_flash.o(i.FLASH_UserOptionByteConfig), (104 bytes).
    Removing stm32f10x_flash.o(i.FLASH_WaitForLastBank1Operation), (38 bytes).
    Removing stm32f10x_flash.o(i.FLASH_WaitForLastOperation), (38 bytes).
    Removing stm32f10x_adc.o(i.ADC_AnalogWatchdogCmd), (20 bytes).
    Removing stm32f10x_adc.o(i.ADC_AnalogWatchdogSingleChannelConfig), (16 bytes).
    Removing stm32f10x_adc.o(i.ADC_AnalogWatchdogThresholdsConfig), (6 bytes).
    Removing stm32f10x_adc.o(i.ADC_AutoInjectedConvCmd), (22 bytes).
    Removing stm32f10x_adc.o(i.ADC_ClearFlag), (6 bytes).
    Removing stm32f10x_adc.o(i.ADC_ClearITPendingBit), (10 bytes).
    Removing stm32f10x_adc.o(i.ADC_Cmd), (22 bytes).
    Removing stm32f10x_adc.o(i.ADC_DMACmd), (22 bytes).
    Removing stm32f10x_adc.o(i.ADC_DeInit), (92 bytes).
    Removing stm32f10x_adc.o(i.ADC_DiscModeChannelCountConfig), (24 bytes).
    Removing stm32f10x_adc.o(i.ADC_DiscModeCmd), (22 bytes).
    Removing stm32f10x_adc.o(i.ADC_ExternalTrigConvCmd), (22 bytes).
    Removing stm32f10x_adc.o(i.ADC_ExternalTrigInjectedConvCmd), (22 bytes).
    Removing stm32f10x_adc.o(i.ADC_ExternalTrigInjectedConvConfig), (16 bytes).
    Removing stm32f10x_adc.o(i.ADC_GetCalibrationStatus), (20 bytes).
    Removing stm32f10x_adc.o(i.ADC_GetConversionValue), (8 bytes).
    Removing stm32f10x_adc.o(i.ADC_GetDualModeConversionValue), (12 bytes).
    Removing stm32f10x_adc.o(i.ADC_GetFlagStatus), (18 bytes).
    Removing stm32f10x_adc.o(i.ADC_GetITStatus), (36 bytes).
    Removing stm32f10x_adc.o(i.ADC_GetInjectedConversionValue), (18 bytes).
    Removing stm32f10x_adc.o(i.ADC_GetResetCalibrationStatus), (20 bytes).
    Removing stm32f10x_adc.o(i.ADC_GetSoftwareStartConvStatus), (20 bytes).
    Removing stm32f10x_adc.o(i.ADC_GetSoftwareStartInjectedConvCmdStatus), (20 bytes).
    Removing stm32f10x_adc.o(i.ADC_ITConfig), (24 bytes).
    Removing stm32f10x_adc.o(i.ADC_Init), (80 bytes).
    Removing stm32f10x_adc.o(i.ADC_InjectedChannelConfig), (130 bytes).
    Removing stm32f10x_adc.o(i.ADC_InjectedDiscModeCmd), (22 bytes).
    Removing stm32f10x_adc.o(i.ADC_InjectedSequencerLengthConfig), (24 bytes).
    Removing stm32f10x_adc.o(i.ADC_RegularChannelConfig), (184 bytes).
    Removing stm32f10x_adc.o(i.ADC_ResetCalibration), (10 bytes).
    Removing stm32f10x_adc.o(i.ADC_SetInjectedOffset), (12 bytes).
    Removing stm32f10x_adc.o(i.ADC_SoftwareStartConvCmd), (22 bytes).
    Removing stm32f10x_adc.o(i.ADC_SoftwareStartInjectedConvCmd), (22 bytes).
    Removing stm32f10x_adc.o(i.ADC_StartCalibration), (10 bytes).
    Removing stm32f10x_adc.o(i.ADC_StructInit), (18 bytes).
    Removing stm32f10x_adc.o(i.ADC_TempSensorVrefintCmd), (44 bytes).
    Removing stm32f10x_dma.o(i.DMA_ClearFlag), (28 bytes).
    Removing stm32f10x_dma.o(i.DMA_ClearITPendingBit), (28 bytes).
    Removing stm32f10x_dma.o(i.DMA_Cmd), (22 bytes).
    Removing stm32f10x_dma.o(i.DMA_DeInit), (336 bytes).
    Removing stm32f10x_dma.o(i.DMA_GetCurrDataCounter), (8 bytes).
    Removing stm32f10x_dma.o(i.DMA_GetFlagStatus), (44 bytes).
    Removing stm32f10x_dma.o(i.DMA_GetITStatus), (44 bytes).
    Removing stm32f10x_dma.o(i.DMA_ITConfig), (18 bytes).
    Removing stm32f10x_dma.o(i.DMA_Init), (60 bytes).
    Removing stm32f10x_dma.o(i.DMA_StructInit), (26 bytes).
    Removing stm32f10x_usart.o(i.USART_ClearFlag), (18 bytes).
    Removing stm32f10x_usart.o(i.USART_ClearITPendingBit), (30 bytes).
    Removing stm32f10x_usart.o(i.USART_ClockInit), (34 bytes).
    Removing stm32f10x_usart.o(i.USART_ClockStructInit), (12 bytes).
    Removing stm32f10x_usart.o(i.USART_DMACmd), (24 bytes).
    Removing stm32f10x_usart.o(i.USART_DeInit), (156 bytes).
    Removing stm32f10x_usart.o(i.USART_HalfDuplexCmd), (24 bytes).
    Removing stm32f10x_usart.o(i.USART_IrDACmd), (24 bytes).
    Removing stm32f10x_usart.o(i.USART_IrDAConfig), (18 bytes).
    Removing stm32f10x_usart.o(i.USART_LINBreakDetectLengthConfig), (18 bytes).
    Removing stm32f10x_usart.o(i.USART_LINCmd), (24 bytes).
    Removing stm32f10x_usart.o(i.USART_OneBitMethodCmd), (24 bytes).
    Removing stm32f10x_usart.o(i.USART_OverSampling8Cmd), (22 bytes).
    Removing stm32f10x_usart.o(i.USART_ReceiverWakeUpCmd), (24 bytes).
    Removing stm32f10x_usart.o(i.USART_SendBreak), (10 bytes).
    Removing stm32f10x_usart.o(i.USART_SetAddress), (18 bytes).
    Removing stm32f10x_usart.o(i.USART_SetGuardTime), (16 bytes).
    Removing stm32f10x_usart.o(i.USART_SetPrescaler), (16 bytes).
    Removing stm32f10x_usart.o(i.USART_SmartCardCmd), (24 bytes).
    Removing stm32f10x_usart.o(i.USART_SmartCardNACKCmd), (24 bytes).
    Removing stm32f10x_usart.o(i.USART_StructInit), (24 bytes).
    Removing stm32f10x_usart.o(i.USART_WakeUpConfig), (18 bytes).
    Removing stm32f10x_tim.o(i.TI1_Config), (54 bytes).
    Removing stm32f10x_tim.o(i.TI2_Config), (68 bytes).
    Removing stm32f10x_tim.o(i.TI3_Config), (64 bytes).
    Removing stm32f10x_tim.o(i.TI4_Config), (68 bytes).
    Removing stm32f10x_tim.o(i.TIM_ARRPreloadConfig), (24 bytes).
    Removing stm32f10x_tim.o(i.TIM_BDTRConfig), (32 bytes).
    Removing stm32f10x_tim.o(i.TIM_BDTRStructInit), (18 bytes).
    Removing stm32f10x_tim.o(i.TIM_CCPreloadControl), (24 bytes).
    Removing stm32f10x_tim.o(i.TIM_CCxCmd), (34 bytes).
    Removing stm32f10x_tim.o(i.TIM_CCxNCmd), (34 bytes).
    Removing stm32f10x_tim.o(i.TIM_ClearFlag), (6 bytes).
    Removing stm32f10x_tim.o(i.TIM_ClearOC1Ref), (18 bytes).
    Removing stm32f10x_tim.o(i.TIM_ClearOC2Ref), (20 bytes).
    Removing stm32f10x_tim.o(i.TIM_ClearOC3Ref), (18 bytes).
    Removing stm32f10x_tim.o(i.TIM_ClearOC4Ref), (20 bytes).
    Removing stm32f10x_tim.o(i.TIM_Cmd), (24 bytes).
    Removing stm32f10x_tim.o(i.TIM_CounterModeConfig), (18 bytes).
    Removing stm32f10x_tim.o(i.TIM_CtrlPWMOutputs), (30 bytes).
    Removing stm32f10x_tim.o(i.TIM_DMACmd), (24 bytes).
    Removing stm32f10x_tim.o(i.TIM_DMAConfig), (10 bytes).
    Removing stm32f10x_tim.o(i.TIM_DeInit), (488 bytes).
    Removing stm32f10x_tim.o(i.TIM_ETRClockMode1Config), (54 bytes).
    Removing stm32f10x_tim.o(i.TIM_ETRClockMode2Config), (32 bytes).
    Removing stm32f10x_tim.o(i.TIM_ETRConfig), (24 bytes).
    Removing stm32f10x_tim.o(i.TIM_EncoderInterfaceConfig), (62 bytes).
    Removing stm32f10x_tim.o(i.TIM_ForcedOC1Config), (18 bytes).
    Removing stm32f10x_tim.o(i.TIM_ForcedOC2Config), (22 bytes).
    Removing stm32f10x_tim.o(i.TIM_ForcedOC3Config), (18 bytes).
    Removing stm32f10x_tim.o(i.TIM_ForcedOC4Config), (22 bytes).
    Removing stm32f10x_tim.o(i.TIM_GenerateEvent), (4 bytes).
    Removing stm32f10x_tim.o(i.TIM_GetCapture1), (6 bytes).
    Removing stm32f10x_tim.o(i.TIM_GetCapture2), (6 bytes).
    Removing stm32f10x_tim.o(i.TIM_GetCapture3), (6 bytes).
    Removing stm32f10x_tim.o(i.TIM_GetCapture4), (8 bytes).
    Removing stm32f10x_tim.o(i.TIM_GetCounter), (6 bytes).
    Removing stm32f10x_tim.o(i.TIM_GetFlagStatus), (18 bytes).
    Removing stm32f10x_tim.o(i.TIM_GetPrescaler), (6 bytes).
    Removing stm32f10x_tim.o(i.TIM_ICInit), (110 bytes).
    Removing stm32f10x_tim.o(i.TIM_ICStructInit), (18 bytes).
    Removing stm32f10x_tim.o(i.TIM_ITConfig), (24 bytes).
    Removing stm32f10x_tim.o(i.TIM_ITRxExternalClockConfig), (24 bytes).
    Removing stm32f10x_tim.o(i.TIM_InternalClockConfig), (12 bytes).
    Removing stm32f10x_tim.o(i.TIM_OC1FastConfig), (18 bytes).
    Removing stm32f10x_tim.o(i.TIM_OC1Init), (152 bytes).
    Removing stm32f10x_tim.o(i.TIM_OC1NPolarityConfig), (18 bytes).
    Removing stm32f10x_tim.o(i.TIM_OC1PolarityConfig), (18 bytes).
    Removing stm32f10x_tim.o(i.TIM_OC1PreloadConfig), (18 bytes).
    Removing stm32f10x_tim.o(i.TIM_OC2FastConfig), (22 bytes).
    Removing stm32f10x_tim.o(i.TIM_OC2Init), (156 bytes).
    Removing stm32f10x_tim.o(i.TIM_OC2NPolarityConfig), (22 bytes).
    Removing stm32f10x_tim.o(i.TIM_OC2PolarityConfig), (22 bytes).
    Removing stm32f10x_tim.o(i.TIM_OC2PreloadConfig), (22 bytes).
    Removing stm32f10x_tim.o(i.TIM_OC3FastConfig), (18 bytes).
    Removing stm32f10x_tim.o(i.TIM_OC3Init), (152 bytes).
    Removing stm32f10x_tim.o(i.TIM_OC3NPolarityConfig), (22 bytes).
    Removing stm32f10x_tim.o(i.TIM_OC3PolarityConfig), (22 bytes).
    Removing stm32f10x_tim.o(i.TIM_OC3PreloadConfig), (18 bytes).
    Removing stm32f10x_tim.o(i.TIM_OC4FastConfig), (22 bytes).
    Removing stm32f10x_tim.o(i.TIM_OC4Init), (116 bytes).
    Removing stm32f10x_tim.o(i.TIM_OC4PolarityConfig), (22 bytes).
    Removing stm32f10x_tim.o(i.TIM_OC4PreloadConfig), (22 bytes).
    Removing stm32f10x_tim.o(i.TIM_OCStructInit), (20 bytes).
    Removing stm32f10x_tim.o(i.TIM_PWMIConfig), (124 bytes).
    Removing stm32f10x_tim.o(i.TIM_PrescalerConfig), (6 bytes).
    Removing stm32f10x_tim.o(i.TIM_SelectCCDMA), (24 bytes).
    Removing stm32f10x_tim.o(i.TIM_SelectCOM), (24 bytes).
    Removing stm32f10x_tim.o(i.TIM_SelectHallSensor), (24 bytes).
    Removing stm32f10x_tim.o(i.TIM_SelectInputTrigger), (18 bytes).
    Removing stm32f10x_tim.o(i.TIM_SelectMasterSlaveMode), (18 bytes).
    Removing stm32f10x_tim.o(i.TIM_SelectOCxM), (82 bytes).
    Removing stm32f10x_tim.o(i.TIM_SelectOnePulseMode), (18 bytes).
    Removing stm32f10x_tim.o(i.TIM_SelectOutputTrigger), (18 bytes).
    Removing stm32f10x_tim.o(i.TIM_SelectSlaveMode), (18 bytes).
    Removing stm32f10x_tim.o(i.TIM_SetAutoreload), (4 bytes).
    Removing stm32f10x_tim.o(i.TIM_SetClockDivision), (18 bytes).
    Removing stm32f10x_tim.o(i.TIM_SetCompare1), (4 bytes).
    Removing stm32f10x_tim.o(i.TIM_SetCompare2), (4 bytes).
    Removing stm32f10x_tim.o(i.TIM_SetCompare3), (4 bytes).
    Removing stm32f10x_tim.o(i.TIM_SetCompare4), (6 bytes).
    Removing stm32f10x_tim.o(i.TIM_SetCounter), (4 bytes).
    Removing stm32f10x_tim.o(i.TIM_SetIC1Prescaler), (18 bytes).
    Removing stm32f10x_tim.o(i.TIM_SetIC2Prescaler), (22 bytes).
    Removing stm32f10x_tim.o(i.TIM_SetIC3Prescaler), (18 bytes).
    Removing stm32f10x_tim.o(i.TIM_SetIC4Prescaler), (22 bytes).
    Removing stm32f10x_tim.o(i.TIM_TIxExternalClockConfig), (62 bytes).
    Removing stm32f10x_tim.o(i.TIM_TimeBaseInit), (164 bytes).
    Removing stm32f10x_tim.o(i.TIM_TimeBaseStructInit), (18 bytes).
    Removing stm32f10x_tim.o(i.TIM_UpdateDisableConfig), (24 bytes).
    Removing stm32f10x_tim.o(i.TIM_UpdateRequestConfig), (24 bytes).
    Removing stm32f10x_spi.o(i.I2S_Cmd), (24 bytes).
    Removing stm32f10x_spi.o(i.I2S_Init), (228 bytes).
    Removing stm32f10x_spi.o(i.I2S_StructInit), (20 bytes).
    Removing stm32f10x_spi.o(i.SPI_BiDirectionalLineConfig), (28 bytes).
    Removing stm32f10x_spi.o(i.SPI_CalculateCRC), (24 bytes).
    Removing stm32f10x_spi.o(i.SPI_DataSizeConfig), (18 bytes).
    Removing stm32f10x_spi.o(i.SPI_GetCRC), (16 bytes).
    Removing stm32f10x_spi.o(i.SPI_GetCRCPolynomial), (6 bytes).
    Removing stm32f10x_spi.o(i.SPI_I2S_ClearFlag), (6 bytes).
    Removing stm32f10x_spi.o(i.SPI_I2S_ClearITPendingBit), (20 bytes).
    Removing stm32f10x_spi.o(i.SPI_I2S_DMACmd), (24 bytes).
    Removing stm32f10x_spi.o(i.SPI_I2S_DeInit), (88 bytes).
    Removing stm32f10x_spi.o(i.SPI_I2S_GetITStatus), (52 bytes).
    Removing stm32f10x_spi.o(i.SPI_I2S_ITConfig), (36 bytes).
    Removing stm32f10x_spi.o(i.SPI_NSSInternalSoftwareConfig), (30 bytes).
    Removing stm32f10x_spi.o(i.SPI_SSOutputCmd), (24 bytes).
    Removing stm32f10x_spi.o(i.SPI_StructInit), (24 bytes).
    Removing stm32f10x_spi.o(i.SPI_TransmitCRC), (10 bytes).
    Removing stm32f10x_i2c.o(i.I2C_ARPCmd), (24 bytes).
    Removing stm32f10x_i2c.o(i.I2C_AcknowledgeConfig), (24 bytes).
    Removing stm32f10x_i2c.o(i.I2C_CalculatePEC), (24 bytes).
    Removing stm32f10x_i2c.o(i.I2C_CheckEvent), (42 bytes).
    Removing stm32f10x_i2c.o(i.I2C_ClearFlag), (12 bytes).
    Removing stm32f10x_i2c.o(i.I2C_ClearITPendingBit), (12 bytes).
    Removing stm32f10x_i2c.o(i.I2C_Cmd), (24 bytes).
    Removing stm32f10x_i2c.o(i.I2C_DMACmd), (24 bytes).
    Removing stm32f10x_i2c.o(i.I2C_DMALastTransferCmd), (24 bytes).
    Removing stm32f10x_i2c.o(i.I2C_DeInit), (56 bytes).
    Removing stm32f10x_i2c.o(i.I2C_DualAddressCmd), (24 bytes).
    Removing stm32f10x_i2c.o(i.I2C_FastModeDutyCycleConfig), (28 bytes).
    Removing stm32f10x_i2c.o(i.I2C_GeneralCallCmd), (24 bytes).
    Removing stm32f10x_i2c.o(i.I2C_GenerateSTART), (24 bytes).
    Removing stm32f10x_i2c.o(i.I2C_GenerateSTOP), (24 bytes).
    Removing stm32f10x_i2c.o(i.I2C_GetFlagStatus), (42 bytes).
    Removing stm32f10x_i2c.o(i.I2C_GetITStatus), (38 bytes).
    Removing stm32f10x_i2c.o(i.I2C_GetLastEvent), (26 bytes).
    Removing stm32f10x_i2c.o(i.I2C_GetPEC), (8 bytes).
    Removing stm32f10x_i2c.o(i.I2C_ITConfig), (24 bytes).
    Removing stm32f10x_i2c.o(i.I2C_Init), (236 bytes).
    Removing stm32f10x_i2c.o(i.I2C_OwnAddress2Config), (22 bytes).
    Removing stm32f10x_i2c.o(i.I2C_PECPositionConfig), (28 bytes).
    Removing stm32f10x_i2c.o(i.I2C_ReadRegister), (12 bytes).
    Removing stm32f10x_i2c.o(i.I2C_ReceiveData), (8 bytes).
    Removing stm32f10x_i2c.o(i.I2C_SMBusAlertConfig), (28 bytes).
    Removing stm32f10x_i2c.o(i.I2C_Send7bitAddress), (18 bytes).
    Removing stm32f10x_i2c.o(i.I2C_SendData), (4 bytes).
    Removing stm32f10x_i2c.o(i.I2C_SoftwareResetCmd), (22 bytes).
    Removing stm32f10x_i2c.o(i.I2C_StretchClockCmd), (24 bytes).
    Removing stm32f10x_i2c.o(i.I2C_StructInit), (30 bytes).
    Removing stm32f10x_i2c.o(i.I2C_TransmitPEC), (24 bytes).
    Removing core_cm3.o(.emb_text), (32 bytes).
    Removing system_stm32f10x.o(i.SystemCoreClockUpdate), (160 bytes).
    Removing startup_stm32f10x_md_vl.o(HEAP), (768 bytes).
    Removing khoitest.o(i.newline), (52 bytes).
    Removing khoitest.o(i.testAES), (236 bytes).
    Removing khoitest.o(i.testLED), (22 bytes).
    Removing khoitest.o(i.testSwitch), (132 bytes).
    Removing khoitest.o(i.testTouch), (204 bytes).
    Removing khoitest.o(.bss), (64 bytes).
    Removing khoitest.o(.data), (48 bytes).
    Removing thanhtest.o(i.testMifareClassic), (216 bytes).
    Removing thanhtest.o(i.testMifareDesfire), (1110 bytes).
    Removing demo.o(i.DuyTest), (4 bytes).
    Removing demo.o(i.DuyTest_1), (22 bytes).
    Removing demo.o(i.DuyTest_2), (296 bytes).
    Removing demo.o(i.WriteUser), (204 bytes).
    Removing des.o(i.psDesEncryptBlock), (106 bytes).
    Removing pn532.o(i.pn532CardDeselect), (104 bytes).
    Removing pn532.o(i.pn532CardSelect), (104 bytes).
    Removing pn532.o(i.pn532DeleteApplication), (152 bytes).
    Removing pn532.o(i.pn532DesfileSelect), (192 bytes).
    Removing pn532.o(i.pn532DesfireAbbortTransaction), (124 bytes).
    Removing pn532.o(i.pn532DesfireChangeFileSettings), (268 bytes).
    Removing pn532.o(i.pn532DesfireClearRecord), (140 bytes).
    Removing pn532.o(i.pn532DesfireDeleteFile), (136 bytes).
    Removing pn532.o(i.pn532DesfireGetAIDs), (292 bytes).
    Removing pn532.o(i.pn532DesfireGetFileIDs), (160 bytes).
    Removing pn532.o(i.pn532DesfireGetFileSettings), (388 bytes).
    Removing pn532.o(i.pn532DesfireGetKeySetting), (148 bytes).
    Removing pn532.o(i.pn532DesfireGetKeyVersion), (148 bytes).
    Removing pn532.o(i.pn532DesfireGetVersion), (416 bytes).
    Removing pn532.o(i.pn532DesfireLimitedCredit), (200 bytes).
    Removing pn532.o(i.pn532DesfireReadRecord), (396 bytes).
    Removing pn532.o(i.pn532DesfireWriteRecord), (408 bytes).
    Removing pn532.o(i.pn532GetCardInfo), (8 bytes).
    Removing pn532.o(i.pn532MifareLogin), (216 bytes).
    Removing pn532.o(i.pn532MifareRead16), (148 bytes).
    Removing pn532.o(i.pn532MifareWrite16), (188 bytes).
    Removing pn532.o(i.pn532MifareWriteKeyA), (88 bytes).
    Removing pn532.o(i.pn532PrintHex), (14 bytes).
    Removing pn532.o(.data), (8 bytes).
    Removing pn532_drvr.o(i.pn532GetStatus), (52 bytes).
    Removing vtimer.o(i.Delay_ms), (24 bytes).
    Removing crc16.o(i.iso14443a_crc), (56 bytes).
    Removing aes.o(i.GetMessage), (226 bytes).
    Removing aes.o(i.InitAes128), (4 bytes).
    Removing aes.o(i.IsComingMessage), (10 bytes).
    Removing aes.o(i.SendMessage), (356 bytes).
    Removing i2c.o(i.I2CInit), (132 bytes).
    Removing keyman.o(i.GetOldRFIDKey), (6 bytes).
    Removing keyman.o(i.GetProtocolKey), (32 bytes).
    Removing keyman.o(i.GetRFIDKey), (6 bytes).
    Removing keyman.o(i.SetNewProtocolKey), (6 bytes).
    Removing keyman.o(.data), (16 bytes).
    Removing ti_aes.o(i.aes_decr), (1536 bytes).
    Removing ti_aes.o(i.aes_decrypt), (28 bytes).
    Removing ti_aes.o(i.aes_encr), (1204 bytes).
    Removing ti_aes.o(i.aes_encrypt), (28 bytes).
    Removing ti_aes.o(i.expandKey), (508 bytes).
    Removing ti_aes.o(i.galois_mul2), (22 bytes).
    Removing ti_aes.o(.constdata), (523 bytes).
    Removing touchpad.o(i.GetTouchKey), (292 bytes).
    Removing touchpad.o(i.IsKeypadPressed), (28 bytes).
    Removing touchpad.o(i.TouchPadInit), (332 bytes).
    Removing touchpad.o(i.TouchPadReadReg), (228 bytes).
    Removing touchpad.o(i.TouchPadWriteReg), (140 bytes).
    Removing stm32sunid.o(i.LEDToggle), (76 bytes).
    Removing stm32sunid.o(i.TimerInit), (114 bytes).
    Removing stm32sunid.o(i.sPN532_LowLevel_DeInit), (104 bytes).

344 unused section(s) (total 24255 bytes) removed from the image.

==============================================================================

Image Symbol Table

    Local Symbols

    Symbol Name                              Value     Ov Type        Size  Object(Section)

    ../../microlib/init/entry.s              0x00000000   Number         0  entry7a.o ABSOLUTE
    ../../microlib/init/entry.s              0x00000000   Number         0  entry5.o ABSOLUTE
    ../../microlib/init/entry.s              0x00000000   Number         0  entry2.o ABSOLUTE
    ../../microlib/init/entry.s              0x00000000   Number         0  entry7b.o ABSOLUTE
    ../../microlib/init/entry.s              0x00000000   Number         0  entry8.o ABSOLUTE
    ../../microlib/init/entry.s              0x00000000   Number         0  entry.o ABSOLUTE
    ../../microlib/malloc/malloc.c           0x00000000   Number         0  mallocra.o ABSOLUTE
    ../../microlib/malloc/malloc.c           0x00000000   Number         0  malloca.o ABSOLUTE
    ../../microlib/malloc/malloc.c           0x00000000   Number         0  mallocr.o ABSOLUTE
    ../../microlib/malloc/malloc.c           0x00000000   Number         0  malloc.o ABSOLUTE
    ../../microlib/malloc/mvars.c            0x00000000   Number         0  mvars.o ABSOLUTE
    ../../microlib/string/memcmp.c           0x00000000   Number         0  memcmp.o ABSOLUTE
    ../../microlib/string/memcpy.c           0x00000000   Number         0  memcpyb.o ABSOLUTE
    ../../microlib/string/memcpy.c           0x00000000   Number         0  memcpya.o ABSOLUTE
    ../../microlib/string/memset.c           0x00000000   Number         0  memseta.o ABSOLUTE
    ..\Libraries\CMSIS\CM3\CoreSupport\core_cm3.c 0x00000000   Number         0  core_cm3.o ABSOLUTE
    ..\Libraries\CMSIS\CM3\DeviceSupport\ST\STM32F10x\startup\arm\startup_stm32f10x_md_vl.s 0x00000000   Number         0  startup_stm32f10x_md_vl.o ABSOLUTE
    ..\Libraries\CMSIS\CM3\DeviceSupport\ST\STM32F10x\system_stm32f10x.c 0x00000000   Number         0  system_stm32f10x.o ABSOLUTE
    ..\Libraries\STM32F10x_StdPeriph_Driver\src\misc.c 0x00000000   Number         0  misc.o ABSOLUTE
    ..\Libraries\STM32F10x_StdPeriph_Driver\src\stm32f10x_adc.c 0x00000000   Number         0  stm32f10x_adc.o ABSOLUTE
    ..\Libraries\STM32F10x_StdPeriph_Driver\src\stm32f10x_dma.c 0x00000000   Number         0  stm32f10x_dma.o ABSOLUTE
    ..\Libraries\STM32F10x_StdPeriph_Driver\src\stm32f10x_exti.c 0x00000000   Number         0  stm32f10x_exti.o ABSOLUTE
    ..\Libraries\STM32F10x_StdPeriph_Driver\src\stm32f10x_flash.c 0x00000000   Number         0  stm32f10x_flash.o ABSOLUTE
    ..\Libraries\STM32F10x_StdPeriph_Driver\src\stm32f10x_gpio.c 0x00000000   Number         0  stm32f10x_gpio.o ABSOLUTE
    ..\Libraries\STM32F10x_StdPeriph_Driver\src\stm32f10x_i2c.c 0x00000000   Number         0  stm32f10x_i2c.o ABSOLUTE
    ..\Libraries\STM32F10x_StdPeriph_Driver\src\stm32f10x_rcc.c 0x00000000   Number         0  stm32f10x_rcc.o ABSOLUTE
    ..\Libraries\STM32F10x_StdPeriph_Driver\src\stm32f10x_spi.c 0x00000000   Number         0  stm32f10x_spi.o ABSOLUTE
    ..\Libraries\STM32F10x_StdPeriph_Driver\src\stm32f10x_tim.c 0x00000000   Number         0  stm32f10x_tim.o ABSOLUTE
    ..\Libraries\STM32F10x_StdPeriph_Driver\src\stm32f10x_usart.c 0x00000000   Number         0  stm32f10x_usart.o ABSOLUTE
    ..\Libraries\sunid_lib\khoi\src\TI_aes.c 0x00000000   Number         0  ti_aes.o ABSOLUTE
    ..\Libraries\sunid_lib\khoi\src\aes.c    0x00000000   Number         0  aes.o ABSOLUTE
    ..\Libraries\sunid_lib\khoi\src\i2c.c    0x00000000   Number         0  i2c.o ABSOLUTE
    ..\Libraries\sunid_lib\khoi\src\keyman.c 0x00000000   Number         0  keyman.o ABSOLUTE
    ..\Libraries\sunid_lib\khoi\src\touchpad.c 0x00000000   Number         0  touchpad.o ABSOLUTE
    ..\Libraries\sunid_lib\khoi\src\uart.c   0x00000000   Number         0  uart.o ABSOLUTE
    ..\Libraries\sunid_lib\thanh\src\VTimer.c 0x00000000   Number         0  vtimer.o ABSOLUTE
    ..\Libraries\sunid_lib\thanh\src\crc16.c 0x00000000   Number         0  crc16.o ABSOLUTE
    ..\Libraries\sunid_lib\thanh\src\des.c   0x00000000   Number         0  des.o ABSOLUTE
    ..\Libraries\sunid_lib\thanh\src\pn532.c 0x00000000   Number         0  pn532.o ABSOLUTE
    ..\Libraries\sunid_lib\thanh\src\pn532_drvr.c 0x00000000   Number         0  pn532_drvr.o ABSOLUTE
    ..\Utilities\STM32sunid.c                0x00000000   Number         0  stm32sunid.o ABSOLUTE
    ..\\Libraries\\CMSIS\\CM3\\CoreSupport\\core_cm3.c 0x00000000   Number         0  core_cm3.o ABSOLUTE
    SourceCode\demo.c                        0x00000000   Number         0  demo.o ABSOLUTE
    SourceCode\khoitest.c                    0x00000000   Number         0  khoitest.o ABSOLUTE
    SourceCode\main.c                        0x00000000   Number         0  main.o ABSOLUTE
    SourceCode\stm32f10x_it.c                0x00000000   Number         0  stm32f10x_it.o ABSOLUTE
    SourceCode\thanhtest.c                   0x00000000   Number         0  thanhtest.o ABSOLUTE
    dc.s                                     0x00000000   Number         0  dc.o ABSOLUTE
    handlers.s                               0x00000000   Number         0  handlers.o ABSOLUTE
    init.s                                   0x00000000   Number         0  init.o ABSOLUTE
    RESET                                    0x08000000   Section      288  startup_stm32f10x_md_vl.o(RESET)
    .ARM.Collect$$$$00000000                 0x08000120   Section        0  entry.o(.ARM.Collect$$$$00000000)
    .ARM.Collect$$$$00000001                 0x08000120   Section        4  entry2.o(.ARM.Collect$$$$00000001)
    .ARM.Collect$$$$00000004                 0x08000124   Section        4  entry5.o(.ARM.Collect$$$$00000004)
    .ARM.Collect$$$$00000008                 0x08000128   Section        0  entry7b.o(.ARM.Collect$$$$00000008)
    .ARM.Collect$$$$00000009                 0x08000128   Section        8  entry8.o(.ARM.Collect$$$$00000009)
    .ARM.Collect$$$$00002712                 0x08000130   Section        4  entry2.o(.ARM.Collect$$$$00002712)
    __lit__00000000                          0x08000130   Data           4  entry2.o(.ARM.Collect$$$$00002712)
    .text                                    0x08000134   Section       36  startup_stm32f10x_md_vl.o(.text)
    .text                                    0x08000158   Section        0  memcpya.o(.text)
    .text                                    0x0800017c   Section        0  memseta.o(.text)
    .text                                    0x080001a2   Section        0  memcmp.o(.text)
    .text                                    0x080001bc   Section       36  init.o(.text)
    i.BusFault_Handler                       0x080001e0   Section        0  stm32f10x_it.o(i.BusFault_Handler)
    i.BuzzerInit                             0x080001e4   Section        0  stm32sunid.o(i.BuzzerInit)
    i.BuzzerOn                               0x08000210   Section        0  stm32sunid.o(i.BuzzerOn)
    i.CRC16_Generate                         0x0800023c   Section        0  crc16.o(i.CRC16_Generate)
    i.CreateCard                             0x08000264   Section        0  demo.o(i.CreateCard)
    i.CreditValue                            0x08000468   Section        0  demo.o(i.CreditValue)
    i.DateToByteArray                        0x080004dc   Section        0  demo.o(i.DateToByteArray)
    i.DebitValue                             0x080004fc   Section        0  demo.o(i.DebitValue)
    i.DebugMon_Handler                       0x08000570   Section        0  stm32f10x_it.o(i.DebugMon_Handler)
    i.DemoTest                               0x08000574   Section        0  demo.o(i.DemoTest)
    i.DesfireCryptoPostProcessData           0x080009f0   Section        0  pn532.o(i.DesfireCryptoPostProcessData)
    i.DesfireCryptoPreProcessData            0x08000afc   Section        0  pn532.o(i.DesfireCryptoPreProcessData)
    i.EXTI_Init                              0x08000bd8   Section        0  stm32f10x_exti.o(i.EXTI_Init)
    i.EmptyMessBuff                          0x08000c84   Section        0  uart.o(i.EmptyMessBuff)
    i.FormatNewCard                          0x08000cb4   Section        0  demo.o(i.FormatNewCard)
    i.FormatOldCard                          0x08000d4c   Section        0  demo.o(i.FormatOldCard)
    i.GPIO_EXTILineConfig                    0x08000da8   Section        0  stm32f10x_gpio.o(i.GPIO_EXTILineConfig)
    i.GPIO_Init                              0x08000de8   Section        0  stm32f10x_gpio.o(i.GPIO_Init)
    i.GPIO_PinRemapConfig                    0x08000efc   Section        0  stm32f10x_gpio.o(i.GPIO_PinRemapConfig)
    i.GPIO_ReadInputDataBit                  0x08000f8c   Section        0  stm32f10x_gpio.o(i.GPIO_ReadInputDataBit)
    i.GPIO_ResetBits                         0x08000f9e   Section        0  stm32f10x_gpio.o(i.GPIO_ResetBits)
    i.GPIO_SetBits                           0x08000fa2   Section        0  stm32f10x_gpio.o(i.GPIO_SetBits)
    i.HardFault_Handler                      0x08000fa6   Section        0  stm32f10x_it.o(i.HardFault_Handler)
    i.InitEmployee                           0x08000faa   Section        0  demo.o(i.InitEmployee)
    i.IsComingData                           0x08001008   Section        0  uart.o(i.IsComingData)
    i.LEDInit                                0x08001044   Section        0  stm32sunid.o(i.LEDInit)
    i.LEDOff                                 0x080010f4   Section        0  stm32sunid.o(i.LEDOff)
    i.LEDOn                                  0x0800112c   Section        0  stm32sunid.o(i.LEDOn)
    i.MemManage_Handler                      0x08001164   Section        0  stm32f10x_it.o(i.MemManage_Handler)
    i.NMI_Handler                            0x08001168   Section        0  stm32f10x_it.o(i.NMI_Handler)
    i.NVIC_Configuration                     0x0800116c   Section        0  main.o(i.NVIC_Configuration)
    i.NVIC_Init                              0x0800117c   Section        0  misc.o(i.NVIC_Init)
    i.NVIC_PriorityGroupConfig               0x080011f0   Section        0  misc.o(i.NVIC_PriorityGroupConfig)
    i.NVIC_SetVectorTable                    0x08001204   Section        0  misc.o(i.NVIC_SetVectorTable)
    i.PBGetState                             0x08001218   Section        0  stm32sunid.o(i.PBGetState)
    i.PBInit                                 0x08001238   Section        0  stm32sunid.o(i.PBInit)
    i.PN532_IRQGetState                      0x080012e4   Section        0  pn532_drvr.o(i.PN532_IRQGetState)
    i.PendSV_Handler                         0x080012f4   Section        0  stm32f10x_it.o(i.PendSV_Handler)
    i.RCC_APB1PeriphClockCmd                 0x080012f8   Section        0  stm32f10x_rcc.o(i.RCC_APB1PeriphClockCmd)
    i.RCC_APB2PeriphClockCmd                 0x08001318   Section        0  stm32f10x_rcc.o(i.RCC_APB2PeriphClockCmd)
    i.RCC_ClearITPendingBit                  0x08001338   Section        0  stm32f10x_rcc.o(i.RCC_ClearITPendingBit)
    i.RCC_DeInit                             0x08001344   Section        0  stm32f10x_rcc.o(i.RCC_DeInit)
    i.RCC_GetClocksFreq                      0x08001394   Section        0  stm32f10x_rcc.o(i.RCC_GetClocksFreq)
    i.RCC_GetFlagStatus                      0x08001468   Section        0  stm32f10x_rcc.o(i.RCC_GetFlagStatus)
    i.RCC_GetITStatus                        0x080014a4   Section        0  stm32f10x_rcc.o(i.RCC_GetITStatus)
    i.RCC_GetSYSCLKSource                    0x080014bc   Section        0  stm32f10x_rcc.o(i.RCC_GetSYSCLKSource)
    i.RCC_HCLKConfig                         0x080014cc   Section        0  stm32f10x_rcc.o(i.RCC_HCLKConfig)
    i.RCC_IRQHandler                         0x080014e4   Section        0  stm32f10x_it.o(i.RCC_IRQHandler)
    i.RCC_PCLK1Config                        0x08001520   Section        0  stm32f10x_rcc.o(i.RCC_PCLK1Config)
    i.RCC_PCLK2Config                        0x08001538   Section        0  stm32f10x_rcc.o(i.RCC_PCLK2Config)
    i.RCC_PLLCmd                             0x08001550   Section        0  stm32f10x_rcc.o(i.RCC_PLLCmd)
    i.RCC_PLLConfig                          0x0800155c   Section        0  stm32f10x_rcc.o(i.RCC_PLLConfig)
    i.RCC_SYSCLKConfig                       0x08001578   Section        0  stm32f10x_rcc.o(i.RCC_SYSCLKConfig)
    i.ReadCard                               0x08001590   Section        0  demo.o(i.ReadCard)
    i.RestoreToDefaultCard                   0x08001648   Section        0  demo.o(i.RestoreToDefaultCard)
    i.SPI_Cmd                                0x080016ec   Section        0  stm32f10x_spi.o(i.SPI_Cmd)
    i.SPI_I2S_GetFlagStatus                  0x08001704   Section        0  stm32f10x_spi.o(i.SPI_I2S_GetFlagStatus)
    i.SPI_I2S_ReceiveData                    0x08001716   Section        0  stm32f10x_spi.o(i.SPI_I2S_ReceiveData)
    i.SPI_I2S_SendData                       0x0800171c   Section        0  stm32f10x_spi.o(i.SPI_I2S_SendData)
    i.SPI_Init                               0x08001720   Section        0  stm32f10x_spi.o(i.SPI_Init)
    i.SVC_Handler                            0x0800175c   Section        0  stm32f10x_it.o(i.SVC_Handler)
    i.SWGetState                             0x08001760   Section        0  stm32sunid.o(i.SWGetState)
    i.SWInit                                 0x08001780   Section        0  stm32sunid.o(i.SWInit)
    i.SetSysClock                            0x08001800   Section        0  system_stm32f10x.o(i.SetSysClock)
    SetSysClock                              0x08001801   Thumb Code     8  system_stm32f10x.o(i.SetSysClock)
    i.SetSysClock                            0x08001808   Section        0  main.o(i.SetSysClock)
    i.SetSysClockTo24                        0x08001810   Section        0  system_stm32f10x.o(i.SetSysClockTo24)
    SetSysClockTo24                          0x08001811   Thumb Code   156  system_stm32f10x.o(i.SetSysClockTo24)
    i.SetSysClockTo24                        0x080018b0   Section        0  main.o(i.SetSysClockTo24)
    i.StartReader                            0x080018fe   Section        0  demo.o(i.StartReader)
    i.SysTick_Handler                        0x08001956   Section        0  stm32f10x_it.o(i.SysTick_Handler)
    i.SystemInit                             0x08001960   Section        0  system_stm32f10x.o(i.SystemInit)
    i.TIM2_IRQHandler                        0x080019b8   Section        0  stm32f10x_it.o(i.TIM2_IRQHandler)
    i.TIM_ClearITPendingBit                  0x080019d0   Section        0  stm32f10x_tim.o(i.TIM_ClearITPendingBit)
    i.TIM_GetITStatus                        0x080019d6   Section        0  stm32f10x_tim.o(i.TIM_GetITStatus)
    i.UARTGetData                            0x080019f8   Section        0  uart.o(i.UARTGetData)
    i.UARTInit                               0x08001a90   Section        0  uart.o(i.UARTInit)
    i.UARTSendData                           0x08001b68   Section        0  uart.o(i.UARTSendData)
    i.UART_ISR                               0x08001cc4   Section        0  uart.o(i.UART_ISR)
    i.USART2_IRQHandler                      0x08001db4   Section        0  stm32f10x_it.o(i.USART2_IRQHandler)
    i.USART_Cmd                              0x08001dbc   Section        0  stm32f10x_usart.o(i.USART_Cmd)
    i.USART_GetFlagStatus                    0x08001dd4   Section        0  stm32f10x_usart.o(i.USART_GetFlagStatus)
    i.USART_GetITStatus                      0x08001dee   Section        0  stm32f10x_usart.o(i.USART_GetITStatus)
    i.USART_ITConfig                         0x08001e42   Section        0  stm32f10x_usart.o(i.USART_ITConfig)
    i.USART_Init                             0x08001e8c   Section        0  stm32f10x_usart.o(i.USART_Init)
    i.USART_ReceiveData                      0x08001f64   Section        0  stm32f10x_usart.o(i.USART_ReceiveData)
    i.USART_SendData                         0x08001f6e   Section        0  stm32f10x_usart.o(i.USART_SendData)
    i.UpdateCrc                              0x08001f76   Section        0  crc16.o(i.UpdateCrc)
    i.UsageFault_Handler                     0x08001f9a   Section        0  stm32f10x_it.o(i.UsageFault_Handler)
    i.VTimer_GetID                           0x08001fa0   Section        0  vtimer.o(i.VTimer_GetID)
    i.VTimer_InitController                  0x08001fc4   Section        0  vtimer.o(i.VTimer_InitController)
    i.VTimer_IsFired                         0x08001fe0   Section        0  vtimer.o(i.VTimer_IsFired)
    i.VTimer_Release                         0x08001ff8   Section        0  vtimer.o(i.VTimer_Release)
    i.VTimer_Service                         0x08002008   Section        0  vtimer.o(i.VTimer_Service)
    i.VTimer_Set                             0x08002034   Section        0  vtimer.o(i.VTimer_Set)
    i.WorkingToByteArray                     0x08002054   Section        0  demo.o(i.WorkingToByteArray)
    i.__scatterload_copy                     0x08002066   Section       14  handlers.o(i.__scatterload_copy)
    i.__scatterload_null                     0x08002074   Section        2  handlers.o(i.__scatterload_null)
    i.__scatterload_zeroinit                 0x08002076   Section       14  handlers.o(i.__scatterload_zeroinit)
    i.arraycmp                               0x08002084   Section        0  stm32sunid.o(i.arraycmp)
    i.bzero                                  0x080020a6   Section        0  pn532.o(i.bzero)
    bzero                                    0x080020a7   Thumb Code    22  pn532.o(i.bzero)
    i.cookey                                 0x080020bc   Section        0  des.o(i.cookey)
    i.delay_ms                               0x08002154   Section        0  vtimer.o(i.delay_ms)
    i.desfunc                                0x0800216c   Section        0  des.o(i.desfunc)
    i.deskey                                 0x0800232c   Section        0  des.o(i.deskey)
    i.enciphered_data_length                 0x08002454   Section        0  pn532.o(i.enciphered_data_length)
    enciphered_data_length                   0x08002455   Thumb Code    12  pn532.o(i.enciphered_data_length)
    i.maced_data_length                      0x08002460   Section        0  pn532.o(i.maced_data_length)
    maced_data_length                        0x08002461   Thumb Code     6  pn532.o(i.maced_data_length)
    i.main                                   0x08002468   Section        0  main.o(i.main)
    i.mifare_cbc_block_des                   0x080024f0   Section        0  pn532.o(i.mifare_cbc_block_des)
    i.mifare_cbc_des                         0x0800251c   Section        0  pn532.o(i.mifare_cbc_des)
    i.padded_data_length                     0x0800258a   Section        0  pn532.o(i.padded_data_length)
    padded_data_length                       0x0800258b   Thumb Code    22  pn532.o(i.padded_data_length)
    i.pn532BuildFrame                        0x080025a0   Section        0  pn532_drvr.o(i.pn532BuildFrame)
    i.pn532CardList                          0x080025fc   Section        0  pn532.o(i.pn532CardList)
    i.pn532CardRelease                       0x080026a0   Section        0  pn532.o(i.pn532CardRelease)
    i.pn532CreateApplication                 0x08002708   Section        0  pn532.o(i.pn532CreateApplication)
    i.pn532DesfireAuthenticate               0x080027ac   Section        0  pn532.o(i.pn532DesfireAuthenticate)
    i.pn532DesfireChangeKey                  0x08002964   Section        0  pn532.o(i.pn532DesfireChangeKey)
    i.pn532DesfireChangeKeySetting           0x08002aa8   Section        0  pn532.o(i.pn532DesfireChangeKeySetting)
    i.pn532DesfireCommitTransaction          0x08002b74   Section        0  pn532.o(i.pn532DesfireCommitTransaction)
    i.pn532DesfireCreateFile                 0x08002bf8   Section        0  pn532.o(i.pn532DesfireCreateFile)
    i.pn532DesfireCredit                     0x08002dfc   Section        0  pn532.o(i.pn532DesfireCredit)
    i.pn532DesfireDebit                      0x08002ebc   Section        0  pn532.o(i.pn532DesfireDebit)
    i.pn532DesfireGetValue                   0x08002f7c   Section        0  pn532.o(i.pn532DesfireGetValue)
    i.pn532DesfireReadData                   0x08003058   Section        0  pn532.o(i.pn532DesfireReadData)
    i.pn532DesfireWriteData                  0x080031f0   Section        0  pn532.o(i.pn532DesfireWriteData)
    i.pn532FormatPICC                        0x08003388   Section        0  pn532.o(i.pn532FormatPICC)
    i.pn532GetFirmware                       0x0800340c   Section        0  pn532.o(i.pn532GetFirmware)
    i.pn532GetPCB                            0x08003450   Section        0  pn532.o(i.pn532GetPCB)
    i.pn532GetRegister                       0x08003458   Section        0  pn532.o(i.pn532GetRegister)
    i.pn532HWInit                            0x080034b4   Section        0  pn532_drvr.o(i.pn532HWInit)
    i.pn532Init                              0x08003540   Section        0  pn532.o(i.pn532Init)
    i.pn532IsReady                           0x08003564   Section        0  pn532_drvr.o(i.pn532IsReady)
    i.pn532RST                               0x080035bc   Section        0  pn532_drvr.o(i.pn532RST)
    i.pn532ReadResponse                      0x080035e4   Section        0  pn532_drvr.o(i.pn532ReadResponse)
    i.pn532SAMConfigure                      0x080036b4   Section        0  pn532.o(i.pn532SAMConfigure)
    i.pn532SelectApplication                 0x08003730   Section        0  pn532.o(i.pn532SelectApplication)
    i.pn532SendCommand                       0x080037d0   Section        0  pn532_drvr.o(i.pn532SendCommand)
    i.pn532SetRegister                       0x08003850   Section        0  pn532.o(i.pn532SetRegister)
    i.pn532Wakeup                            0x080038d0   Section        0  pn532_drvr.o(i.pn532Wakeup)
    i.psDesDecryptBlock                      0x080038f8   Section        0  des.o(i.psDesDecryptBlock)
    i.psDesInitKey                           0x08003964   Section        0  des.o(i.psDesInitKey)
    i.psGetPrng                              0x08003990   Section        0  des.o(i.psGetPrng)
    i.rol8                                   0x080039b6   Section        0  pn532.o(i.rol8)
    i.sPN532_LowLevel_Init                   0x080039cc   Section        0  stm32sunid.o(i.sPN532_LowLevel_Init)
    i.sPN532_ReadFrame                       0x08003a74   Section        0  pn532_drvr.o(i.sPN532_ReadFrame)
    i.sPN532_SendByte                        0x08003ab8   Section        0  pn532_drvr.o(i.sPN532_SendByte)
    i.sPN532_SendFrame                       0x08003af0   Section        0  pn532_drvr.o(i.sPN532_SendFrame)
    i.xor8                                   0x08003b2c   Section        0  pn532.o(i.xor8)
    .constdata                               0x08003b44   Section     2312  des.o(.constdata)
    bytebit                                  0x08003b44   Data          32  des.o(.constdata)
    bigbyte                                  0x08003b64   Data          96  des.o(.constdata)
    pc1                                      0x08003bc4   Data          56  des.o(.constdata)
    pc2                                      0x08003bfc   Data          48  des.o(.constdata)
    totrot                                   0x08003c2c   Data          16  des.o(.constdata)
    SP1                                      0x08003c3c   Data         256  des.o(.constdata)
    SP2                                      0x08003d3c   Data         256  des.o(.constdata)
    SP3                                      0x08003e3c   Data         256  des.o(.constdata)
    SP4                                      0x08003f3c   Data         256  des.o(.constdata)
    SP5                                      0x0800403c   Data         256  des.o(.constdata)
    SP6                                      0x0800413c   Data         256  des.o(.constdata)
    SP7                                      0x0800423c   Data         256  des.o(.constdata)
    SP8                                      0x0800433c   Data         272  des.o(.constdata)
    .constdata                               0x0800444c   Section        4  pn532_drvr.o(.constdata)
    .constdata                               0x08004450   Section       84  stm32sunid.o(.constdata)
    .data                                    0x20000000   Section       20  stm32f10x_rcc.o(.data)
    APBAHBPrescTable                         0x20000000   Data          16  stm32f10x_rcc.o(.data)
    ADCPrescTable                            0x20000010   Data           4  stm32f10x_rcc.o(.data)
    .data                                    0x20000014   Section       20  system_stm32f10x.o(.data)
    .data                                    0x20000028   Section      112  demo.o(.data)
    newMKey                                  0x20000028   Data          16  demo.o(.data)
    newAKey                                  0x20000038   Data          16  demo.o(.data)
    newF1Key                                 0x20000048   Data          16  demo.o(.data)
    newF2Key                                 0x20000058   Data          16  demo.o(.data)
    newF3Key                                 0x20000068   Data          16  demo.o(.data)
    newF4Key                                 0x20000078   Data          16  demo.o(.data)
    newF5Key                                 0x20000088   Data          16  demo.o(.data)
    .data                                    0x20000098   Section       13  uart.o(.data)
    .data                                    0x200000a8   Section       48  stm32sunid.o(.data)
    .bss                                     0x200000d8   Section       20  main.o(.bss)
    .bss                                     0x200000ec   Section       16  demo.o(.bss)
    defaultMKey                              0x200000ec   Data          16  demo.o(.bss)
    .bss                                     0x200000fc   Section       41  pn532.o(.bss)
    pcb                                      0x200000fc   Data          12  pn532.o(.bss)
    .bss                                     0x20000128   Section       64  vtimer.o(.bss)
    .bss                                     0x20000168   Section      320  uart.o(.bss)
    STACK                                    0x200002a8   Section     3072  startup_stm32f10x_md_vl.o(STACK)

    Global Symbols

    Symbol Name                              Value     Ov Type        Size  Object(Section)

    BuildAttributes$$THM_ISAv4$P$D$K$B$S$PE$A:L22UL41UL21$X:L11$S22US41US21$IEEE1$IW$USESV6$~STKCKD$USESV7$~SHL$OSPACE$EBA8$MICROLIB$REQ8$PRES8$EABIv2 0x00000000   Number         0  anon$$obj.o ABSOLUTE
    __ARM_use_no_argv                        0x00000000   Number         0  main.o ABSOLUTE
    __decompress                              - Undefined Weak Reference
    _clock_init                               - Undefined Weak Reference
    __Vectors_Size                           0x00000120   Number         0  startup_stm32f10x_md_vl.o ABSOLUTE
    __Vectors                                0x08000000   Data           4  startup_stm32f10x_md_vl.o(RESET)
    __Vectors_End                            0x08000120   Data           0  startup_stm32f10x_md_vl.o(RESET)
    __main                                   0x08000121   Thumb Code     0  entry.o(.ARM.Collect$$$$00000000)
    _main_stk                                0x08000121   Thumb Code     0  entry2.o(.ARM.Collect$$$$00000001)
    _main_scatterload                        0x08000125   Thumb Code     0  entry5.o(.ARM.Collect$$$$00000004)
    __main_after_scatterload                 0x08000129   Thumb Code     0  entry5.o(.ARM.Collect$$$$00000004)
    _main_clock                              0x08000129   Thumb Code     0  entry7b.o(.ARM.Collect$$$$00000008)
    _main_init                               0x08000129   Thumb Code     0  entry8.o(.ARM.Collect$$$$00000009)
    Reset_Handler                            0x08000135   Thumb Code     8  startup_stm32f10x_md_vl.o(.text)
    ADC1_IRQHandler                          0x0800014f   Thumb Code     0  startup_stm32f10x_md_vl.o(.text)
    CEC_IRQHandler                           0x0800014f   Thumb Code     0  startup_stm32f10x_md_vl.o(.text)
    DMA1_Channel1_IRQHandler                 0x0800014f   Thumb Code     0  startup_stm32f10x_md_vl.o(.text)
    DMA1_Channel2_IRQHandler                 0x0800014f   Thumb Code     0  startup_stm32f10x_md_vl.o(.text)
    DMA1_Channel3_IRQHandler                 0x0800014f   Thumb Code     0  startup_stm32f10x_md_vl.o(.text)
    DMA1_Channel4_IRQHandler                 0x0800014f   Thumb Code     0  startup_stm32f10x_md_vl.o(.text)
    DMA1_Channel5_IRQHandler                 0x0800014f   Thumb Code     0  startup_stm32f10x_md_vl.o(.text)
    DMA1_Channel6_IRQHandler                 0x0800014f   Thumb Code     0  startup_stm32f10x_md_vl.o(.text)
    DMA1_Channel7_IRQHandler                 0x0800014f   Thumb Code     0  startup_stm32f10x_md_vl.o(.text)
    EXTI0_IRQHandler                         0x0800014f   Thumb Code     0  startup_stm32f10x_md_vl.o(.text)
    EXTI15_10_IRQHandler                     0x0800014f   Thumb Code     0  startup_stm32f10x_md_vl.o(.text)
    EXTI1_IRQHandler                         0x0800014f   Thumb Code     0  startup_stm32f10x_md_vl.o(.text)
    EXTI2_IRQHandler                         0x0800014f   Thumb Code     0  startup_stm32f10x_md_vl.o(.text)
    EXTI3_IRQHandler                         0x0800014f   Thumb Code     0  startup_stm32f10x_md_vl.o(.text)
    EXTI4_IRQHandler                         0x0800014f   Thumb Code     0  startup_stm32f10x_md_vl.o(.text)
    EXTI9_5_IRQHandler                       0x0800014f   Thumb Code     0  startup_stm32f10x_md_vl.o(.text)
    FLASH_IRQHandler                         0x0800014f   Thumb Code     0  startup_stm32f10x_md_vl.o(.text)
    I2C1_ER_IRQHandler                       0x0800014f   Thumb Code     0  startup_stm32f10x_md_vl.o(.text)
    I2C1_EV_IRQHandler                       0x0800014f   Thumb Code     0  startup_stm32f10x_md_vl.o(.text)
    I2C2_ER_IRQHandler                       0x0800014f   Thumb Code     0  startup_stm32f10x_md_vl.o(.text)
    I2C2_EV_IRQHandler                       0x0800014f   Thumb Code     0  startup_stm32f10x_md_vl.o(.text)
    PVD_IRQHandler                           0x0800014f   Thumb Code     0  startup_stm32f10x_md_vl.o(.text)
    RTCAlarm_IRQHandler                      0x0800014f   Thumb Code     0  startup_stm32f10x_md_vl.o(.text)
    RTC_IRQHandler                           0x0800014f   Thumb Code     0  startup_stm32f10x_md_vl.o(.text)
    SPI1_IRQHandler                          0x0800014f   Thumb Code     0  startup_stm32f10x_md_vl.o(.text)
    SPI2_IRQHandler                          0x0800014f   Thumb Code     0  startup_stm32f10x_md_vl.o(.text)
    TAMPER_IRQHandler                        0x0800014f   Thumb Code     0  startup_stm32f10x_md_vl.o(.text)
    TIM1_BRK_TIM15_IRQHandler                0x0800014f   Thumb Code     0  startup_stm32f10x_md_vl.o(.text)
    TIM1_CC_IRQHandler                       0x0800014f   Thumb Code     0  startup_stm32f10x_md_vl.o(.text)
    TIM1_TRG_COM_TIM17_IRQHandler            0x0800014f   Thumb Code     0  startup_stm32f10x_md_vl.o(.text)
    TIM1_UP_TIM16_IRQHandler                 0x0800014f   Thumb Code     0  startup_stm32f10x_md_vl.o(.text)
    TIM3_IRQHandler                          0x0800014f   Thumb Code     0  startup_stm32f10x_md_vl.o(.text)
    TIM4_IRQHandler                          0x0800014f   Thumb Code     0  startup_stm32f10x_md_vl.o(.text)
    TIM6_DAC_IRQHandler                      0x0800014f   Thumb Code     0  startup_stm32f10x_md_vl.o(.text)
    TIM7_IRQHandler                          0x0800014f   Thumb Code     0  startup_stm32f10x_md_vl.o(.text)
    USART1_IRQHandler                        0x0800014f   Thumb Code     0  startup_stm32f10x_md_vl.o(.text)
    USART3_IRQHandler                        0x0800014f   Thumb Code     0  startup_stm32f10x_md_vl.o(.text)
    WWDG_IRQHandler                          0x0800014f   Thumb Code     0  startup_stm32f10x_md_vl.o(.text)
    __aeabi_memcpy                           0x08000159   Thumb Code    36  memcpya.o(.text)
    __aeabi_memcpy4                          0x08000159   Thumb Code     0  memcpya.o(.text)
    __aeabi_memcpy8                          0x08000159   Thumb Code     0  memcpya.o(.text)
    __aeabi_memset                           0x0800017d   Thumb Code    14  memseta.o(.text)
    __aeabi_memset4                          0x0800017d   Thumb Code     0  memseta.o(.text)
    __aeabi_memset8                          0x0800017d   Thumb Code     0  memseta.o(.text)
    __aeabi_memclr                           0x0800018b   Thumb Code     4  memseta.o(.text)
    __aeabi_memclr4                          0x0800018b   Thumb Code     0  memseta.o(.text)
    __aeabi_memclr8                          0x0800018b   Thumb Code     0  memseta.o(.text)
    _memset$wrapper                          0x0800018f   Thumb Code    20  memseta.o(.text)
    memcmp                                   0x080001a3   Thumb Code    26  memcmp.o(.text)
    __scatterload                            0x080001bd   Thumb Code    28  init.o(.text)
    __scatterload_rt2                        0x080001bd   Thumb Code     0  init.o(.text)
    BusFault_Handler                         0x080001e1   Thumb Code     4  stm32f10x_it.o(i.BusFault_Handler)
    BuzzerInit                               0x080001e5   Thumb Code    40  stm32sunid.o(i.BuzzerInit)
    BuzzerOn                                 0x08000211   Thumb Code    36  stm32sunid.o(i.BuzzerOn)
    CRC16_Generate                           0x0800023d   Thumb Code    40  crc16.o(i.CRC16_Generate)
    CreateCard                               0x08000265   Thumb Code   480  demo.o(i.CreateCard)
    CreditValue                              0x08000469   Thumb Code   110  demo.o(i.CreditValue)
    DateToByteArray                          0x080004dd   Thumb Code    30  demo.o(i.DateToByteArray)
    DebitValue                               0x080004fd   Thumb Code   110  demo.o(i.DebitValue)
    DebugMon_Handler                         0x08000571   Thumb Code     2  stm32f10x_it.o(i.DebugMon_Handler)
    DemoTest                                 0x08000575   Thumb Code  1146  demo.o(i.DemoTest)
    DesfireCryptoPostProcessData             0x080009f1   Thumb Code   264  pn532.o(i.DesfireCryptoPostProcessData)
    DesfireCryptoPreProcessData              0x08000afd   Thumb Code   214  pn532.o(i.DesfireCryptoPreProcessData)
    EXTI_Init                                0x08000bd9   Thumb Code   160  stm32f10x_exti.o(i.EXTI_Init)
    EmptyMessBuff                            0x08000c85   Thumb Code    26  uart.o(i.EmptyMessBuff)
    FormatNewCard                            0x08000cb5   Thumb Code   142  demo.o(i.FormatNewCard)
    FormatOldCard                            0x08000d4d   Thumb Code    86  demo.o(i.FormatOldCard)
    GPIO_EXTILineConfig                      0x08000da9   Thumb Code    60  stm32f10x_gpio.o(i.GPIO_EXTILineConfig)
    GPIO_Init                                0x08000de9   Thumb Code   274  stm32f10x_gpio.o(i.GPIO_Init)
    GPIO_PinRemapConfig                      0x08000efd   Thumb Code   138  stm32f10x_gpio.o(i.GPIO_PinRemapConfig)
    GPIO_ReadInputDataBit                    0x08000f8d   Thumb Code    18  stm32f10x_gpio.o(i.GPIO_ReadInputDataBit)
    GPIO_ResetBits                           0x08000f9f   Thumb Code     4  stm32f10x_gpio.o(i.GPIO_ResetBits)
    GPIO_SetBits                             0x08000fa3   Thumb Code     4  stm32f10x_gpio.o(i.GPIO_SetBits)
    HardFault_Handler                        0x08000fa7   Thumb Code     4  stm32f10x_it.o(i.HardFault_Handler)
    InitEmployee                             0x08000fab   Thumb Code    92  demo.o(i.InitEmployee)
    IsComingData                             0x08001009   Thumb Code    46  uart.o(i.IsComingData)
    LEDInit                                  0x08001045   Thumb Code   162  stm32sunid.o(i.LEDInit)
    LEDOff                                   0x080010f5   Thumb Code    48  stm32sunid.o(i.LEDOff)
    LEDOn                                    0x0800112d   Thumb Code    48  stm32sunid.o(i.LEDOn)
    MemManage_Handler                        0x08001165   Thumb Code     4  stm32f10x_it.o(i.MemManage_Handler)
    NMI_Handler                              0x08001169   Thumb Code     4  stm32f10x_it.o(i.NMI_Handler)
    NVIC_Configuration                       0x0800116d   Thumb Code    14  main.o(i.NVIC_Configuration)
    NVIC_Init                                0x0800117d   Thumb Code   102  misc.o(i.NVIC_Init)
    NVIC_PriorityGroupConfig                 0x080011f1   Thumb Code    10  misc.o(i.NVIC_PriorityGroupConfig)
    NVIC_SetVectorTable                      0x08001205   Thumb Code    12  misc.o(i.NVIC_SetVectorTable)
    PBGetState                               0x08001219   Thumb Code    22  stm32sunid.o(i.PBGetState)
    PBInit                                   0x08001239   Thumb Code   142  stm32sunid.o(i.PBInit)
    PN532_IRQGetState                        0x080012e5   Thumb Code    12  pn532_drvr.o(i.PN532_IRQGetState)
    PendSV_Handler                           0x080012f5   Thumb Code     2  stm32f10x_it.o(i.PendSV_Handler)
    RCC_APB1PeriphClockCmd                   0x080012f9   Thumb Code    26  stm32f10x_rcc.o(i.RCC_APB1PeriphClockCmd)
    RCC_APB2PeriphClockCmd                   0x08001319   Thumb Code    26  stm32f10x_rcc.o(i.RCC_APB2PeriphClockCmd)
    RCC_ClearITPendingBit                    0x08001339   Thumb Code     6  stm32f10x_rcc.o(i.RCC_ClearITPendingBit)
    RCC_DeInit                               0x08001345   Thumb Code    68  stm32f10x_rcc.o(i.RCC_DeInit)
    RCC_GetClocksFreq                        0x08001395   Thumb Code   190  stm32f10x_rcc.o(i.RCC_GetClocksFreq)
    RCC_GetFlagStatus                        0x08001469   Thumb Code    56  stm32f10x_rcc.o(i.RCC_GetFlagStatus)
    RCC_GetITStatus                          0x080014a5   Thumb Code    20  stm32f10x_rcc.o(i.RCC_GetITStatus)
    RCC_GetSYSCLKSource                      0x080014bd   Thumb Code    10  stm32f10x_rcc.o(i.RCC_GetSYSCLKSource)
    RCC_HCLKConfig                           0x080014cd   Thumb Code    18  stm32f10x_rcc.o(i.RCC_HCLKConfig)
    RCC_IRQHandler                           0x080014e5   Thumb Code    60  stm32f10x_it.o(i.RCC_IRQHandler)
    RCC_PCLK1Config                          0x08001521   Thumb Code    18  stm32f10x_rcc.o(i.RCC_PCLK1Config)
    RCC_PCLK2Config                          0x08001539   Thumb Code    20  stm32f10x_rcc.o(i.RCC_PCLK2Config)
    RCC_PLLCmd                               0x08001551   Thumb Code     6  stm32f10x_rcc.o(i.RCC_PLLCmd)
    RCC_PLLConfig                            0x0800155d   Thumb Code    24  stm32f10x_rcc.o(i.RCC_PLLConfig)
    RCC_SYSCLKConfig                         0x08001579   Thumb Code    18  stm32f10x_rcc.o(i.RCC_SYSCLKConfig)
    ReadCard                                 0x08001591   Thumb Code   176  demo.o(i.ReadCard)
    RestoreToDefaultCard                     0x08001649   Thumb Code   154  demo.o(i.RestoreToDefaultCard)
    SPI_Cmd                                  0x080016ed   Thumb Code    24  stm32f10x_spi.o(i.SPI_Cmd)
    SPI_I2S_GetFlagStatus                    0x08001705   Thumb Code    18  stm32f10x_spi.o(i.SPI_I2S_GetFlagStatus)
    SPI_I2S_ReceiveData                      0x08001717   Thumb Code     6  stm32f10x_spi.o(i.SPI_I2S_ReceiveData)
    SPI_I2S_SendData                         0x0800171d   Thumb Code     4  stm32f10x_spi.o(i.SPI_I2S_SendData)
    SPI_Init                                 0x08001721   Thumb Code    60  stm32f10x_spi.o(i.SPI_Init)
    SVC_Handler                              0x0800175d   Thumb Code     2  stm32f10x_it.o(i.SVC_Handler)
    SWGetState                               0x08001761   Thumb Code    22  stm32sunid.o(i.SWGetState)
    SWInit                                   0x08001781   Thumb Code   116  stm32sunid.o(i.SWInit)
    SetSysClock                              0x08001809   Thumb Code     8  main.o(i.SetSysClock)
    SetSysClockTo24                          0x080018b1   Thumb Code    78  main.o(i.SetSysClockTo24)
    StartReader                              0x080018ff   Thumb Code    88  demo.o(i.StartReader)
    SysTick_Handler                          0x08001957   Thumb Code     8  stm32f10x_it.o(i.SysTick_Handler)
    SystemInit                               0x08001961   Thumb Code    74  system_stm32f10x.o(i.SystemInit)
    TIM2_IRQHandler                          0x080019b9   Thumb Code    24  stm32f10x_it.o(i.TIM2_IRQHandler)
    TIM_ClearITPendingBit                    0x080019d1   Thumb Code     6  stm32f10x_tim.o(i.TIM_ClearITPendingBit)
    TIM_GetITStatus                          0x080019d7   Thumb Code    34  stm32f10x_tim.o(i.TIM_GetITStatus)
    UARTGetData                              0x080019f9   Thumb Code   132  uart.o(i.UARTGetData)
    UARTInit                                 0x08001a91   Thumb Code   188  uart.o(i.UARTInit)
    UARTSendData                             0x08001b69   Thumb Code   342  uart.o(i.UARTSendData)
    UART_ISR                                 0x08001cc5   Thumb Code   200  uart.o(i.UART_ISR)
    USART2_IRQHandler                        0x08001db5   Thumb Code     8  stm32f10x_it.o(i.USART2_IRQHandler)
    USART_Cmd                                0x08001dbd   Thumb Code    24  stm32f10x_usart.o(i.USART_Cmd)
    USART_GetFlagStatus                      0x08001dd5   Thumb Code    26  stm32f10x_usart.o(i.USART_GetFlagStatus)
    USART_GetITStatus                        0x08001def   Thumb Code    84  stm32f10x_usart.o(i.USART_GetITStatus)
    USART_ITConfig                           0x08001e43   Thumb Code    74  stm32f10x_usart.o(i.USART_ITConfig)
    USART_Init                               0x08001e8d   Thumb Code   210  stm32f10x_usart.o(i.USART_Init)
    USART_ReceiveData                        0x08001f65   Thumb Code    10  stm32f10x_usart.o(i.USART_ReceiveData)
    USART_SendData                           0x08001f6f   Thumb Code     8  stm32f10x_usart.o(i.USART_SendData)
    UpdateCrc                                0x08001f77   Thumb Code    36  crc16.o(i.UpdateCrc)
    UsageFault_Handler                       0x08001f9b   Thumb Code     4  stm32f10x_it.o(i.UsageFault_Handler)
    VTimer_GetID                             0x08001fa1   Thumb Code    30  vtimer.o(i.VTimer_GetID)
    VTimer_InitController                    0x08001fc5   Thumb Code    24  vtimer.o(i.VTimer_InitController)
    VTimer_IsFired                           0x08001fe1   Thumb Code    18  vtimer.o(i.VTimer_IsFired)
    VTimer_Release                           0x08001ff9   Thumb Code    10  vtimer.o(i.VTimer_Release)
    VTimer_Service                           0x08002009   Thumb Code    40  vtimer.o(i.VTimer_Service)
    VTimer_Set                               0x08002035   Thumb Code    26  vtimer.o(i.VTimer_Set)
    WorkingToByteArray                       0x08002055   Thumb Code    18  demo.o(i.WorkingToByteArray)
    __scatterload_copy                       0x08002067   Thumb Code    14  handlers.o(i.__scatterload_copy)
    __scatterload_null                       0x08002075   Thumb Code     2  handlers.o(i.__scatterload_null)
    __scatterload_zeroinit                   0x08002077   Thumb Code    14  handlers.o(i.__scatterload_zeroinit)
    arraycmp                                 0x08002085   Thumb Code    34  stm32sunid.o(i.arraycmp)
    cookey                                   0x080020bd   Thumb Code   150  des.o(i.cookey)
    delay_ms                                 0x08002155   Thumb Code    18  vtimer.o(i.delay_ms)
    desfunc                                  0x0800216d   Thumb Code   414  des.o(i.desfunc)
    deskey                                   0x0800232d   Thumb Code   276  des.o(i.deskey)
    main                                     0x08002469   Thumb Code   120  main.o(i.main)
    mifare_cbc_block_des                     0x080024f1   Thumb Code    44  pn532.o(i.mifare_cbc_block_des)
    mifare_cbc_des                           0x0800251d   Thumb Code   110  pn532.o(i.mifare_cbc_des)
    pn532BuildFrame                          0x080025a1   Thumb Code    90  pn532_drvr.o(i.pn532BuildFrame)
    pn532CardList                            0x080025fd   Thumb Code   160  pn532.o(i.pn532CardList)
    pn532CardRelease                         0x080026a1   Thumb Code    98  pn532.o(i.pn532CardRelease)
    pn532CreateApplication                   0x08002709   Thumb Code   156  pn532.o(i.pn532CreateApplication)
    pn532DesfireAuthenticate                 0x080027ad   Thumb Code   430  pn532.o(i.pn532DesfireAuthenticate)
    pn532DesfireChangeKey                    0x08002965   Thumb Code   316  pn532.o(i.pn532DesfireChangeKey)
    pn532DesfireChangeKeySetting             0x08002aa9   Thumb Code   196  pn532.o(i.pn532DesfireChangeKeySetting)
    pn532DesfireCommitTransaction            0x08002b75   Thumb Code   124  pn532.o(i.pn532DesfireCommitTransaction)
    pn532DesfireCreateFile                   0x08002bf9   Thumb Code   506  pn532.o(i.pn532DesfireCreateFile)
    pn532DesfireCredit                       0x08002dfd   Thumb Code   184  pn532.o(i.pn532DesfireCredit)
    pn532DesfireDebit                        0x08002ebd   Thumb Code   184  pn532.o(i.pn532DesfireDebit)
    pn532DesfireGetValue                     0x08002f7d   Thumb Code   210  pn532.o(i.pn532DesfireGetValue)
    pn532DesfireReadData                     0x08003059   Thumb Code   398  pn532.o(i.pn532DesfireReadData)
    pn532DesfireWriteData                    0x080031f1   Thumb Code   400  pn532.o(i.pn532DesfireWriteData)
    pn532FormatPICC                          0x08003389   Thumb Code   122  pn532.o(i.pn532FormatPICC)
    pn532GetFirmware                         0x0800340d   Thumb Code    68  pn532.o(i.pn532GetFirmware)
    pn532GetPCB                              0x08003451   Thumb Code     4  pn532.o(i.pn532GetPCB)
    pn532GetRegister                         0x08003459   Thumb Code    92  pn532.o(i.pn532GetRegister)
    pn532HWInit                              0x080034b5   Thumb Code   130  pn532_drvr.o(i.pn532HWInit)
    pn532Init                                0x08003541   Thumb Code    30  pn532.o(i.pn532Init)
    pn532IsReady                             0x08003565   Thumb Code    88  pn532_drvr.o(i.pn532IsReady)
    pn532RST                                 0x080035bd   Thumb Code    32  pn532_drvr.o(i.pn532RST)
    pn532ReadResponse                        0x080035e5   Thumb Code   198  pn532_drvr.o(i.pn532ReadResponse)
    pn532SAMConfigure                        0x080036b5   Thumb Code   124  pn532.o(i.pn532SAMConfigure)
    pn532SelectApplication                   0x08003731   Thumb Code   150  pn532.o(i.pn532SelectApplication)
    pn532SendCommand                         0x080037d1   Thumb Code   114  pn532_drvr.o(i.pn532SendCommand)
    pn532SetRegister                         0x08003851   Thumb Code   128  pn532.o(i.pn532SetRegister)
    pn532Wakeup                              0x080038d1   Thumb Code    34  pn532_drvr.o(i.pn532Wakeup)
    psDesDecryptBlock                        0x080038f9   Thumb Code   108  des.o(i.psDesDecryptBlock)
    psDesInitKey                             0x08003965   Thumb Code    44  des.o(i.psDesInitKey)
    psGetPrng                                0x08003991   Thumb Code    38  des.o(i.psGetPrng)
    rol8                                     0x080039b7   Thumb Code    22  pn532.o(i.rol8)
    sPN532_LowLevel_Init                     0x080039cd   Thumb Code   162  stm32sunid.o(i.sPN532_LowLevel_Init)
    sPN532_ReadFrame                         0x08003a75   Thumb Code    64  pn532_drvr.o(i.sPN532_ReadFrame)
    sPN532_SendByte                          0x08003ab9   Thumb Code    50  pn532_drvr.o(i.sPN532_SendByte)
    sPN532_SendFrame                         0x08003af1   Thumb Code    56  pn532_drvr.o(i.sPN532_SendFrame)
    xor8                                     0x08003b2d   Thumb Code    24  pn532.o(i.xor8)
    GPIO_PIN                                 0x08004450   Data          14  stm32sunid.o(.constdata)
    GPIO_CLK                                 0x08004460   Data          28  stm32sunid.o(.constdata)
    BUTTON_PIN_SOURCE                        0x0800447c   Data           2  stm32sunid.o(.constdata)
    BUTTON_PORT_SOURCE                       0x0800447e   Data           2  stm32sunid.o(.constdata)
    BUTTON_PIN                               0x08004480   Data           2  stm32sunid.o(.constdata)
    BUTTON_CLK                               0x08004484   Data           4  stm32sunid.o(.constdata)
    BUTTON_EXTI_LINE                         0x08004488   Data           2  stm32sunid.o(.constdata)
    BUTTON_IRQn                              0x0800448a   Data           2  stm32sunid.o(.constdata)
    SWITCH_PIN                               0x0800448c   Data           8  stm32sunid.o(.constdata)
    SWITCH_CLK                               0x08004494   Data          16  stm32sunid.o(.constdata)
    Region$$Table$$Base                      0x080044a4   Number         0  anon$$obj.o(Region$$Table)
    Region$$Table$$Limit                     0x080044c4   Number         0  anon$$obj.o(Region$$Table)
    SystemCoreClock                          0x20000014   Data           4  system_stm32f10x.o(.data)
    AHBPrescTable                            0x20000018   Data          16  system_stm32f10x.o(.data)
    UART_index                               0x20000098   Data           4  uart.o(.data)
    UART_BytesToRx                           0x2000009c   Data           4  uart.o(.data)
    UART_bufPushIndex                        0x200000a0   Data           1  uart.o(.data)
    UART_bufPopIndex                         0x200000a1   Data           1  uart.o(.data)
    UART_bufEmpty                            0x200000a2   Data           1  uart.o(.data)
    UART_bufFull                             0x200000a3   Data           1  uart.o(.data)
    UART_reflection                          0x200000a4   Data           1  uart.o(.data)
    GPIO_PORT                                0x200000a8   Data          28  stm32sunid.o(.data)
    BUTTON_PORT                              0x200000c4   Data           4  stm32sunid.o(.data)
    SWITCH_PORT                              0x200000c8   Data          16  stm32sunid.o(.data)
    RCC_ClockFreq                            0x200000d8   Data          20  main.o(.bss)
    card                                     0x20000108   Data          29  pn532.o(.bss)
    TimerPeriod                              0x20000128   Data          64  vtimer.o(.bss)
    UARTRxbuf                                0x20000168   Data         256  uart.o(.bss)
    UART_tempBuf                             0x20000268   Data          64  uart.o(.bss)
    __initial_sp                             0x20000ea8   Data           0  startup_stm32f10x_md_vl.o(STACK)



==============================================================================

Memory Map of the image

  Image Entry point : 0x08000121

  Load Region LR_IROM1 (Base: 0x08000000, Size: 0x0000459c, Max: 0x00008000, ABSOLUTE)

    Execution Region ER_IROM1 (Base: 0x08000000, Size: 0x000044c4, Max: 0x00008000, ABSOLUTE)

    Base Addr    Size         Type   Attr      Idx    E Section Name        Object

    0x08000000   0x00000120   Data   RO         2077    RESET               startup_stm32f10x_md_vl.o
    0x08000120   0x00000000   Code   RO         3254  * .ARM.Collect$$$$00000000  mc_w.l(entry.o)
    0x08000120   0x00000004   Code   RO         3293    .ARM.Collect$$$$00000001  mc_w.l(entry2.o)
    0x08000124   0x00000004   Code   RO         3296    .ARM.Collect$$$$00000004  mc_w.l(entry5.o)
    0x08000128   0x00000000   Code   RO         3298    .ARM.Collect$$$$00000008  mc_w.l(entry7b.o)
    0x08000128   0x00000008   Code   RO         3299    .ARM.Collect$$$$00000009  mc_w.l(entry8.o)
    0x08000130   0x00000004   Code   RO         3294    .ARM.Collect$$$$00002712  mc_w.l(entry2.o)
    0x08000134   0x00000024   Code   RO         2078    .text               startup_stm32f10x_md_vl.o
    0x08000158   0x00000024   Code   RO         3257    .text               mc_w.l(memcpya.o)
    0x0800017c   0x00000026   Code   RO         3259    .text               mc_w.l(memseta.o)
    0x080001a2   0x0000001a   Code   RO         3261    .text               mc_w.l(memcmp.o)
    0x080001bc   0x00000024   Code   RO         3302    .text               mc_w.l(init.o)
    0x080001e0   0x00000004   Code   RO         2201    i.BusFault_Handler  stm32f10x_it.o
    0x080001e4   0x0000002c   Code   RO         3157    i.BuzzerInit        stm32sunid.o
    0x08000210   0x0000002c   Code   RO         3158    i.BuzzerOn          stm32sunid.o
    0x0800023c   0x00000028   Code   RO         2921    i.CRC16_Generate    crc16.o
    0x08000264   0x00000204   Code   RO         2300    i.CreateCard        demo.o
    0x08000468   0x00000074   Code   RO         2301    i.CreditValue       demo.o
    0x080004dc   0x0000001e   Code   RO         2302    i.DateToByteArray   demo.o
    0x080004fa   0x00000002   PAD
    0x080004fc   0x00000074   Code   RO         2303    i.DebitValue        demo.o
    0x08000570   0x00000002   Code   RO         2202    i.DebugMon_Handler  stm32f10x_it.o
    0x08000572   0x00000002   PAD
    0x08000574   0x0000047a   Code   RO         2304    i.DemoTest          demo.o
    0x080009ee   0x00000002   PAD
    0x080009f0   0x0000010c   Code   RO         2455    i.DesfireCryptoPostProcessData  pn532.o
    0x08000afc   0x000000dc   Code   RO         2456    i.DesfireCryptoPreProcessData  pn532.o
    0x08000bd8   0x000000ac   Code   RO           80    i.EXTI_Init         stm32f10x_exti.o
    0x08000c84   0x00000030   Code   RO         3111    i.EmptyMessBuff     uart.o
    0x08000cb4   0x00000098   Code   RO         2308    i.FormatNewCard     demo.o
    0x08000d4c   0x0000005c   Code   RO         2309    i.FormatOldCard     demo.o
    0x08000da8   0x00000040   Code   RO          166    i.GPIO_EXTILineConfig  stm32f10x_gpio.o
    0x08000de8   0x00000112   Code   RO          169    i.GPIO_Init         stm32f10x_gpio.o
    0x08000efa   0x00000002   PAD
    0x08000efc   0x00000090   Code   RO          171    i.GPIO_PinRemapConfig  stm32f10x_gpio.o
    0x08000f8c   0x00000012   Code   RO          173    i.GPIO_ReadInputDataBit  stm32f10x_gpio.o
    0x08000f9e   0x00000004   Code   RO          176    i.GPIO_ResetBits    stm32f10x_gpio.o
    0x08000fa2   0x00000004   Code   RO          177    i.GPIO_SetBits      stm32f10x_gpio.o
    0x08000fa6   0x00000004   Code   RO         2203    i.HardFault_Handler  stm32f10x_it.o
    0x08000faa   0x0000005c   Code   RO         2310    i.InitEmployee      demo.o
    0x08001006   0x00000002   PAD
    0x08001008   0x0000003c   Code   RO         3112    i.IsComingData      uart.o
    0x08001044   0x000000b0   Code   RO         3159    i.LEDInit           stm32sunid.o
    0x080010f4   0x00000038   Code   RO         3160    i.LEDOff            stm32sunid.o
    0x0800112c   0x00000038   Code   RO         3161    i.LEDOn             stm32sunid.o
    0x08001164   0x00000004   Code   RO         2204    i.MemManage_Handler  stm32f10x_it.o
    0x08001168   0x00000004   Code   RO         2205    i.NMI_Handler       stm32f10x_it.o
    0x0800116c   0x0000000e   Code   RO         2146    i.NVIC_Configuration  main.o
    0x0800117a   0x00000002   PAD
    0x0800117c   0x00000074   Code   RO            1    i.NVIC_Init         misc.o
    0x080011f0   0x00000014   Code   RO            2    i.NVIC_PriorityGroupConfig  misc.o
    0x08001204   0x00000014   Code   RO            3    i.NVIC_SetVectorTable  misc.o
    0x08001218   0x00000020   Code   RO         3163    i.PBGetState        stm32sunid.o
    0x08001238   0x000000ac   Code   RO         3164    i.PBInit            stm32sunid.o
    0x080012e4   0x00000010   Code   RO         2785    i.PN532_IRQGetState  pn532_drvr.o
    0x080012f4   0x00000002   Code   RO         2206    i.PendSV_Handler    stm32f10x_it.o
    0x080012f6   0x00000002   PAD
    0x080012f8   0x00000020   Code   RO          279    i.RCC_APB1PeriphClockCmd  stm32f10x_rcc.o
    0x08001318   0x00000020   Code   RO          281    i.RCC_APB2PeriphClockCmd  stm32f10x_rcc.o
    0x08001338   0x0000000c   Code   RO          286    i.RCC_ClearITPendingBit  stm32f10x_rcc.o
    0x08001344   0x00000050   Code   RO          288    i.RCC_DeInit        stm32f10x_rcc.o
    0x08001394   0x000000d4   Code   RO          289    i.RCC_GetClocksFreq  stm32f10x_rcc.o
    0x08001468   0x0000003c   Code   RO          290    i.RCC_GetFlagStatus  stm32f10x_rcc.o
    0x080014a4   0x00000018   Code   RO          291    i.RCC_GetITStatus   stm32f10x_rcc.o
    0x080014bc   0x00000010   Code   RO          292    i.RCC_GetSYSCLKSource  stm32f10x_rcc.o
    0x080014cc   0x00000018   Code   RO          293    i.RCC_HCLKConfig    stm32f10x_rcc.o
    0x080014e4   0x0000003c   Code   RO         2207    i.RCC_IRQHandler    stm32f10x_it.o
    0x08001520   0x00000018   Code   RO          300    i.RCC_PCLK1Config   stm32f10x_rcc.o
    0x08001538   0x00000018   Code   RO          301    i.RCC_PCLK2Config   stm32f10x_rcc.o
    0x08001550   0x0000000c   Code   RO          302    i.RCC_PLLCmd        stm32f10x_rcc.o
    0x0800155c   0x0000001c   Code   RO          303    i.RCC_PLLConfig     stm32f10x_rcc.o
    0x08001578   0x00000018   Code   RO          307    i.RCC_SYSCLKConfig  stm32f10x_rcc.o
    0x08001590   0x000000b8   Code   RO         2311    i.ReadCard          demo.o
    0x08001648   0x000000a4   Code   RO         2312    i.RestoreToDefaultCard  demo.o
    0x080016ec   0x00000018   Code   RO         1687    i.SPI_Cmd           stm32f10x_spi.o
    0x08001704   0x00000012   Code   RO         1695    i.SPI_I2S_GetFlagStatus  stm32f10x_spi.o
    0x08001716   0x00000006   Code   RO         1698    i.SPI_I2S_ReceiveData  stm32f10x_spi.o
    0x0800171c   0x00000004   Code   RO         1699    i.SPI_I2S_SendData  stm32f10x_spi.o
    0x08001720   0x0000003c   Code   RO         1700    i.SPI_Init          stm32f10x_spi.o
    0x0800175c   0x00000002   Code   RO         2208    i.SVC_Handler       stm32f10x_it.o
    0x0800175e   0x00000002   PAD
    0x08001760   0x00000020   Code   RO         3165    i.SWGetState        stm32sunid.o
    0x08001780   0x00000080   Code   RO         3166    i.SWInit            stm32sunid.o
    0x08001800   0x00000008   Code   RO         2041    i.SetSysClock       system_stm32f10x.o
    0x08001808   0x00000008   Code   RO         2147    i.SetSysClock       main.o
    0x08001810   0x000000a0   Code   RO         2042    i.SetSysClockTo24   system_stm32f10x.o
    0x080018b0   0x0000004e   Code   RO         2148    i.SetSysClockTo24   main.o
    0x080018fe   0x00000058   Code   RO         2313    i.StartReader       demo.o
    0x08001956   0x00000008   Code   RO         2209    i.SysTick_Handler   stm32f10x_it.o
    0x0800195e   0x00000002   PAD
    0x08001960   0x00000058   Code   RO         2044    i.SystemInit        system_stm32f10x.o
    0x080019b8   0x00000018   Code   RO         2210    i.TIM2_IRQHandler   stm32f10x_it.o
    0x080019d0   0x00000006   Code   RO         1142    i.TIM_ClearITPendingBit  stm32f10x_tim.o
    0x080019d6   0x00000022   Code   RO         1168    i.TIM_GetITStatus   stm32f10x_tim.o
    0x080019f8   0x00000098   Code   RO         3113    i.UARTGetData       uart.o
    0x08001a90   0x000000d8   Code   RO         3114    i.UARTInit          uart.o
    0x08001b68   0x0000015c   Code   RO         3115    i.UARTSendData      uart.o
    0x08001cc4   0x000000f0   Code   RO         3116    i.UART_ISR          uart.o
    0x08001db4   0x00000008   Code   RO         2211    i.USART2_IRQHandler  stm32f10x_it.o
    0x08001dbc   0x00000018   Code   RO          955    i.USART_Cmd         stm32f10x_usart.o
    0x08001dd4   0x0000001a   Code   RO          958    i.USART_GetFlagStatus  stm32f10x_usart.o
    0x08001dee   0x00000054   Code   RO          959    i.USART_GetITStatus  stm32f10x_usart.o
    0x08001e42   0x0000004a   Code   RO          961    i.USART_ITConfig    stm32f10x_usart.o
    0x08001e8c   0x000000d8   Code   RO          962    i.USART_Init        stm32f10x_usart.o
    0x08001f64   0x0000000a   Code   RO          969    i.USART_ReceiveData  stm32f10x_usart.o
    0x08001f6e   0x00000008   Code   RO          972    i.USART_SendData    stm32f10x_usart.o
    0x08001f76   0x00000024   Code   RO         2922    i.UpdateCrc         crc16.o
    0x08001f9a   0x00000004   Code   RO         2212    i.UsageFault_Handler  stm32f10x_it.o
    0x08001f9e   0x00000002   PAD
    0x08001fa0   0x00000024   Code   RO         2865    i.VTimer_GetID      vtimer.o
    0x08001fc4   0x0000001c   Code   RO         2866    i.VTimer_InitController  vtimer.o
    0x08001fe0   0x00000018   Code   RO         2867    i.VTimer_IsFired    vtimer.o
    0x08001ff8   0x00000010   Code   RO         2868    i.VTimer_Release    vtimer.o
    0x08002008   0x0000002c   Code   RO         2869    i.VTimer_Service    vtimer.o
    0x08002034   0x00000020   Code   RO         2870    i.VTimer_Set        vtimer.o
    0x08002054   0x00000012   Code   RO         2314    i.WorkingToByteArray  demo.o
    0x08002066   0x0000000e   Code   RO         3306    i.__scatterload_copy  mc_w.l(handlers.o)
    0x08002074   0x00000002   Code   RO         3307    i.__scatterload_null  mc_w.l(handlers.o)
    0x08002076   0x0000000e   Code   RO         3308    i.__scatterload_zeroinit  mc_w.l(handlers.o)
    0x08002084   0x00000022   Code   RO         3168    i.arraycmp          stm32sunid.o
    0x080020a6   0x00000016   Code   RO         2457    i.bzero             pn532.o
    0x080020bc   0x00000096   Code   RO         2405    i.cookey            des.o
    0x08002152   0x00000002   PAD
    0x08002154   0x00000018   Code   RO         2871    i.delay_ms          vtimer.o
    0x0800216c   0x000001c0   Code   RO         2406    i.desfunc           des.o
    0x0800232c   0x00000128   Code   RO         2407    i.deskey            des.o
    0x08002454   0x0000000c   Code   RO         2458    i.enciphered_data_length  pn532.o
    0x08002460   0x00000006   Code   RO         2459    i.maced_data_length  pn532.o
    0x08002466   0x00000002   PAD
    0x08002468   0x00000088   Code   RO         2149    i.main              main.o
    0x080024f0   0x0000002c   Code   RO         2460    i.mifare_cbc_block_des  pn532.o
    0x0800251c   0x0000006e   Code   RO         2461    i.mifare_cbc_des    pn532.o
    0x0800258a   0x00000016   Code   RO         2462    i.padded_data_length  pn532.o
    0x080025a0   0x0000005a   Code   RO         2786    i.pn532BuildFrame   pn532_drvr.o
    0x080025fa   0x00000002   PAD
    0x080025fc   0x000000a4   Code   RO         2464    i.pn532CardList     pn532.o
    0x080026a0   0x00000068   Code   RO         2465    i.pn532CardRelease  pn532.o
    0x08002708   0x000000a4   Code   RO         2467    i.pn532CreateApplication  pn532.o
    0x080027ac   0x000001b8   Code   RO         2471    i.pn532DesfireAuthenticate  pn532.o
    0x08002964   0x00000144   Code   RO         2473    i.pn532DesfireChangeKey  pn532.o
    0x08002aa8   0x000000cc   Code   RO         2474    i.pn532DesfireChangeKeySetting  pn532.o
    0x08002b74   0x00000084   Code   RO         2476    i.pn532DesfireCommitTransaction  pn532.o
    0x08002bf8   0x00000204   Code   RO         2477    i.pn532DesfireCreateFile  pn532.o
    0x08002dfc   0x000000c0   Code   RO         2478    i.pn532DesfireCredit  pn532.o
    0x08002ebc   0x000000c0   Code   RO         2479    i.pn532DesfireDebit  pn532.o
    0x08002f7c   0x000000dc   Code   RO         2486    i.pn532DesfireGetValue  pn532.o
    0x08003058   0x00000198   Code   RO         2489    i.pn532DesfireReadData  pn532.o
    0x080031f0   0x00000198   Code   RO         2491    i.pn532DesfireWriteData  pn532.o
    0x08003388   0x00000084   Code   RO         2493    i.pn532FormatPICC   pn532.o
    0x0800340c   0x00000044   Code   RO         2495    i.pn532GetFirmware  pn532.o
    0x08003450   0x00000008   Code   RO         2496    i.pn532GetPCB       pn532.o
    0x08003458   0x0000005c   Code   RO         2497    i.pn532GetRegister  pn532.o
    0x080034b4   0x0000008c   Code   RO         2788    i.pn532HWInit       pn532_drvr.o
    0x08003540   0x00000024   Code   RO         2498    i.pn532Init         pn532.o
    0x08003564   0x00000058   Code   RO         2789    i.pn532IsReady      pn532_drvr.o
    0x080035bc   0x00000028   Code   RO         2790    i.pn532RST          pn532_drvr.o
    0x080035e4   0x000000d0   Code   RO         2791    i.pn532ReadResponse  pn532_drvr.o
    0x080036b4   0x0000007c   Code   RO         2504    i.pn532SAMConfigure  pn532.o
    0x08003730   0x000000a0   Code   RO         2505    i.pn532SelectApplication  pn532.o
    0x080037d0   0x00000080   Code   RO         2792    i.pn532SendCommand  pn532_drvr.o
    0x08003850   0x00000080   Code   RO         2506    i.pn532SetRegister  pn532.o
    0x080038d0   0x00000028   Code   RO         2793    i.pn532Wakeup       pn532_drvr.o
    0x080038f8   0x0000006c   Code   RO         2408    i.psDesDecryptBlock  des.o
    0x08003964   0x0000002c   Code   RO         2410    i.psDesInitKey      des.o
    0x08003990   0x00000026   Code   RO         2411    i.psGetPrng         des.o
    0x080039b6   0x00000016   Code   RO         2507    i.rol8              pn532.o
    0x080039cc   0x000000a8   Code   RO         3170    i.sPN532_LowLevel_Init  stm32sunid.o
    0x08003a74   0x00000044   Code   RO         2794    i.sPN532_ReadFrame  pn532_drvr.o
    0x08003ab8   0x00000038   Code   RO         2795    i.sPN532_SendByte   pn532_drvr.o
    0x08003af0   0x0000003c   Code   RO         2796    i.sPN532_SendFrame  pn532_drvr.o
    0x08003b2c   0x00000018   Code   RO         2508    i.xor8              pn532.o
    0x08003b44   0x00000908   Data   RO         2412    .constdata          des.o
    0x0800444c   0x00000004   Data   RO         2797    .constdata          pn532_drvr.o
    0x08004450   0x00000054   Data   RO         3171    .constdata          stm32sunid.o
    0x080044a4   0x00000020   Data   RO         3304    Region$$Table       anon$$obj.o


    Execution Region RW_IRAM1 (Base: 0x20000000, Size: 0x00000ea8, Max: 0x00001000, ABSOLUTE)

    Base Addr    Size         Type   Attr      Idx    E Section Name        Object

    0x20000000   0x00000014   Data   RW          310    .data               stm32f10x_rcc.o
    0x20000014   0x00000014   Data   RW         2045    .data               system_stm32f10x.o
    0x20000028   0x00000070   Data   RW         2317    .data               demo.o
    0x20000098   0x0000000d   Data   RW         3118    .data               uart.o
    0x200000a5   0x00000003   PAD
    0x200000a8   0x00000030   Data   RW         3172    .data               stm32sunid.o
    0x200000d8   0x00000014   Zero   RW         2150    .bss                main.o
    0x200000ec   0x00000010   Zero   RW         2316    .bss                demo.o
    0x200000fc   0x00000029   Zero   RW         2509    .bss                pn532.o
    0x20000125   0x00000003   PAD
    0x20000128   0x00000040   Zero   RW         2872    .bss                vtimer.o
    0x20000168   0x00000140   Zero   RW         3117    .bss                uart.o
    0x200002a8   0x00000c00   Zero   RW         2075    STACK               startup_stm32f10x_md_vl.o


==============================================================================

Image component sizes


      Code (inc. data)   RO Data    RW Data    ZI Data      Debug   Object Name

         0          0          0          0          0         32   core_cm3.o
        76          0          0          0          0       1289   crc16.o
      2714         98          0        112         16       9653   demo.o
      1084         54       2312          0          0       5563   des.o
         0          0          0          0          0       3496   khoitest.o
       236         16          0          0         20      23587   main.o
       156         32          0          0          0     211241   misc.o
      4966        152          0          0         41      26485   pn532.o
       934         66          4          0          0       8259   pn532_drvr.o
        36          8        288          0       3072        884   startup_stm32f10x_md_vl.o
       172         12          0          0          0     235344   stm32f10x_exti.o
       508         10          0          0          0       5288   stm32f10x_gpio.o
       126          0          0          0          0       5173   stm32f10x_it.o
       604         98          0         20          0      10944   stm32f10x_rcc.o
       112          0          0          0          0      11134   stm32f10x_spi.o
        40          0          0          0          0      20834   stm32f10x_tim.o
       442          6          0          0          0       6373   stm32f10x_usart.o
       942        110         84         48          0      11065   stm32sunid.o
       256         18          0         20          0       2461   system_stm32f10x.o
      1064        130          0         13        320       5355   uart.o
       204         38          0          0         64       4228   vtimer.o

    ----------------------------------------------------------------------
     14698        848       2720        216       3536     608688   Object Totals
         0          0         32          0          0          0   (incl. Generated)
        26          0          0          3          3          0   (incl. Padding)

    ----------------------------------------------------------------------

      Code (inc. data)   RO Data    RW Data    ZI Data      Debug   Library Member Name

         0          0          0          0          0          0   entry.o
         8          4          0          0          0          0   entry2.o
         4          0          0          0          0          0   entry5.o
         0          0          0          0          0          0   entry7b.o
         8          4          0          0          0          0   entry8.o
        30          0          0          0          0          0   handlers.o
        36          8          0          0          0         68   init.o
        26          0          0          0          0         80   memcmp.o
        36          0          0          0          0         68   memcpya.o
        38          0          0          0          0        108   memseta.o

    ----------------------------------------------------------------------
       186         16          0          0          0        324   Library Totals
         0          0          0          0          0          0   (incl. Padding)

    ----------------------------------------------------------------------

      Code (inc. data)   RO Data    RW Data    ZI Data      Debug   Library Name

       186         16          0          0          0        324   mc_w.l

    ----------------------------------------------------------------------
       186         16          0          0          0        324   Library Totals

    ----------------------------------------------------------------------

==============================================================================


      Code (inc. data)   RO Data    RW Data    ZI Data      Debug   

     14884        864       2720        216       3536     601680   Grand Totals
     14884        864       2720        216       3536     601680   ELF Image Totals
     14884        864       2720        216          0          0   ROM Totals

==============================================================================

    Total RO  Size (Code + RO Data)                17604 (  17.19kB)
    Total RW  Size (RW Data + ZI Data)              3752 (   3.66kB)
    Total ROM Size (Code + RO Data + RW Data)      17820 (  17.40kB)

==============================================================================

