<html>
<body>
<pre>
<h1>µVision Build Log</h1>
<h2>Project:</h2>
E:\OX_Doc\KCNTT_2011\Working\SunIDProject\Firmware\MainControlSimple\Project\AccessControl.uvproj
Project File Date:  06/06/2012

<h2>Output:</h2>
Rebuild target 'AccessControl'
creating preprocessor file for misc.c...
compiling misc.c...
creating preprocessor file for stm32f10x_exti.c...
compiling stm32f10x_exti.c...
creating preprocessor file for stm32f10x_gpio.c...
compiling stm32f10x_gpio.c...
creating preprocessor file for stm32f10x_rcc.c...
compiling stm32f10x_rcc.c...
creating preprocessor file for stm32f10x_flash.c...
compiling stm32f10x_flash.c...
creating preprocessor file for stm32f10x_adc.c...
compiling stm32f10x_adc.c...
creating preprocessor file for stm32f10x_dma.c...
compiling stm32f10x_dma.c...
creating preprocessor file for stm32f10x_usart.c...
compiling stm32f10x_usart.c...
creating preprocessor file for stm32f10x_tim.c...
compiling stm32f10x_tim.c...
creating preprocessor file for stm32f10x_spi.c...
compiling stm32f10x_spi.c...
creating preprocessor file for stm32f10x_i2c.c...
compiling stm32f10x_i2c.c...
creating preprocessor file for core_cm3.c...
compiling core_cm3.c...
creating preprocessor file for system_stm32f10x.c...
compiling system_stm32f10x.c...
assembling startup_stm32f10x_md_vl.s...
creating preprocessor file for khoitest.c...
..\Libraries\sunid_lib\thanh\inc\VTimer.h(5): error:  #5: cannot open source input file "stm32sunid.h": No such file or directory
compiling khoitest.c...
..\Libraries\sunid_lib\thanh\inc\VTimer.h(5): error:  #5: cannot open source input file "stm32sunid.h": No such file or directory
creating preprocessor file for main.c...
SourceCode\main.c(23): error:  #5: cannot open source input file "stm32sunid.h": No such file or directory
compiling main.c...
SourceCode\main.c(23): error:  #5: cannot open source input file "stm32sunid.h": No such file or directory
creating preprocessor file for stm32f10x_it.c...
..\Libraries\sunid_lib\thanh\inc\VTimer.h(5): error:  #5: cannot open source input file "stm32sunid.h": No such file or directory
compiling stm32f10x_it.c...
..\Libraries\sunid_lib\thanh\inc\VTimer.h(5): error:  #5: cannot open source input file "stm32sunid.h": No such file or directory
creating preprocessor file for demo.c...
SourceCode\demo.h(1): error:  #5: cannot open source input file "stm32sunid.h": No such file or directory
compiling demo.c...
SourceCode\demo.h(1): error:  #5: cannot open source input file "stm32sunid.h": No such file or directory
creating preprocessor file for VTimer.c...
..\Libraries\sunid_lib\thanh\inc\VTimer.h(5): error:  #5: cannot open source input file "stm32sunid.h": No such file or directory
compiling VTimer.c...
..\Libraries\sunid_lib\thanh\inc\VTimer.h(5): error:  #5: cannot open source input file "stm32sunid.h": No such file or directory
creating preprocessor file for aes.c...
..\Libraries\sunid_lib\khoi\inc\aes.h(4): error:  #5: cannot open source input file "stm32sunid.h": No such file or directory
compiling aes.c...
..\Libraries\sunid_lib\khoi\inc\aes.h(4): error:  #5: cannot open source input file "stm32sunid.h": No such file or directory
creating preprocessor file for i2c.c...
..\Libraries\sunid_lib\khoi\inc\i2c.h(4): error:  #5: cannot open source input file "stm32sunid.h": No such file or directory
compiling i2c.c...
..\Libraries\sunid_lib\khoi\inc\i2c.h(4): error:  #5: cannot open source input file "stm32sunid.h": No such file or directory
creating preprocessor file for keyman.c...
..\Libraries\sunid_lib\khoi\inc\keyman.h(4): error:  #5: cannot open source input file "stm32sunid.h": No such file or directory
compiling keyman.c...
..\Libraries\sunid_lib\khoi\inc\keyman.h(4): error:  #5: cannot open source input file "stm32sunid.h": No such file or directory
creating preprocessor file for TI_aes.c...
compiling TI_aes.c...
creating preprocessor file for touchpad.c...
..\Libraries\sunid_lib\khoi\inc\touchpad.h(4): error:  #5: cannot open source input file "stm32sunid.h": No such file or directory
compiling touchpad.c...
..\Libraries\sunid_lib\khoi\inc\touchpad.h(4): error:  #5: cannot open source input file "stm32sunid.h": No such file or directory
creating preprocessor file for uart.c...
..\Libraries\sunid_lib\khoi\inc\uart.h(4): error:  #5: cannot open source input file "stm32sunid.h": No such file or directory
compiling uart.c...
..\Libraries\sunid_lib\khoi\inc\uart.h(4): error:  #5: cannot open source input file "stm32sunid.h": No such file or directory
creating preprocessor file for STM32sunidMainSmall.c...
..\Libraries\sunid_lib\thanh\inc\VTimer.h(5): error:  #5: cannot open source input file "stm32sunid.h": No such file or directory
compiling STM32sunidMainSmall.c...
..\Libraries\sunid_lib\thanh\inc\VTimer.h(5): error:  #5: cannot open source input file "stm32sunid.h": No such file or directory
Target not created
Build target 'AccessControl'
creating preprocessor file for khoitest.c...
..\Libraries\sunid_lib\khoi\inc\i2c.h(4): error:  #5: cannot open source input file "stm32sunid.h": No such file or directory
compiling khoitest.c...
..\Libraries\sunid_lib\khoi\inc\i2c.h(4): error:  #5: cannot open source input file "stm32sunid.h": No such file or directory
compiling main.c...
SourceCode\main.c(23): error:  #5: cannot open source input file "stm32sunid.h": No such file or directory
creating preprocessor file for stm32f10x_it.c...
compiling stm32f10x_it.c...
compiling demo.c...
SourceCode\demo.h(1): error:  #5: cannot open source input file "stm32sunid.h": No such file or directory
creating preprocessor file for VTimer.c...
compiling VTimer.c...
compiling aes.c...
..\Libraries\sunid_lib\khoi\inc\aes.h(4): error:  #5: cannot open source input file "stm32sunid.h": No such file or directory
compiling i2c.c...
..\Libraries\sunid_lib\khoi\inc\i2c.h(4): error:  #5: cannot open source input file "stm32sunid.h": No such file or directory
compiling keyman.c...
..\Libraries\sunid_lib\khoi\inc\keyman.h(4): error:  #5: cannot open source input file "stm32sunid.h": No such file or directory
creating preprocessor file for touchpad.c...
..\Libraries\sunid_lib\khoi\inc\i2c.h(4): error:  #5: cannot open source input file "stm32sunid.h": No such file or directory
compiling touchpad.c...
..\Libraries\sunid_lib\khoi\inc\i2c.h(4): error:  #5: cannot open source input file "stm32sunid.h": No such file or directory
creating preprocessor file for uart.c...
compiling uart.c...
creating preprocessor file for STM32sunidMainSmall.c...
compiling STM32sunidMainSmall.c...
Target not created
Build target 'AccessControl'
creating preprocessor file for khoitest.c...
compiling khoitest.c...
compiling main.c...
SourceCode\main.c(23): error:  #5: cannot open source input file "stm32sunid.h": No such file or directory
creating preprocessor file for demo.c...
SourceCode\demo.h(3): error:  #5: cannot open source input file "pn532.h": No such file or directory
compiling demo.c...
SourceCode\demo.h(3): error:  #5: cannot open source input file "pn532.h": No such file or directory
creating preprocessor file for aes.c...
compiling aes.c...
creating preprocessor file for i2c.c...
compiling i2c.c...
creating preprocessor file for keyman.c...
compiling keyman.c...
creating preprocessor file for touchpad.c...
compiling touchpad.c...
..\Libraries\sunid_lib\khoi\src\touchpad.c(145): warning:  #188-D: enumerated type mixed with another type
Target not created
Build target 'AccessControl'
creating preprocessor file for main.c...
compiling main.c...
creating preprocessor file for demo.c...
compiling demo.c...
SourceCode\demo.c(4): warning:  #177-D: variable "defaultMKey" was declared but never referenced
SourceCode\demo.c(6): warning:  #177-D: variable "newMKey" was declared but never referenced
SourceCode\demo.c(8): warning:  #177-D: variable "newAKey" was declared but never referenced
SourceCode\demo.c(10): warning:  #177-D: variable "newF1Key" was declared but never referenced
SourceCode\demo.c(11): warning:  #177-D: variable "newF2Key" was declared but never referenced
SourceCode\demo.c(12): warning:  #177-D: variable "newF3Key" was declared but never referenced
SourceCode\demo.c(13): warning:  #177-D: variable "newF4Key" was declared but never referenced
SourceCode\demo.c(14): warning:  #177-D: variable "newF5Key" was declared but never referenced
linking...
Program Size: Code=1968 RO-data=320 RW-data=56 ZI-data=3480  
".\Debug\PlainReader.axf" - 0 Error(s), 8 Warning(s).
Build target 'AccessControl'
compiling misc.c...
compiling stm32f10x_exti.c...
compiling stm32f10x_gpio.c...
compiling stm32f10x_rcc.c...
compiling stm32f10x_flash.c...
compiling stm32f10x_adc.c...
compiling stm32f10x_dma.c...
compiling stm32f10x_usart.c...
compiling stm32f10x_tim.c...
compiling stm32f10x_spi.c...
compiling stm32f10x_i2c.c...
compiling core_cm3.c...
compiling system_stm32f10x.c...
creating preprocessor file for khoitest.c...
compiling khoitest.c...
creating preprocessor file for main.c...
compiling main.c...
creating preprocessor file for stm32f10x_it.c...
compiling stm32f10x_it.c...
creating preprocessor file for demo.c...
compiling demo.c...
creating preprocessor file for STM32sunidMainSmall.c...
compiling STM32sunidMainSmall.c...
creating preprocessor file for aes.c...
compiling aes.c...
creating preprocessor file for crc16.c...
compiling crc16.c...
creating preprocessor file for des.c...
compiling des.c...
..\Libraries\sunid_lib\src\des.c(443): warning:  #177-D: variable "i" was declared but never referenced
creating preprocessor file for i2c.c...
compiling i2c.c...
creating preprocessor file for keyman.c...
compiling keyman.c...
creating preprocessor file for prng.c...
..\Libraries\sunid_lib\src\prng.c(32): error:  #5: cannot open source input file "../cryptoApi.h": No such file or directory
compiling prng.c...
..\Libraries\sunid_lib\src\prng.c(32): error:  #5: cannot open source input file "../cryptoApi.h": No such file or directory
compiling TI_aes.c...
creating preprocessor file for touchpad.c...
compiling touchpad.c...
..\Libraries\sunid_lib\src\touchpad.c(145): warning:  #188-D: enumerated type mixed with another type
creating preprocessor file for uart.c...
compiling uart.c...
creating preprocessor file for VTimer.c...
compiling VTimer.c...
creating preprocessor file for uartcom.c...
..\Libraries\sunid_lib\src\uartcom.c(248): warning:  #1-D: last line of file ends without a newline
compiling uartcom.c...
..\Libraries\sunid_lib\src\uartcom.c(11): error:  #20: identifier "MAX_BUFFER_SIZE" is undefined
..\Libraries\sunid_lib\src\uartcom.c(83): error:  #20: identifier "UART_index" is undefined
..\Libraries\sunid_lib\src\uartcom.c(84): error:  #20: identifier "UART_BytesToRx" is undefined
..\Libraries\sunid_lib\src\uartcom.c(85): error:  #20: identifier "UART_bufPushIndex" is undefined
..\Libraries\sunid_lib\src\uartcom.c(86): error:  #20: identifier "UART_bufPopIndex" is undefined
..\Libraries\sunid_lib\src\uartcom.c(87): error:  #20: identifier "UART_bufEmpty" is undefined
..\Libraries\sunid_lib\src\uartcom.c(122): error:  #20: identifier "EVAL_COM1" is undefined
..\Libraries\sunid_lib\src\uartcom.c(169): error:  #20: identifier "str" is undefined
..\Libraries\sunid_lib\src\uartcom.c(170): error:  #20: identifier "UARTRxbuf" is undefined
..\Libraries\sunid_lib\src\uartcom.c(170): error:  #20: identifier "UART_bufPopIndex" is undefined
..\Libraries\sunid_lib\src\uartcom.c(175): error:  #20: identifier "UART_MAX_MESG" is undefined
..\Libraries\sunid_lib\src\uartcom.c(176): error:  #20: identifier "UART_bufFull" is undefined
..\Libraries\sunid_lib\src\uartcom.c(177): error:  #20: identifier "UART_bufPushIndex" is undefined
..\Libraries\sunid_lib\src\uartcom.c(177): error:  #20: identifier "UART_bufEmpty" is undefined
..\Libraries\sunid_lib\src\uartcom.c(235): error:  #20: identifier "EVAL_COM1" is undefined
..\Libraries\sunid_lib\src\uartcom.c(248): warning:  #1-D: last line of file ends without a newline
Target not created
Build target 'AccessControl'
compiling prng.c...
..\Libraries\sunid_lib\src\prng.c(32): error:  #5: cannot open source input file "../cryptoApi.h": No such file or directory
creating preprocessor file for uartcom.c...
..\Libraries\sunid_lib\src\uartcom.c(254): warning:  #1-D: last line of file ends without a newline
compiling uartcom.c...
..\Libraries\sunid_lib\src\uartcom.c(83): error:  #20: identifier "UART_index" is undefined
..\Libraries\sunid_lib\src\uartcom.c(84): error:  #20: identifier "UART_BytesToRx" is undefined
..\Libraries\sunid_lib\src\uartcom.c(85): error:  #20: identifier "UART_bufPushIndex" is undefined
..\Libraries\sunid_lib\src\uartcom.c(86): error:  #20: identifier "UART_bufPopIndex" is undefined
..\Libraries\sunid_lib\src\uartcom.c(87): error:  #20: identifier "UART_bufEmpty" is undefined
..\Libraries\sunid_lib\src\uartcom.c(122): error:  #20: identifier "EVAL_COM1" is undefined
..\Libraries\sunid_lib\src\uartcom.c(168): error:  #101: "len" has already been declared in the current scope
..\Libraries\sunid_lib\src\uartcom.c(171): error:  #20: identifier "timerid" is undefined
..\Libraries\sunid_lib\src\uartcom.c(181): error:  #513: a value of type "unsigned char (*)(void)" cannot be assigned to an entity of type "uint8_t"
..\Libraries\sunid_lib\src\uartcom.c(241): error:  #20: identifier "EVAL_COM1" is undefined
..\Libraries\sunid_lib\src\uartcom.c(254): warning:  #1-D: last line of file ends without a newline
Target not created
Build target 'AccessControl'
compiling prng.c...
..\Libraries\sunid_lib\src\prng.c(32): error:  #5: cannot open source input file "../cryptoApi.h": No such file or directory
creating preprocessor file for uartcom.c...
..\Libraries\sunid_lib\src\uartcom.c(250): warning:  #1-D: last line of file ends without a newline
compiling uartcom.c...
..\Libraries\sunid_lib\src\uartcom.c(83): warning:  #223-D: function "EmptyComMessBuff" declared implicitly
..\Libraries\sunid_lib\src\uartcom.c(86): error:  #159: declaration is incompatible with previous "EmptyComMessBuff" (declared at line 83)
..\Libraries\sunid_lib\src\uartcom.c(118): error:  #20: identifier "EVAL_COM1" is undefined
..\Libraries\sunid_lib\src\uartcom.c(164): error:  #101: "len" has already been declared in the current scope
..\Libraries\sunid_lib\src\uartcom.c(167): error:  #20: identifier "timerid" is undefined
..\Libraries\sunid_lib\src\uartcom.c(177): error:  #513: a value of type "unsigned char (*)(void)" cannot be assigned to an entity of type "uint8_t"
..\Libraries\sunid_lib\src\uartcom.c(237): error:  #20: identifier "EVAL_COM1" is undefined
..\Libraries\sunid_lib\src\uartcom.c(250): warning:  #1-D: last line of file ends without a newline
Target not created
Build target 'AccessControl'
creating preprocessor file for uartcom.c...
..\Libraries\sunid_lib\src\uartcom.c(251): warning:  #1-D: last line of file ends without a newline
compiling uartcom.c...
..\Libraries\sunid_lib\src\uartcom.c(83): warning:  #223-D: function "EmptyComMessBuff" declared implicitly
..\Libraries\sunid_lib\src\uartcom.c(86): error:  #159: declaration is incompatible with previous "EmptyComMessBuff" (declared at line 83)
..\Libraries\sunid_lib\src\uartcom.c(165): error:  #101: "len" has already been declared in the current scope
..\Libraries\sunid_lib\src\uartcom.c(178): error:  #513: a value of type "unsigned char (*)(void)" cannot be assigned to an entity of type "uint8_t"
..\Libraries\sunid_lib\src\uartcom.c(251): warning:  #1-D: last line of file ends without a newline
Target not created
Build target 'AccessControl'
creating preprocessor file for uartcom.c...
..\Libraries\sunid_lib\src\uartcom.c(250): warning:  #1-D: last line of file ends without a newline
compiling uartcom.c...
..\Libraries\sunid_lib\src\uartcom.c(250): warning:  #1-D: last line of file ends without a newline
linking...
.\Debug\PlainReader.axf: Error: L6218E: Undefined symbol USART_printf (referred from uartcom.o).
Target not created
Rebuild target 'AccessControl'
creating preprocessor file for misc.c...
compiling misc.c...
creating preprocessor file for stm32f10x_exti.c...
compiling stm32f10x_exti.c...
creating preprocessor file for stm32f10x_gpio.c...
compiling stm32f10x_gpio.c...
creating preprocessor file for stm32f10x_rcc.c...
compiling stm32f10x_rcc.c...
creating preprocessor file for stm32f10x_flash.c...
compiling stm32f10x_flash.c...
creating preprocessor file for stm32f10x_adc.c...
compiling stm32f10x_adc.c...
creating preprocessor file for stm32f10x_dma.c...
compiling stm32f10x_dma.c...
creating preprocessor file for stm32f10x_usart.c...
compiling stm32f10x_usart.c...
creating preprocessor file for stm32f10x_tim.c...
compiling stm32f10x_tim.c...
creating preprocessor file for stm32f10x_spi.c...
compiling stm32f10x_spi.c...
creating preprocessor file for stm32f10x_i2c.c...
compiling stm32f10x_i2c.c...
creating preprocessor file for core_cm3.c...
compiling core_cm3.c...
creating preprocessor file for system_stm32f10x.c...
compiling system_stm32f10x.c...
assembling startup_stm32f10x_md_vl.s...
creating preprocessor file for khoitest.c...
compiling khoitest.c...
creating preprocessor file for main.c...
compiling main.c...
creating preprocessor file for stm32f10x_it.c...
compiling stm32f10x_it.c...
creating preprocessor file for demo.c...
compiling demo.c...
creating preprocessor file for STM32sunidMainSmall.c...
compiling STM32sunidMainSmall.c...
creating preprocessor file for i2c.c...
compiling i2c.c...
creating preprocessor file for touchpad.c...
compiling touchpad.c...
..\Libraries\sunid_lib\src\touchpad.c(145): warning:  #188-D: enumerated type mixed with another type
creating preprocessor file for uart.c...
compiling uart.c...
creating preprocessor file for VTimer.c...
compiling VTimer.c...
creating preprocessor file for uartcom.c...
..\Libraries\sunid_lib\src\uartcom.c(250): warning:  #1-D: last line of file ends without a newline
compiling uartcom.c...
..\Libraries\sunid_lib\src\uartcom.c(250): warning:  #1-D: last line of file ends without a newline
creating preprocessor file for uart_printf.c...
compiling uart_printf.c...
linking...
.\Debug\PlainReader.axf: Error: L6218E: Undefined symbol GetMessage (referred from khoitest.o).
.\Debug\PlainReader.axf: Error: L6218E: Undefined symbol IsComingMessage (referred from khoitest.o).
.\Debug\PlainReader.axf: Error: L6218E: Undefined symbol SendMessage (referred from khoitest.o).
Target not created
Build target 'AccessControl'
creating preprocessor file for khoitest.c...
compiling khoitest.c...
linking...
Program Size: Code=1528 RO-data=320 RW-data=56 ZI-data=3480  
".\Debug\PlainReader.axf" - 0 Error(s), 0 Warning(s).
Build target 'AccessControl'
creating preprocessor file for khoitest.c...
compiling khoitest.c...
..\Libraries\sunid_lib\inc\uart.h(43): error:  #130: expected a "{"
SourceCode\khoitest.c(6): warning:  #12-D: parsing restarts here after previous syntax error
SourceCode\khoitest.c(6): warning:  #174-D: expression has no effect
SourceCode\khoitest.c(6): warning:  #174-D: expression has no effect
SourceCode\khoitest.c(6): warning:  #174-D: expression has no effect
SourceCode\khoitest.c(6): warning:  #174-D: expression has no effect
SourceCode\khoitest.c(6): warning:  #174-D: expression has no effect
SourceCode\khoitest.c(6): warning:  #174-D: expression has no effect
SourceCode\khoitest.c(6): warning:  #174-D: expression has no effect
SourceCode\khoitest.c(6): warning:  #174-D: expression has no effect
SourceCode\khoitest.c(6): warning:  #174-D: expression has no effect
SourceCode\khoitest.c(6): warning:  #174-D: expression has no effect
SourceCode\khoitest.c(6): warning:  #174-D: expression has no effect
SourceCode\khoitest.c(6): warning:  #174-D: expression has no effect
SourceCode\khoitest.c(6): warning:  #174-D: expression has no effect
SourceCode\khoitest.c(6): warning:  #174-D: expression has no effect
SourceCode\khoitest.c(6): warning:  #174-D: expression has no effect
SourceCode\khoitest.c(6): warning:  #174-D: expression has no effect
SourceCode\khoitest.c(6): warning:  #174-D: expression has no effect
SourceCode\khoitest.c(6): warning:  #174-D: expression has no effect
SourceCode\khoitest.c(6): warning:  #174-D: expression has no effect
SourceCode\khoitest.c(6): warning:  #174-D: expression has no effect
SourceCode\khoitest.c(6): warning:  #174-D: expression has no effect
SourceCode\khoitest.c(6): warning:  #174-D: expression has no effect
SourceCode\khoitest.c(6): warning:  #174-D: expression has no effect
SourceCode\khoitest.c(6): warning:  #174-D: expression has no effect
SourceCode\khoitest.c(6): warning:  #174-D: expression has no effect
SourceCode\khoitest.c(6): warning:  #174-D: expression has no effect
SourceCode\khoitest.c(6): warning:  #174-D: expression has no effect
SourceCode\khoitest.c(6): warning:  #174-D: expression has no effect
SourceCode\khoitest.c(6): warning:  #174-D: expression has no effect
SourceCode\khoitest.c(6): warning:  #174-D: expression has no effect
SourceCode\khoitest.c(6): warning:  #174-D: expression has no effect
SourceCode\khoitest.c(6): warning:  #174-D: expression has no effect
SourceCode\khoitest.c(6): warning:  #174-D: expression has no effect
SourceCode\khoitest.c(6): warning:  #174-D: expression has no effect
SourceCode\khoitest.c(6): warning:  #174-D: expression has no effect
SourceCode\khoitest.c(6): warning:  #174-D: expression has no effect
SourceCode\khoitest.c(6): warning:  #174-D: expression has no effect
SourceCode\khoitest.c(10): error:  #65: expected a ";"
SourceCode\khoitest.c(10): warning:  #940-D: missing return statement at end of non-void function "USARTGetComData"
SourceCode\khoitest.c(60): error:  #20: identifier "err" is undefined
SourceCode\khoitest.c(60): error:  #20: identifier "x" is undefined
creating preprocessor file for main.c...
compiling main.c...
..\Libraries\sunid_lib\inc\uart.h(43): error:  #130: expected a "{"
SourceCode\demo.h(46): warning:  #12-D: parsing restarts here after previous syntax error
SourceCode\demo.h(53): warning:  #940-D: missing return statement at end of non-void function "USARTGetComData"
SourceCode\demo.h(47): warning:  #177-D: variable "type" was declared but never referenced
SourceCode\demo.h(48): warning:  #177-D: variable "empID" was declared but never referenced
SourceCode\demo.h(49): warning:  #177-D: variable "date" was declared but never referenced
SourceCode\demo.h(50): warning:  #177-D: variable "working" was declared but never referenced
SourceCode\demo.h(51): warning:  #177-D: variable "user" was declared but never referenced
SourceCode\demo.h(52): warning:  #177-D: variable "value" was declared but never referenced
SourceCode\demo.h(53): error:  #77-D: this declaration has no storage class or type specifier
SourceCode\demo.h(67): error:  #757: variable "EmployeeCard_st" is not a type name
SourceCode\demo.h(75): error:  #757: variable "EmployeeCard_st" is not a type name
SourceCode\demo.h(79): error:  #757: variable "EmployeeCard_st" is not a type name
creating preprocessor file for stm32f10x_it.c...
compiling stm32f10x_it.c...
..\Libraries\sunid_lib\inc\uart.h(43): error:  #130: expected a "{"
SourceCode\stm32f10x_it.c(51): warning:  #12-D: parsing restarts here after previous syntax error
SourceCode\stm32f10x_it.c(229): warning:  #223-D: function "USART1_ISR" declared implicitly
creating preprocessor file for demo.c...
compiling demo.c...
..\Libraries\sunid_lib\inc\uart.h(43): error:  #130: expected a "{"
SourceCode\demo.h(46): warning:  #12-D: parsing restarts here after previous syntax error
SourceCode\demo.h(53): warning:  #940-D: missing return statement at end of non-void function "USARTGetComData"
SourceCode\demo.h(47): warning:  #177-D: variable "type" was declared but never referenced
SourceCode\demo.h(48): warning:  #177-D: variable "empID" was declared but never referenced
SourceCode\demo.h(49): warning:  #177-D: variable "date" was declared but never referenced
SourceCode\demo.h(50): warning:  #177-D: variable "working" was declared but never referenced
SourceCode\demo.h(51): warning:  #177-D: variable "user" was declared but never referenced
SourceCode\demo.h(52): warning:  #177-D: variable "value" was declared but never referenced
SourceCode\demo.h(53): error:  #77-D: this declaration has no storage class or type specifier
SourceCode\demo.h(67): error:  #757: variable "EmployeeCard_st" is not a type name
SourceCode\demo.h(75): error:  #757: variable "EmployeeCard_st" is not a type name
SourceCode\demo.h(79): error:  #757: variable "EmployeeCard_st" is not a type name
creating preprocessor file for uart.c...
compiling uart.c...
..\Libraries\sunid_lib\inc\uart.h(43): error:  #130: expected a "{"
..\Libraries\sunid_lib\src\uart.c(42): warning:  #12-D: parsing restarts here after previous syntax error
..\Libraries\sunid_lib\src\uart.c(92): error:  #20: identifier "UART_index" is undefined
..\Libraries\sunid_lib\src\uart.c(93): error:  #20: identifier "UART_BytesToRx" is undefined
..\Libraries\sunid_lib\src\uart.c(94): error:  #20: identifier "UART_bufPushIndex" is undefined
..\Libraries\sunid_lib\src\uart.c(95): error:  #20: identifier "UART_bufPopIndex" is undefined
..\Libraries\sunid_lib\src\uart.c(96): error:  #20: identifier "UART_bufEmpty" is undefined
..\Libraries\sunid_lib\src\uart.c(101): error:  #20: identifier "UART_index" is undefined
..\Libraries\sunid_lib\src\uart.c(102): error:  #20: identifier "UART_BytesToRx" is undefined
..\Libraries\sunid_lib\src\uart.c(103): error:  #20: identifier "UART_bufPushIndex" is undefined
..\Libraries\sunid_lib\src\uart.c(104): error:  #20: identifier "UART_bufPopIndex" is undefined
..\Libraries\sunid_lib\src\uart.c(105): error:  #20: identifier "UART_bufEmpty" is undefined
..\Libraries\sunid_lib\src\uart.c(128): warning:  #223-D: function "VTimer_GetID" declared implicitly
..\Libraries\sunid_lib\src\uart.c(130): warning:  #223-D: function "VTimer_Set" declared implicitly
..\Libraries\sunid_lib\src\uart.c(137): warning:  #223-D: function "VTimer_IsFired" declared implicitly
..\Libraries\sunid_lib\src\uart.c(139): warning:  #223-D: function "VTimer_Release" declared implicitly
..\Libraries\sunid_lib\src\uart.c(150): warning:  #223-D: function "VTimer_Release" declared implicitly
..\Libraries\sunid_lib\src\uart.c(159): warning:  #223-D: function "VTimer_Release" declared implicitly
..\Libraries\sunid_lib\src\uart.c(169): warning:  #223-D: function "VTimer_Release" declared implicitly
..\Libraries\sunid_lib\src\uart.c(181): warning:  #223-D: function "VTimer_Release" declared implicitly
..\Libraries\sunid_lib\src\uart.c(185): warning:  #223-D: function "VTimer_Release" declared implicitly
..\Libraries\sunid_lib\src\uart.c(210): error:  #20: identifier "UART_bufEmpty" is undefined
..\Libraries\sunid_lib\src\uart.c(211): error:  #20: identifier "UARTRxbuf" is undefined
..\Libraries\sunid_lib\src\uart.c(211): error:  #20: identifier "UART_bufPopIndex" is undefined
..\Libraries\sunid_lib\src\uart.c(217): error:  #20: identifier "UART_bufFull" is undefined
..\Libraries\sunid_lib\src\uart.c(218): error:  #20: identifier "UART_bufPushIndex" is undefined
..\Libraries\sunid_lib\src\uart.c(228): error:  #20: identifier "UART_bufEmpty" is undefined
..\Libraries\sunid_lib\src\uart.c(229): error:  #20: identifier "UARTRxbuf" is undefined
..\Libraries\sunid_lib\src\uart.c(229): error:  #20: identifier "UART_bufPopIndex" is undefined
..\Libraries\sunid_lib\src\uart.c(245): error:  #20: identifier "UART_tempBuf" is undefined
..\Libraries\sunid_lib\src\uart.c(245): error:  #20: identifier "UART_index" is undefined
..\Libraries\sunid_lib\src\uart.c(250): error:  #20: identifier "UART_reflection" is undefined
..\Libraries\sunid_lib\src\uart.c(258): error:  #20: identifier "UART_BytesToRx" is undefined
..\Libraries\sunid_lib\src\uart.c(260): error:  #20: identifier "UART_BytesToRx" is undefined
..\Libraries\sunid_lib\src\uart.c(262): error:  #20: identifier "UART_bufFull" is undefined
..\Libraries\sunid_lib\src\uart.c(262): error:  #20: identifier "UART_reflection" is undefined
..\Libraries\sunid_lib\src\uart.c(263): warning:  #223-D: function "memcpy" declared implicitly
..\Libraries\sunid_lib\src\uart.c(263): error:  #20: identifier "UARTRxbuf" is undefined
..\Libraries\sunid_lib\src\uart.c(263): error:  #20: identifier "UART_bufPushIndex" is undefined
..\Libraries\sunid_lib\src\uart.c(265): error:  #20: identifier "UART_bufPopIndex" is undefined
..\Libraries\sunid_lib\src\uart.c(266): error:  #20: identifier "UART_bufEmpty" is undefined
creating preprocessor file for uartcom.c...
..\Libraries\sunid_lib\src\uartcom.c(250): warning:  #1-D: last line of file ends without a newline
compiling uartcom.c...
..\Libraries\sunid_lib\inc\uart.h(43): error:  #130: expected a "{"
..\Libraries\sunid_lib\src\uartcom.c(10): warning:  #12-D: parsing restarts here after previous syntax error
..\Libraries\sunid_lib\src\uartcom.c(15): warning:  #940-D: missing return statement at end of non-void function "USARTGetComData"
..\Libraries\sunid_lib\src\uartcom.c(11): warning:  #177-D: variable "buffer" was declared but never referenced
..\Libraries\sunid_lib\src\uartcom.c(12): warning:  #177-D: variable "count" was declared but never referenced
..\Libraries\sunid_lib\src\uartcom.c(13): warning:  #177-D: variable "rd_start" was declared but never referenced
..\Libraries\sunid_lib\src\uartcom.c(14): warning:  #177-D: variable "wr_start" was declared but never referenced
..\Libraries\sunid_lib\src\uartcom.c(15): error:  #77-D: this declaration has no storage class or type specifier
..\Libraries\sunid_lib\src\uartcom.c(16): error:  #757: variable "STDIO_BUF" is not a type name
error type>(162): error:  #247: function "USARTGetComData" has already been defined
..\Libraries\sunid_lib\src\uartcom.c(167): warning:  #223-D: function "VTimer_GetID" declared implicitly
..\Libraries\sunid_lib\src\uartcom.c(169): warning:  #223-D: function "VTimer_Set" declared implicitly
..\Libraries\sunid_lib\src\uartcom.c(171): warning:  #223-D: function "VTimer_IsFired" declared implicitly
..\Libraries\sunid_lib\src\uartcom.c(173): warning:  #223-D: function "VTimer_Release" declared implicitly
..\Libraries\sunid_lib\src\uartcom.c(250): warning:  #1-D: last line of file ends without a newline
creating preprocessor file for uart_printf.c...
compiling uart_printf.c...
..\Libraries\sunid_lib\inc\uart.h(43): error:  #130: expected a "{"
..\Libraries\sunid_lib\src\uart_printf.c(35): warning:  #12-D: parsing restarts here after previous syntax error
..\Libraries\sunid_lib\src\uart_printf.c(36): error:  #20: identifier "str" is undefined
..\Libraries\sunid_lib\src\uart_printf.c(37): error:  #20: identifier "c" is undefined
..\Libraries\sunid_lib\src\uart_printf.c(40): error:  #20: identifier "c" is undefined
..\Libraries\sunid_lib\src\uart_printf.c(41): warning:  #940-D: missing return statement at end of non-void function "USARTGetComData"
..\Libraries\sunid_lib\src\uart_printf.c(60): warning:  #223-D: function "printchar" declared implicitly
..\Libraries\sunid_lib\src\uart_printf.c(65): warning:  #223-D: function "printchar" declared implicitly
..\Libraries\sunid_lib\src\uart_printf.c(69): warning:  #223-D: function "printchar" declared implicitly
..\Libraries\sunid_lib\src\uart_printf.c(110): warning:  #223-D: function "printchar" declared implicitly
..\Libraries\sunid_lib\src\uart_printf.c(178): warning:  #223-D: function "printchar" declared implicitly
Target not created
Build target 'AccessControl'
creating preprocessor file for khoitest.c...
compiling khoitest.c...
creating preprocessor file for main.c...
compiling main.c...
creating preprocessor file for stm32f10x_it.c...
compiling stm32f10x_it.c...
creating preprocessor file for demo.c...
compiling demo.c...
creating preprocessor file for uart.c...
compiling uart.c...
creating preprocessor file for uartcom.c...
..\Libraries\sunid_lib\src\uartcom.c(250): warning:  #1-D: last line of file ends without a newline
compiling uartcom.c...
..\Libraries\sunid_lib\src\uartcom.c(250): warning:  #1-D: last line of file ends without a newline
creating preprocessor file for uart_printf.c...
compiling uart_printf.c...
linking...
Program Size: Code=1628 RO-data=320 RW-data=56 ZI-data=3552  
".\Debug\PlainReader.axf" - 0 Error(s), 1 Warning(s).
Build target 'AccessControl'
creating preprocessor file for uartcom.c...
compiling uartcom.c...
linking...
Program Size: Code=1628 RO-data=320 RW-data=56 ZI-data=3552  
".\Debug\PlainReader.axf" - 0 Error(s), 0 Warning(s).
Build target 'AccessControl'
creating preprocessor file for khoitest.c...
compiling khoitest.c...
SourceCode\khoitest.c(50): error:  #20: identifier "LED3" is undefined
SourceCode\khoitest.c(52): error:  #20: identifier "LED4" is undefined
SourceCode\khoitest.c(65): error:  #20: identifier "LEDBGND1" is undefined
SourceCode\khoitest.c(66): error:  #20: identifier "LEDBGND2" is undefined
SourceCode\khoitest.c(85): error:  #20: identifier "LEDRED" is undefined
SourceCode\khoitest.c(93): error:  #20: identifier "LED3" is undefined
SourceCode\khoitest.c(97): error:  #20: identifier "LED4" is undefined
creating preprocessor file for main.c...
compiling main.c...
SourceCode\main.c(92): warning:  #223-D: function "test_USARTCOM" declared implicitly
creating preprocessor file for stm32f10x_it.c...
compiling stm32f10x_it.c...
creating preprocessor file for demo.c...
compiling demo.c...
creating preprocessor file for STM32sunidMainSmall.c...
compiling STM32sunidMainSmall.c...
..\Utilities\STM32sunidMainSmall.c(21): error:  #20: identifier "LED1_GPIO_PORT" is undefined
..\Utilities\STM32sunidMainSmall.c(21): error:  #146: too many initializer values
..\Utilities\STM32sunidMainSmall.c(21): error:  #20: identifier "LED3_GPIO_PORT" is undefined
..\Utilities\STM32sunidMainSmall.c(21): error:  #20: identifier "LED4_GPIO_PORT" is undefined
..\Utilities\STM32sunidMainSmall.c(22): error:  #20: identifier "LEDBGND1_GPIO_PORT" is undefined
..\Utilities\STM32sunidMainSmall.c(22): error:  #20: identifier "LEDBGND2_GPIO_PORT" is undefined
..\Utilities\STM32sunidMainSmall.c(24): error:  #20: identifier "LED1_PIN" is undefined
..\Utilities\STM32sunidMainSmall.c(24): error:  #146: too many initializer values
..\Utilities\STM32sunidMainSmall.c(24): error:  #20: identifier "LED3_PIN" is undefined
..\Utilities\STM32sunidMainSmall.c(24): error:  #20: identifier "LED4_PIN" is undefined
..\Utilities\STM32sunidMainSmall.c(24): error:  #20: identifier "LEDBGND1_PIN" is undefined
..\Utilities\STM32sunidMainSmall.c(24): error:  #20: identifier "LEDBGND2_PIN" is undefined
..\Utilities\STM32sunidMainSmall.c(26): error:  #20: identifier "LED1_GPIO_CLK" is undefined
..\Utilities\STM32sunidMainSmall.c(26): error:  #146: too many initializer values
..\Utilities\STM32sunidMainSmall.c(26): error:  #20: identifier "LED3_GPIO_CLK" is undefined
..\Utilities\STM32sunidMainSmall.c(26): error:  #20: identifier "LED4_GPIO_CLK" is undefined
..\Utilities\STM32sunidMainSmall.c(27): error:  #20: identifier "LEDBGND1_GPIO_CLK" is undefined
..\Utilities\STM32sunidMainSmall.c(27): error:  #20: identifier "LEDBGND2_GPIO_CLK" is undefined
..\Utilities\STM32sunidMainSmall.c(83): error:  #20: identifier "LED4" is undefined
creating preprocessor file for i2c.c...
compiling i2c.c...
creating preprocessor file for touchpad.c...
compiling touchpad.c...
..\Libraries\sunid_lib\src\touchpad.c(145): warning:  #188-D: enumerated type mixed with another type
creating preprocessor file for uart.c...
compiling uart.c...
creating preprocessor file for VTimer.c...
compiling VTimer.c...
creating preprocessor file for uartcom.c...
compiling uartcom.c...
creating preprocessor file for uart_printf.c...
compiling uart_printf.c...
Target not created
Build target 'AccessControl'
compiling khoitest.c...
SourceCode\khoitest.c(50): error:  #20: identifier "LED3" is undefined
SourceCode\khoitest.c(52): error:  #20: identifier "LED4" is undefined
SourceCode\khoitest.c(65): error:  #20: identifier "LEDBGND1" is undefined
SourceCode\khoitest.c(66): error:  #20: identifier "LEDBGND2" is undefined
SourceCode\khoitest.c(85): error:  #20: identifier "LEDRED" is undefined
SourceCode\khoitest.c(93): error:  #20: identifier "LED3" is undefined
SourceCode\khoitest.c(97): error:  #20: identifier "LED4" is undefined
creating preprocessor file for STM32sunidMainSmall.c...
compiling STM32sunidMainSmall.c...
..\Utilities\STM32sunidMainSmall.c(21): error:  #20: identifier "LED1_GPIO_PORT" is undefined
..\Utilities\STM32sunidMainSmall.c(23): error:  #20: identifier "LED1_PIN" is undefined
..\Utilities\STM32sunidMainSmall.c(25): error:  #20: identifier "LED1_GPIO_CLK" is undefined
..\Utilities\STM32sunidMainSmall.c(81): error:  #20: identifier "LED4" is undefined
Target not created
Build target 'AccessControl'
creating preprocessor file for khoitest.c...
compiling khoitest.c...
SourceCode\khoitest.c(62): error:  #20: identifier "LEDBGND1" is undefined
SourceCode\khoitest.c(63): error:  #20: identifier "LEDBGND2" is undefined
SourceCode\khoitest.c(82): error:  #20: identifier "LEDRED" is undefined
SourceCode\khoitest.c(90): error:  #20: identifier "LED3" is undefined
SourceCode\khoitest.c(94): error:  #20: identifier "LED4" is undefined
compiling STM32sunidMainSmall.c...
..\Utilities\STM32sunidMainSmall.c(21): error:  #20: identifier "LED1_GPIO_PORT" is undefined
..\Utilities\STM32sunidMainSmall.c(23): error:  #20: identifier "LED1_PIN" is undefined
..\Utilities\STM32sunidMainSmall.c(25): error:  #20: identifier "LED1_GPIO_CLK" is undefined
..\Utilities\STM32sunidMainSmall.c(81): error:  #20: identifier "LED4" is undefined
Target not created
Build target 'AccessControl'
creating preprocessor file for khoitest.c...
compiling khoitest.c...
SourceCode\khoitest.c(81): error:  #20: identifier "LEDRED" is undefined
compiling STM32sunidMainSmall.c...
..\Utilities\STM32sunidMainSmall.c(21): error:  #20: identifier "LED1_GPIO_PORT" is undefined
..\Utilities\STM32sunidMainSmall.c(23): error:  #20: identifier "LED1_PIN" is undefined
..\Utilities\STM32sunidMainSmall.c(25): error:  #20: identifier "LED1_GPIO_CLK" is undefined
..\Utilities\STM32sunidMainSmall.c(81): error:  #20: identifier "LED4" is undefined
Target not created
Build target 'AccessControl'
creating preprocessor file for khoitest.c...
compiling khoitest.c...
creating preprocessor file for main.c...
compiling main.c...
SourceCode\main.c(92): warning:  #223-D: function "test_USARTCOM" declared implicitly
creating preprocessor file for stm32f10x_it.c...
compiling stm32f10x_it.c...
creating preprocessor file for demo.c...
compiling demo.c...
creating preprocessor file for STM32sunidMainSmall.c...
compiling STM32sunidMainSmall.c...
..\Utilities\STM32sunidMainSmall.c(81): error:  #20: identifier "LED4" is undefined
creating preprocessor file for i2c.c...
compiling i2c.c...
creating preprocessor file for touchpad.c...
compiling touchpad.c...
..\Libraries\sunid_lib\src\touchpad.c(145): warning:  #188-D: enumerated type mixed with another type
creating preprocessor file for uart.c...
compiling uart.c...
creating preprocessor file for VTimer.c...
compiling VTimer.c...
creating preprocessor file for uartcom.c...
compiling uartcom.c...
creating preprocessor file for uart_printf.c...
compiling uart_printf.c...
Target not created
Build target 'AccessControl'
creating preprocessor file for main.c...
compiling main.c...
compiling STM32sunidMainSmall.c...
..\Utilities\STM32sunidMainSmall.c(81): error:  #20: identifier "LED4" is undefined
Target not created
Build target 'AccessControl'
creating preprocessor file for STM32sunidMainSmall.c...
compiling STM32sunidMainSmall.c...
linking...
Program Size: Code=3060 RO-data=320 RW-data=56 ZI-data=3552  
".\Debug\PlainReader.axf" - 0 Error(s), 0 Warning(s).
Load "E:\\OX_Doc\\KCNTT_2011\\Working\\SunIDProject\\Firmware\\MainControlSimple\\Project\\Debug\\PlainReader.AXF" 
Build target 'AccessControl'
linking...
Program Size: Code=3060 RO-data=320 RW-data=56 ZI-data=3552  
".\Debug\PlainReader.axf" - 0 Error(s), 0 Warning(s).
Load "E:\\OX_Doc\\KCNTT_2011\\Working\\SunIDProject\\Firmware\\MainControlSimple\\Project\\Debug\\PlainReader.AXF" 
Build target 'AccessControl'
linking...
Program Size: Code=3060 RO-data=320 RW-data=56 ZI-data=3552  
".\Debug\PlainReader.axf" - 0 Error(s), 0 Warning(s).
Load "E:\\OX_Doc\\KCNTT_2011\\Working\\SunIDProject\\Firmware\\MainControlSimple\\Project\\Debug\\PlainReader.AXF" 
Load "E:\\OX_Doc\\KCNTT_2011\\Working\\SunIDProject\\Firmware\\MainControlSimple\\Project\\Debug\\PlainReader.AXF" 
Load "E:\\OX_Doc\\KCNTT_2011\\Working\\SunIDProject\\Firmware\\MainControlSimple\\Project\\Debug\\PlainReader.AXF" 
                                                                                                                                                                                             ((uint32_t)0x0000C000) ”GPIO_CRL_CNF3_0 ((uint32_t)0x00004000) ‘GPIO_CRL_CNF3_1 ((uint32_t)0x00008000) ÷GPIO_CRL_CNF4 ((uint32_t)0x000C0000) ◊GPIO_CRL_CNF4_0 ((uint32_t)0x00040000) ÿGPIO_CRL_CNF4_1 ((uint32_t)0x00080000) ⁄GPIO_CRL_CNF5 ((uint32_t)0x00C00000) €GPIO_CRL_CNF5_0 ((uint32_t)0x00400000) ‹GPIO_CRL_CNF5_1 ((uint32_t)0x00800000) ﬁGPIO_CRL_CNF6 ((uint32_t)0x0C000000) ﬂGPIO_CRL_CNF6_0 ((uint32_t)0x04000000) ‡GPIO_CRL_CNF6_1 ((uint32_t)0x08000000) ‚GPIO_CRL_CNF7 ((uint32_t)0xC0000000) „GPIO_CRL_CNF7_0 ((uint32_t)0x40000000) ‰GPIO_CRL_CNF7_1 ((uint32_t)0x80000000) ÁGPIO_CRH_MODE ((uint32_t)0x33333333) ÈGPIO_CRH_MODE8 ((uint32_t)0x00000003) ÍGPIO_CRH_MODE8_0 ((uint32_t)0x00000001) ÎGPIO_CRH_MODE8_1 ((uint32_t)0x00000002) ÌGPIO_CRH_MODE9 ((uint32_t)0x00000030) ÓGPIO_CRH_MODE9_0 ((uint32_t)0x00000010) ÔGPIO_CRH_MODE9_1 ((uint32_t)0x00000020) ÒGPIO_CRH_MODE10 ((uint32_t)0x00000300) ÚGPIO_CRH_MODE10_0 ((uint32_t)0x00000100) ÛGPIO_CRH_MODE10_1 ((uint32_t)0x00000200) ıGPIO_CRH_MODE11 ((uint32_t)0x00003000) ˆGPIO_CRH_MODE11_0 ((uint32_t)0x00001000) ˜GPIO_CRH_MODE11_1 ((uint32_t)0x00002000) ˘GPIO_CRH_MODE12 ((uint32_t)0x00030000) ˙GPIO_CRH_MODE12_0 ((uint32_t)0x00010000) ˚GPIO_CRH_MODE12_1 ((uint32_t)0x00020000) ˝GPIO_CRH_MODE13 ((uint32_t)0x00300000) ˛GPIO_CRH_MODE13_0 ((uint32_t)0x00100000) ˇGPIO_CRH_MODE13_1 ((uint32_t)0x00200000) ÅGPIO_CRH_MODE14 ((uint32_t)0x03000000) ÇGPIO_CRH_MODE14_0 ((uint32_t)0x01000000) ÉGPIO_CRH_MODE14_1 ((uint32_t)0x02000000) ÖGPIO_CRH_MODE15 ((uint32_t)0x30000000) ÜGPIO_CRH_MODE15_0 ((uint32_t)0x10000000) áGPIO_CRH_MODE15_1 ((uint32_t)0x20000000) âGPIO_CRH_CNF ((uint32_t)0xCCCCCCCC) ãGPIO_CRH_CNF8 ((uint32_t)0x0000000C) åGPIO_CRH_CNF8_0 ((uint32_t)0x00000004) çGPIO_CRH_CNF8_1 ((uint32_t)0x00000008) èGPIO_CRH_CNF9 ((uint32_t)0x000000C0) êGPIO_CRH_CNF9_0 ((uint32_t)0x00000040) ëGPIO_CRH_CNF9_1 ((uint32_t)0x00000080) ìGPIO_CRH_CNF10 ((uint32_t)0x00000C00) îGPIO_CRH_CNF10_0 ((uint32_t)0x00000400) ïGPIO_CRH_CNF10_1 ((uint32_t)0x00000800) óGPIO_CRH_CNF11 ((uint32_t)0x0000C000) òGPIO_CRH_CNF11_0 ((uint32_t)0x00004000) ôGPIO_CRH_CNF11_1 ((uint32_t)0x00008000) õGPIO_CRH_CNF12 ((uint32_t)0x000C0000) úGPIO_CRH_CNF12_0 ((uint32_t)0x00040000) ùGPIO_CRH_CNF12_1 ((uint32_t)0x00080000) üGPIO_CRH_CNF13 ((uint32_t)0x00C00000) †GPIO_CRH_CNF13_0 ((uint32_t)0x00400000) °GPIO_CRH_CNF13_1 ((uint32_t)0x00800000) £GPIO_CRH_CNF14 ((uint32_t)0x0C000000) §GPIO_CRH_CNF14_0 ((uint32_t)0x04000000) •GPIO_CRH_CNF14_1 ((uint32_t)0x08000000) ßGPIO_CRH_CNF15 ((uint32_t)0xC0000000) ®GPIO_CRH_CNF15_0 ((uint32_t)0x40000000) ©GPIO_CRH_CNF15_1 ((uint32_t)0x80000000) ¨GPIO_IDR_IDR0 ((uint16_t)0x0001) ≠GPIO_IDR_IDR1 ((uint16_t)0x0002) ÆGPIO_IDR_IDR2 ((uint16_t)0x0004) ØGPIO_IDR_IDR3 ((uint16_t)0x0008) ∞GPIO_IDR_IDR4 ((uint16_t)0x0010) ±GPIO_IDR_IDR5 ((uint16_t)0x0020) ≤GPIO_IDR_IDR6 ((uint16_t)0x0040) ≥GPIO_IDR_IDR7 ((uint16_t)0x0080) ¥GPIO_IDR_IDR8 ((uint16_t)0x0100) µGPIO_IDR_IDR9 ((uint16_t)0x0200) ∂GPIO_IDR_IDR10 ((uint16_t)0x0400) ∑GPIO_IDR_IDR11 ((uint16_t)0x0800) ∏GPIO_IDR_IDR12 ((uint16_t)0x1000) πGPIO_IDR_IDR13 ((uint16_t)0x2000) ∫GPIO_IDR_IDR14 ((uint16_t)0x4000) ªGPIO_IDR_IDR15 ((uint16_t)0x8000) æGPIO_ODR_ODR0 ((uint16_t)0x0001) øGPIO_ODR_ODR1 ((uint16_t)0x0002) ¿GPIO_ODR_ODR2 ((uint16_t)0x0004) ¡GPIO_ODR_ODR3 ((uint16_t)0x0008) ¬GPIO_ODR_ODR4 ((uint16_t)0x0010) √GPIO_ODR_ODR5 ((uint16_t)0x0020) ƒGPIO_ODR_ODR6 ((uint16_t)0x0040) ≈GPIO_ODR_ODR7 ((uint16_t)0x0080) ∆GPIO_ODR_ODR8 ((uint16_t)0x0100) «GPIO_ODR_ODR9 ((uint16_t)0x0200) »GPIO_ODR_ODR10 ((uint16_t)0x0400) …GPIO_ODR_ODR11 ((uint16_t)0x0800)  GPIO_ODR_ODR12 ((uint16_t)0x1000) ÀGPIO_ODR_ODR13 ((uint16_t)0x2000) ÃGPIO_ODR_ODR14 ((uint16_t)0x4000) ÕGPIO_ODR_ODR15 ((uint16_t)0x8000) –GPIO_BSRR_BS0 ((uint32_t)0x00000001) —GPIO_BSRR_BS1 ((uint32_t)0x00000002) “GPIO_BSRR_BS2 ((uint32_t)0x00000004) ”GPIO_BSRR_BS3 ((uint32_t)0x00000008) ‘GPIO_BSRR_BS4 ((uint32_t)0x00000010) ’GPIO_BSRR_BS5 ((uint32_t)0x00000020) ÷GPIO_BSRR_BS6 ((uint32_t)0x00000040) ◊GPIO_BSRR_BS7 ((uint32_t)0x00000080) ÿGPIO_BSRR_BS8 ((uint32_t)0x00000100) ŸGPIO_BSRR_BS9 ((uint32_t)0x00000200) ⁄GPIO_BSRR_BS10 ((uint32_t)0x00000400) €GPIO_BSRR_BS11 ((uint32_t)0x00000800) ‹GPIO_BSRR_BS12 ((uint32_t)0x00001000) ›GPIO_BSRR_BS13 ((uint32_t)0x00002000) ﬁGPIO_BSRR_BS14 ((uint32_t)0x00004000) ﬂGPIO_BSRR_BS15 ((uint32_t)0x00008000) ·GPIO_BSRR_BR0 ((uint32_t)0x00010000) ‚GPIO_BSRR_BR1 ((uint32_t)0x00020000) „GPIO_BSRR_BR2 ((uint32_t)0x00040000) ‰GPIO_BSRR_BR3 ((uint32_t)0x00080000) ÂGPIO_BSRR_BR4 ((uint32_t)0x00100000) ÊGPIO_BSRR_BR5 ((uint32_t)0x00200000) ÁGPIO_BSRR_BR6 ((uint32_t)0x00400000) ËGPIO_BSRR_BR7 ((uint32_t)0x00800000) ÈGPIO_BSRR_BR8 ((uint32_t)0x01000000) ÍGPIO_BSRR_BR9 ((uint32_t)0x02000000) ÎGPIO_BSRR_BR10 ((uint32_t)0x04000000) ÏGPIO_BSRR_BR11 ((uint32_t)0x08000000) ÌGPIO_BSRR_BR12 ((uint32_t)0x10000000) ÓGPIO_BSRR_BR13 ((uint32_t)0x20000000) ÔGPIO_BSRR_BR14 ((uint32_t)0x40000000) GPIO_BSRR_BR15 ((uint32_t)0x80000000) ÛGPIO_BRR_BR0 ((uint16_t)0x0001) ÙGPIO_BRR_BR1 ((uint16_t)0x0002) ıGPIO_BRR_BR2 ((uint16_t)0x0004) ˆGPIO_BRR_BR3 ((uint16_t)0x0008) ˜GPIO_BRR_BR4 ((uint16_t)0x0010) ¯GPIO_BRR_BR5 ((uint16_t)0x0020) ˘GPIO_BRR_BR6 ((uint16_t)0x0040) ˙GPIO_BRR_BR7 ((uint16_t)0x0080) ˚GPIO_BRR_BR8 ((uint16_t)0x0100) ¸GPIO_BRR_BR9 ((uint16_t)0x0200) ˝GPIO_BRR_BR10 ((uint16_t)0x0400) ˛GPIO_BRR_BR11 ((uint16_t)0x0800) ˇGPIO_BRR_BR12 ((uint16_t)0x1000) ÄGPIO_BRR_BR13 ((uint16_t)0x2000) ÅGPIO_BRR_BR14 ((uint16_t)0x4000) ÇGPIO_BRR_BR15 ((uint16_t)0x8000) ÖGPIO_LCKR_LCK0 ((uint32_t)0x00000001) ÜGPIO_LCKR_LCK1 ((uint32_t)0x00000002) áGPIO_LCKR_LCK2 ((uint32_t)0x00000004) àGPIO_LCKR_LCK3 ((uint32_t)0x00000008) âGPIO_LCKR_LCK4 ((uint32_t)0x00000010) äGPIO_LCKR_LCK5 ((uint32_t)0x00000020) ãGPIO_LCKR_LCK6 ((uint32_t)0x00000040) åGPIO_LCKR_LCK7 ((uint32_t)0x00000080) çGPIO_LCKR_LCK8 ((uint32_t)0x00000100) éGPIO_LCKR_LCK9 ((uint32_t)0x00000200) èGPIO_LCKR_LCK10 ((uint32_t)0x00000400) êGPIO_LCKR_LCK11 ((uint32_t)0x00000800) ëGPIO_LCKR_LCK12 ((uint32_t)0x00001000) íGPIO_LCKR_LCK13 ((uint32_t)0x00002000) ìGPIO_LCKR_LCK14 ((uint32_t)0x00004000) îGPIO_LCKR_LCK15 ((uint32_t)0x00008000) ïGPIO_LCKR_LCKK ((uint32_t)0x00010000) öAFIO_EVCR_PIN ((uint8_t)0x0F) õAFIO_EVCR_PIN_0 ((uint8_t)0x01) úAFIO_EVCR_PIN_1 ((uint8_t)0x02) ùAFIO_EVCR_PIN_2 ((uint8_t)0x04) ûAFIO_EVCR_PIN_3 ((uint8_t)0x08) °AFIO_EVCR_PIN_PX0 ((uint8_t)0x00) ¢AFIO_EVCR_PIN_PX1 ((uint8_t)0x01) £AFIO_EVCR_PIN_PX2 ((uint8_t)0x02) §AFIO_EVCR_PIN_PX3 ((uint8_t)0x03) •AFIO_EVCR_PIN_PX4 ((uint8_t)0x04) ¶AFIO_EVCR_PIN_PX5 ((uint8_t)0x05) ßAFIO_EVCR_PIN_PX6 ((uint8_t)0x06) ®AFIO_EVCR_PIN_PX7 ((uint8_t)0x07) ©AFIO_EVCR_PIN_PX8 ((uint8_t)0x08) ™AFIO_EVCR_PIN_PX9 ((uint8_t)0x09) ´AFIO_EVCR_PIN_PX10 ((uint8_t)0x0A) ¨AFIO_EVCR_PIN_PX11 ((uint8_t)0x0B) ≠AFIO_EVCR_PIN_PX12 ((uint8_t)0x0C) ÆAFIO_EVCR_PIN_PX13 ((uint8_t)0x0D) ØAFIO_EVCR_PIN_PX14 ((uint8_t)0x0E) ∞AFIO_EVCR_PIN_PX15 ((uint8_t)0x0F) ≤AFIO_EVCR_PORT ((uint8_t)0x70) ≥AFIO_EVCR_PORT_0 ((uint8_t)0x10) ¥AFIO_EVCR_PORT_1 ((uint8_t)0x20) µAFIO_EVCR_PORT_2 ((uint8_t)0x40) ∏AFIO_EVCR_PORT_PA ((uint8_t)0x00) πAFIO_EVCR_PORT_PB ((uint8_t)0x10) ∫AFIO_EVCR_PORT_PC ((uint8_t)0x20) ªAFIO_EVCR_PORT_PD ((uint8_t)0x30) ºAFIO_EVCR_PORT_PE ((uint8_t)0x40) æAFIO_EVCR_EVOE ((uint8_t)0x80) ¡AFIO_MAPR_SPI1_REMAP ((uint32_t)0x00000001) ¬AFIO_MAPR_I2C1_REMAP ((uint32_t)0x00000002) √AFIO_MAPR_USART1_REMAP ((uint32_t)0x00000004) ƒAFIO_MAPR_USART2_REMAP ((uint32_t)0x00000008) ∆AFIO_MAPR_USART3_REMAP ((uint32_t)0x00000030) «AFIO_MAPR_USART3_REMAP_0 ((uint32_t)0x00000010) »AFIO_MAPR_USART3_REMAP_1 ((uint32_t)0x00000020) ÀAFIO_MAPR_USART3_REMAP_NOREMAP ((uint32_t)0x00000000) ÃAFIO_MAPR_USART3_REMAP_PARTIALREMAP ((uint32_t)0x00000010) ÕAFIO_MAPR_USART3_REMAP_FULLREMAP ((uint32_t)0x00000030) œAFIO_MAPR_TIM1_REMAP ((uint32_t)0x000000C0) –AFIO_MAPR_TIM1_REMAP_0 ((uint32_t)0x00000040) —AFIO_MAPR_TIM1_REMAP_1 ((uint32_t)0x00000080) ‘AFIO_MAPR_TIM1_REMAP_NOREMAP ((uint32_t)0x00000000) ’AFIO_MAPR_TIM1_REMAP_PARTIALREMAP ((uint32_t)0x00000040) ÷AFIO_MAPR_TIM1_REMAP_FULLREMAP ((uint32_t)0x000000C0) ÿAFIO_MAPR_TIM2_REMAP ((uint32_t)0x00000300) ŸAFIO_MAPR_TIM2_REMAP_0 ((uint32_t)0x00000100) ⁄AFIO_MAPR_TIM2_REMAP_1 ((uint32_t)0x00000200) ›AFIO_MAPR_TIM2_REMAP_NOREMAP ((uint32_t)0x00000000) ﬁAFIO_MAPR_TIM2_REMAP_PARTIALREMAP1 ((uint32_t)0x00000100) ﬂAFIO_MAPR_TIM2_REMAP_PARTIALREMAP2 ((uint32_t)0x00000200) ‡AFIO_MAPR_TIM2_REMAP_FULLREMAP ((uint32_t)0x00000300) ‚AFIO_MAPR_TIM3_REMAP ((uint32_t)0x00000C00) „AFIO_MAPR_TIM3_REMAP_0 ((uint32_t)0x00000400) ‰AFIO_MAPR_TIM3_REMAP_1 ((uint32_t)0x00000800) ÁAFIO_MAPR_TIM3_REMAP_NOREMAP ((uint32_t)0x00000000) ËAFIO_MAPR_TIM3_REMAP_PARTIALREMAP ((uint32_t)0x00000800) ÈAFIO_MAPR_TIM3_REMAP_FULLREMAP ((uint32_t)0x00000C00) ÎAFIO_MAPR_TIM4_REMAP ((uint32_t)0x00001000) ÌAFIO_MAPR_CAN_REMAP ((uint32_t)0x00006000) ÓAFIO_MAPR_CAN_REMAP_0 ((uint32_t)0x00002000) ÔAFIO_MAPR_CAN_REMAP_1 ((uint32_t)0x00004000) ÚAFIO_MAPR_CAN_REMAP_REMAP1 ((uint32_t)0x00000000) ÛAFIO_MAPR_CAN_REMAP_REMAP2 ((uint32_t)0x00004000) ÙAFIO_MAPR_CAN_REMAP_REMAP3 ((uint32_t)0x00006000) ˆAFIO_MAPR_PD01_REMAP ((uint32_t)0x00008000) ˜AFIO_MAPR_TIM5CH4_IREMAP ((uint32_t)0x00010000) ¯AFIO_MAPR_ADC1_ETRGINJ_REMAP ((uint32_t)0x00020000) ˘AFIO_MAPR_ADC1_ETRGREG_REMAP ((uint32_t)0x00040000) ˙AFIO_MAPR_ADC2_ETRGINJ_REMAP ((uint32_t)0x00080000) ˚AFIO_MAPR_ADC2_ETRGREG_REMAP ((uint32_t)0x00100000) ˛AFIO_MAPR_SWJ_CFG ((uint32_t)0x07000000) ˇAFIO_MAPR_SWJ_CFG_0 ((uint32_t)0x01000000) ÄAFIO_MAPR_SWJ_CFG_1 ((uint32_t)0x02000000) ÅAFIO_MAPR_SWJ_CFG_2 ((uint32_t)0x04000000) ÉAFIO_MAPR_SWJ_CFG_RESET ((uint32_t)0x00000000) ÑAFIO_MAPR_SWJ_CFG_NOJNTRST ((uint32_t)0x01000000) ÖAFIO_MAPR_SWJ_CFG_JTAGDISABLE ((uint32_t)0x02000000) ÜAFIO_MAPR_SWJ_CFG_DISABLE ((uint32_t)0x04000000) ùAFIO_EXTICR1_EXTI0 ((uint16_t)0x000F) ûAFIO_EXTICR1_EXTI1 ((uint16_t)0x00F0) üAFIO_EXTICR1_EXTI2 ((uint16_t)0x0F00) †AFIO_EXTICR1_EXTI3 ((uint16_t)0xF000) £AFIO_EXTICR1_EXTI0_PA ((uint16_t)0x0000) §AFIO_EXTICR1_EXTI0_PB ((uint16_t)0x0001) •AFIO_EXTICR1_EXTI0_PC ((uint16_t)0x0002) ¶AFIO_EXTICR1_EXTI0_PD ((uint16_t)0x0003) ßAFIO_EXTICR1_EXTI0_PE ((uint16_t)0x0004) ®AFIO_EXTICR1_EXTI0_PF ((uint16_t)0x0005) ©AFIO_EXTICR1_EXTI0_PG ((uint16_t)0x0006) ¨AFIO_EXTICR1_EXTI1_PA ((uint16_t)0x0000) ≠AFIO_EXTICR1_EXTI1_PB ((uint16_t)0x0010) ÆAFIO_EXTICR1_EXTI1_PC ((uint16_t)0x0020) ØAFIO_EXTICR1_EXTI1_PD ((uint16_t)0x0030) ∞AFIO_EXTICR1_EXTI1_PE ((uint16_t)0x0040) ±AFIO_EXTICR1_EXTI1_PF ((uint16_t)0x0050) ≤AFIO_EXTICR1_EXTI1_PG ((uint16_t)0x0060) µAFIO_EXTICR1_EXTI2_PA ((uint16_t)0x0000) ∂AFIO_EXTICR1_EXTI2_PB ((uint16_t)0x0100) ∑AFIO_EXTICR1_EXTI2_PC ((uint16_t)0x0200) ∏AFIO_EXTICR1_EXTI2_PD ((uint16_t)0x0300) πAFIO_EXTICR1_EXTI2_PE ((uint16_t)0x0400) ∫AFIO_EXTICR1_EXTI2_PF ((uint16_t)0x0500) ªAFIO_EXTICR1_EXTI2_PG ((uint16_t)0x0600) æAFIO_EXTICR1_EXTI3_PA ((uint16_t)0x0000) øAFIO_EXTICR1_EXTI3_PB ((uint16_t)0x1000) ¿AFIO_EXTICR1_EXTI3_PC ((uint16_t)0x2000) ¡AFIO_EXTICR1_EXTI3_PD ((uint16_t)0x3000) ¬AFIO_EXTICR1_EXTI3_PE ((uint16_t)0x4000) √AFIO_EXTICR1_EXTI3_PF ((uint16_t)0x5000) ƒAFIO_EXTICR1_EXTI3_PG ((uint16_t)0x6000) «AFIO_EXTICR2_EXTI4 ((uint16_t)0x000F) »AFIO_EXTICR2_EXTI5 ((uint16_t)0x00F0) …AFIO_EXTICR2_EXTI6 ((uint16_t)0x0F00)  AFIO_EXTICR2_EXTI7 ((uint16_t)0xF000) ÕAFIO_EXTICR2_EXTI4_PA ((uint16_t)0x0000) ŒAFIO_EXTICR2_EXTI4_PB ((uint16_t)0x0001) œAFIO_EXTICR2_EXTI4_PC ((uint16_t)0x0002) –AFIO_EXTICR2_EXTI4_PD ((uint16_t)0x0003) —AFIO_EXTICR2_EXTI4_PE ((uint16_t)0x0004) “AFIO_EXTICR2_EXTI4_PF ((uint16_t)0x0005) ”AFIO_EXTICR2_EXTI4_PG ((uint16_t)0x0006) ÷AFIO_EXTICR2_EXTI5_PA ((uint16_t)0x0000) ◊AFIO_EXTICR2_EXTI5_PB ((uint16_t)0x0010) ÿAFIO_EXTICR2_EXTI5_PC ((uint16_t)0x0020) ŸAFIO_EXTICR2_EXTI5_PD ((uint16_t)0x0030) ⁄AFIO_EXTICR2_EXTI5_PE ((uint16_t)0x0040) €AFIO_EXTICR2_EXTI5_PF ((uint16_t)0x0050) ‹AFIO_EXTICR2_EXTI5_PG ((uint16_t)0x0060) ﬂAFIO_EXTICR2_EXTI6_PA ((uint16_t)0x0000) ‡AFIO_EXTICR2_EXTI6_PB ((uint16_t)0x0100) ·AFIO_EXTICR2_EXTI6_PC ((uint16_t)0x0200) ‚AFIO_EXTICR2_EXTI6_PD ((uint16_t)0x0300) „AFIO_EXTICR2_EXTI6_PE ((uint16_t)0x0400) ‰AFIO_EXTICR2_EXTI6_PF ((uint16_t)0x0500) ÂAFIO_EXTICR2_EXTI6_PG ((uint16_t)0x0600) ËAFIO_EXTICR2_EXTI7_PA ((uint16_t)0x0000) ÈAFIO_EXTICR2_EXTI7_PB ((uint16_t)0x1000) ÍAFIO_EXTICR2_EXTI7_PC ((uint16_t)0x2000) ÎAFIO_EXTICR2_EXTI7_PD ((uint16_t)0x3000) ÏAFIO_EXTICR2_EXTI7_PE ((uint16_t)0x4000) ÌAFIO_EXTICR2_EXTI7_PF ((uint16_t)0x5000) ÓAFIO_EXTICR2_EXTI7_PG ((uint16_t)0x6000) ÒAFIO_EXTICR3_EXTI8 ((uint16_t)0x000F) ÚAFIO_EXTICR3_EXTI9 ((uint16_t)0x00F0) ÛAFIO_EXTICR3_EXTI10 ((uint16_t)0x0F00) ÙAFIO_EXTICR3_EXTI11 ((uint16_t)0xF000) ˜AFIO_EXTICR3_EXTI8_PA ((uint16_t)0x0000) ¯AFIO_EXTICR3_EXTI8_PB ((uint16_t)0x0001) ˘AFIO_EXTICR3_EXTI8_PC ((uint16_t)0x0002) ˙AFIO_EXTICR3_EXTI8_PD ((uint16_t)0x0003) ˚AFIO_EXTICR3_EXTI8_PE ((uint16_t)0x0004) ¸AFIO_EXTICR3_EXTI8_PF ((uint16_t)0x0005) ˝AFIO_EXTICR3_EXTI8_PG ((uint16_t)0x0006) ÄAFIO_EXTICR3_EXTI9_PA ((uint16_t)0x0000) ÅAFIO_EXTICR3_EXTI9_PB ((uint16_t)0x0010) ÇAFIO_EXTICR3_EXTI9_PC ((uint16_t)0x0020) ÉAFIO_EXTICR3_EXTI9_PD ((uint16_t)0x0030) ÑAFIO_EXTICR3_EXTI9_PE ((uint16_t)0x0040) ÖAFIO_EXTICR3_EXTI9_PF ((uint16_t)0x0050) ÜAFIO_EXTICR3_EXTI9_PG ((uint16_t)0x0060) âAFIO_EXTICR3_EXTI10_PA ((uint16_t)0x0000) äAFIO_EXTICR3_EXTI10_PB ((uint16_t)0x0100) ãAFIO_EXTICR3_EXTI10_PC ((uint16_t)0x0200) åAFIO_EXTICR3_EXTI10_PD ((uint16_t)0x0300) çAFIO_EXTICR3_EXTI10_PE ((uint16_t)0x0400) éAFIO_EXTICR3_EXTI10_PF ((uint16_t)0x0500) èAFIO_EXTICR3_EXTI10_PG ((uint16_t)0x0600) íAFIO_EXTICR3_EXTI11_PA ((uint16_t)0x0000) ìAFIO_EXTICR3_EXTI11_PB ((uint16_t)0x1000) îAFIO_EXTICR3_EXTI11_PC ((uint16_t)0x2000) ïAFIO_EXTICR3_EXTI11_PD ((uint16_t)0x3000) ñAFIO_EXTICR3_EXTI11_PE ((uint16_t)0x4000) óAFIO_EXTICR3_EXTI11_PF ((uint16_t)0x5000) òAFIO_EXTICR3_EXTI11_PG ((uint16_t)0x6000) õAFIO_EXTICR4_EXTI12 ((uint16_t)0x000F) úAFIO_EXTICR4_EXTI13 ((uint16_t)0x00F0) ùAFIO_EXTICR4_EXTI14 ((uint16_t)0x0F00) ûAFIO_EXTICR4_EXTI15 ((uint16_t)0xF000) °AFIO_EXTICR4_EXTI12_PA ((uint16_t)0x0000) ¢AFIO_EXTICR4_EXTI12_PB ((uint16_t)0x0001) £AFIO_EXTICR4_EXTI12_PC ((uint16_t)0x0002) §AFIO_EXTICR4_EXTI12_PD ((uint16_t)0x0003) •AFIO_EXTICR4_EXTI12_PE ((uint16_t)0x0004) ¶AFIO_EXTICR4_EXTI12_PF ((uint16_t)0x0005) ßAFIO_EXTICR4_EXTI12_PG ((uint16_t)0x0006) ™AFIO_EXTICR4_EXTI13_PA ((uint16_t)0x0000) ´AFIO_EXTICR4_EXTI13_PB ((uint16_t)0x0010) ¨AFIO_EXTICR4_EXTI13_PC ((uint16_t)0x0020) ≠AFIO_EXTICR4_EXTI13_PD ((uint16_t)0x0030) ÆAFIO_EXTICR4_EXTI13_PE ((uint16_t)0x0040) ØAFIO_EXTICR4_EXTI13_PF ((uint16_t)0x0050) ∞AFIO_EXTICR4_EXTI13_PG ((uint16_t)0x0060) ≥AFIO_EXTICR4_EXTI14_PA ((uint16_t)0x0000) ¥AFIO_EXTICR4_EXTI14_PB ((uint16_t)0x0100) µAFIO_EXTICR4_EXTI14_PC ((uint16_t)0x0200) ∂AFIO_EXTICR4_EXTI14_PD ((uint16_t)0x0300) ∑AFIO_EXTICR4_EXTI14_PE ((uint16_t)0x0400) ∏AFIO_EXTICR4_EXTI14_PF ((uint16_t)0x0500) πAFIO_EXTICR4_EXTI14_PG ((uint16_t)0x0600) ºAFIO_EXTICR4_EXTI15_PA ((uint16_t)0x0000) ΩAFIO_EXTICR4_EXTI15_PB ((uint16_t)0x1000) æAFIO_EXTICR4_EXTI15_PC ((uint16_t)0x2000) øAFIO_EXTICR4_EXTI15_PD ((uint16_t)0x3000) ¿AFIO_EXTICR4_EXTI15_PE ((uint16_t)0x4000) ¡AFIO_EXTICR4_EXTI15_PF ((uint16_t)0x5000) ¬AFIO_EXTICR4_EXTI15_PG ((uint16_t)0x6000) ∆AFIO_MAPR2_TIM15_REMAP ((uint32_t)0x00000001) «AFIO_MAPR2_TIM16_REMAP ((uint32_t)0x00000002) »AFIO_MAPR2_TIM17_REMAP ((uint32_t)0x00000004) …AFIO_MAPR2_CEC_REMAP ((uint32_t)0x00000008)  AFIO_MAPR2_TIM1_DMA_REMAP ((uint32_t)0x00000010) ﬁSysTick_CTRL_ENABLE ((uint32_t)0x00000001) ﬂSysTick_CTRL_TICKINT ((uint32_t)0x00000002) ‡SysTick_CTRL_CLKSOURCE ((uint32_t)0x00000004) ·SysTick_CTRL_COUNTFLAG ((uint32_t)0x00010000) ‰SysTick_LOAD_RELOAD ((uint32_t)0x00FFFFFF) ÁSysTick_VAL_CURRENT ((uint32_t)0x00FFFFFF) ÍSysTick_CALIB_TENMS ((uint32_t)0x00FFFFFF) ÎSysTick_CALIB_SKEW ((uint32_t)0x40000000) ÏSysTick_CALIB_NOREF ((uint32_t)0x80000000) ıNVIC_ISER_SETENA ((uint32_t)0xFFFFFFFF) ˆNVIC_ISER_SETENA_0 ((uint32_t)0x00000001) ˜NVIC_ISER_SETENA_1 ((uint32_t)0x00000002) ¯NVIC_ISER_SETENA_2 ((uint32_t)0x00000004) ˘NVIC_ISER_SETENA_3 ((uint32_t)0x00000008) ˙NVIC_ISER_SETENA_4 ((uint32_t)0x00000010) ˚NVIC_ISER_SETENA_5 ((uint32_t)0x00000020) ¸NVIC_ISER_SETENA_6 ((uint32_t)0x00000040) ˝NVIC_ISER_SETENA_7 ((uint32_t)0x00000080) ˛NVIC_ISER_SETENA_8 ((uint32_t)0x00000100) ˇNVIC_ISER_SETENA_9 ((uint32_t)0x00000200) ÄNVIC_ISER_SETENA_10 ((uint32_t)0x00000400) ÅNVIC_ISER_SETENA_11 ((uint32_t)0x00000800) ÇNVIC_ISER_SETENA_12 ((uint32_t)0x00001000) ÉNVIC_ISER_SETENA_13 ((uint32_t)0x00002000) ÑNVIC_ISER_SETENA_14 ((uint32_t)0x00004000) ÖNVIC_ISER_SETENA_15 ((uint32_t)0x00008000) ÜNVIC_ISER_SETENA_16 ((uint32_t)0x00010000) áNVIC_ISER_SETENA_17 ((uint32_t)0x00020000) àNVIC_ISER_SETENA_18 ((uint32_t)0x00040000) âNVIC_ISER_SETENA_19 ((uint32_t)0x00080000) äNVIC_ISER_SETENA_20 ((uint32_t)0x00100000) ãNVIC_ISER_SETENA_21 ((uint32_t)0x00200000) åNVIC_ISER_SETENA_22 ((uint32_t)0x00400000) çNVIC_ISER_SETENA_23 ((uint32_t)0x00800000) éNVIC_ISER_SETENA_24 ((uint32_t)0x01000000) èNVIC_ISER_SETENA_25 ((uint32_t)0x02000000) êNVIC_ISER_SETENA_26 ((uint32_t)0x04000000) ëNVIC_ISER_SETENA_27 ((uint32_t)0x08000000) íNVIC_ISER_SETENA_28 ((uint32_t)0x10000000) ìNVIC_ISER_SETENA_29 ((uint32_t)0x20000000) îNVIC_ISER_SETENA_30 ((uint32_t)0x40000000) ïNVIC_ISER_SETENA_31 ((uint32_t)0x80000000) òNVIC_ICER_CLRENA ((uint32_t)0xFFFFFFFF) ôNVIC_ICER_CLRENA_0 ((uint32_t)0x00000001) öNVIC_ICER_CLRENA_1 ((uint32_t)0x00000002) õNVIC_ICER_CLRENA_2 ((uint32_t)0x00000004) úNVIC_ICER_CLRENA_3 ((uint32_t)0x00000008) ùNVIC_ICER_CLRENA_4 ((uint32_t)0x00000010) ûNVIC_ICER_CLRENA_5 ((uint32_t)0x00000020) üNVIC_ICER_CLRENA_6 ((uint32_t)0x00000040) †NVIC_ICER_CLRENA_7 ((uint32_t)0x00000080) °NVIC_ICER_CLRENA_8 ((uint32_t)0x00000100) ¢NVIC_ICER_CLRENA_9 ((uint32_t)0x00000200) £NVIC_ICER_CLRENA_10 ((uint32_t)0x00000400) §NVIC_ICER_CLRENA_11 ((uint32_t)0x00000800) •NVIC_ICER_CLRENA_12 ((uint32_t)0x00001000) ¶NVIC_ICER_CLRENA_13 ((uint32_t)0x00002000) ßNVIC_ICER_CLRENA_14 ((uint32_t)0x00004000) ®NVIC_ICER_CLRENA_15 ((uint32_t)0x00008000) ©NVIC_ICER_CLRENA_16 ((uint32_t)0x00010000) ™NVIC_ICER_CLRENA_17 ((uint32_t)0x00020000) ´NVIC_ICER_CLRENA_18 ((uint32_t)0x00040000) ¨NVIC_ICER_CLRENA_19 ((uint32_t)0x00080000) ≠NVIC_ICER_CLRENA_20 ((uint32_t)0x00100000) ÆNVIC_ICER_CLRENA_21 ((uint32_t)0x00200000) ØNVIC_ICER_CLRENA_22 ((uint32_t)0x00400000) ∞NVIC_ICER_CLRENA_23 ((uint32_t)0x00800000) ±NVIC_ICER_CLRENA_24 ((uint32_t)0x01000000) ≤NVIC_ICER_CLRENA_25 ((uint32_t)0x02000000) ≥NVIC_ICER_CLRENA_26 ((uint32_t)0x04000000) ¥NVIC_ICER_CLRENA_27 ((uint32_t)0x08000000) µNVIC_ICER_CLRENA_28 ((uint32_t)0x10000000) ∂NVIC_ICER_CLRENA_29 ((uint32_t)0x20000000) ∑NVIC_ICER_CLRENA_30 ((uint32_t)0x40000000) ∏NVIC_ICER_CLRENA_31 ((uint32_t)0x80000000) ªNVIC_ISPR_SETPEND ((uint32_t)0xFFFFFFFF) ºNVIC_ISPR_SETPEND_0 ((uint32_t)0x00000001) ΩNVIC_ISPR_SETPEND_1 ((uint32_t)0x00000002) æNVIC_ISPR_SETPEND_2 ((uint32_t)0x00000004) øNVIC_ISPR_SETPEND_3 ((uint32_t)0x00000008) ¿NVIC_ISPR_SETPEND_4 ((uint32_t)0x00000010) ¡NVIC_ISPR_SETPEND_5 ((uint32_t)0x00000020) ¬NVIC_ISPR_SETPEND_6 ((uint32_t)0x00000040) √NVIC_ISPR_SETPEND_7 ((uint32_t)0x00000080) ƒNVIC_ISPR_SETPEND_8 ((uint32_t)0x00000100) ≈NVIC_ISPR_SETPEND_9 ((uint32_t)0x00000200) ∆NVIC_ISPR_SETPEND_10 ((uint32_t)0x00000400) «NVIC_ISPR_SETPEND_11 ((uint32_t)0x00000800) »NVIC_ISPR_SETPEND_12 ((uint32_t)0x00001000) …NVIC_ISPR_SETPEND_13 ((uint32_t)0x00002000)  NVIC_ISPR_SETPEND_14 ((uint32_t)0x00004000) ÀNVIC_ISPR_SETPEND_15 ((uint32_t)0x00008000) ÃNVIC_ISPR_SETPEND_16 ((uint32_t)0x00010000) ÕNVIC_ISPR_SETPEND_17 ((uint32_t)0x00020000) ŒNVIC_ISPR_SETPEND_18 ((uint32_t)0x00040000) œNVIC_ISPR_SETPEND_19 ((uint32_t)0x00080000) –NVIC_ISPR_SETPEND_20 ((uint32_t)0x00100000) —NVIC_ISPR_SETPEND_21 ((uint32_t)0x00200000) “NVIC_ISPR_SETPEND_22 ((uint32_t)0x00400000) ”NVIC_ISPR_SETPEND_23 ((uint32_t)0x00800000) ‘NVIC_ISPR_SETPEND_24 ((uint32_t)0x01000000) ’NVIC_ISPR_SETPEND_25 ((uint32_t)0x02000000) ÷NVIC_ISPR_SETPEND_26 ((uint32_t)0x04000000) ◊NVIC_ISPR_SETPEND_27 ((uint32_t)0x08000000) ÿNVIC_ISPR_SETPEND_28 ((uint32_t)0x10000000) ŸNVIC_ISPR_SETPEND_29 ((uint32_t)0x20000000) ⁄NVIC_ISPR_SETPEND_30 ((uint32_t)0x40000000) €NVIC_ISPR_SETPEND_31 ((uint32_t)0x80000000) ﬁNVIC_ICPR_CLRPEND ((uint32_t)0xFFFFFFFF) ﬂNVIC_ICPR_CLRPEND_0 ((uint32_t)0x00000001) ‡NVIC_ICPR_CLRPEND_1 ((uint32_t)0x00000002) ·NVIC_ICPR_CLRPEND_2 ((uint32_t)0x00000004) ‚NVIC_ICPR_CLRPEND_3 ((uint32_t)0x00000008) „NVIC_ICPR_CLRPEND_4 ((uint32_t)0x00000010) ‰NVIC_ICPR_CLRPEND_5 ((uint32_t)0x00000020) ÂNVIC_ICPR_CLRPEND_6 ((uint32_t)0x00000040) ÊNVIC_ICPR_CLRPEND_7 ((uint32_t)0x00000080) ÁNVIC_ICPR_CLRPEND_8 ((uint32_t)0x00000100) ËNVIC_ICPR_CLRPEND_9 ((uint32_t)0x00000200) ÈNVIC_ICPR_CLRPEND_10 ((uint32_t)0x00000400) ÍNVIC_ICPR_CLRPEND_11 ((uint32_t)0x00000800) ÎNVIC_ICPR_CLRPEND_12 ((uint32_t)0x00001000) ÏNVIC_ICPR_CLRPEND_13 ((uint32_t)0x00002000) ÌNVIC_ICPR_CLRPEND_14 ((uint32_t)0x00004000) ÓNVIC_ICPR_CLRPEND_15 ((uint32_t)0x00008000) ÔNVIC_ICPR_CLRPEND_16 ((uint32_t)0x00010000) NVIC_ICPR_CLRPEND_17 ((uint32_t)0x00020000) ÒNVIC_ICPR_CLRPEND_18 ((uint32_t)0x00040000) ÚNVIC_ICPR_CLRPEND_19 ((uint32_t)0x00080000) ÛNVIC_ICPR_CLRPEND_20 ((uint32_t)0x00100000) ÙNVIC_ICPR_CLRPEND_21 ((uint32_t)0x00200000) ıNVIC_ICPR_CLRPEND_22 ((uint32_t)0x00400000) ˆNVIC_ICPR_CLRPEND_23 ((uint32_t)0x00800000) ˜NVIC_ICPR_CLRPEND_24 ((uint32_t)0x01000000) ¯NVIC_ICPR_CLRPEND_25 ((uint32_t)0x02000000) ˘NVIC_ICPR_CLRPEND_26 ((uint32_t)0x04000000) ˙NVIC_ICPR_CLRPEND_27 ((uint32_t)0x08000000) ˚NVIC_ICPR_CLRPEND_28 ((uint32_t)0x10000000) ¸NVIC_ICPR_CLRPEND_29 ((uint32_t)0x20000000) ˝NVIC_ICPR_CLRPEND_30 ((uint32_t)0x40000000) ˛NVIC_ICPR_CLRPEND_31 ((uint32_t)0x80000000) ÅNVIC_IABR_ACTIVE ((uint32_t)0xFFFFFFFF) ÇNVIC_IABR_ACTIVE_0 ((uint32_t)0x00000001) ÉNVIC_IABR_ACTIVE_1 ((uint32_t)0x00000002) ÑNVIC_IABR_ACTIVE_2 ((uint32_t)0x00000004) ÖNVIC_IABR_ACTIVE_3 ((uint32_t)0x00000008) ÜNVIC_IABR_ACTIVE_4 ((uint32_t)0x00000010) áNVIC_IABR_ACTIVE_5 ((uint32_t)0x00000020) àNVIC_IABR_ACTIVE_6 ((uint32_t)0x00000040) âNVIC_IABR_ACTIVE_7 ((uint32_t)0x00000080) äNVIC_IABR_ACTIVE_8 ((uint32_t)0x00000100) ãNVIC_IABR_ACTIVE_9 ((uint32_t)0x00000200) åNVIC_IABR_ACTIVE_10 ((uint32_t)0x00000400) çNVIC_IABR_ACTIVE_11 ((uint32_t)0x00000800) éNVIC_IABR_ACTIVE_12 ((uint32_t)0x00001000) èNVIC_IABR_ACTIVE_13 ((uint32_t)0x00002000) êNVIC_IABR_ACTIVE_14 ((uint32_t)0x00004000) ëNVIC_IABR_ACTIVE_15 ((uint32_t)0x00008000) íNVIC_IABR_ACTIVE_16 ((uint32_t)0x00010000) ìNVIC_IABR_ACTIVE_17 ((uint32_t)0x00020000) îNVIC_IABR_ACTIVE_18 ((uint32_t)0x00040000) ïNVIC_IABR_ACTIVE_19 ((uint32_t)0x00080000) ñNVIC_IABR_ACTIVE_20 ((uint32_t)0x00100000) óNVIC_IABR_ACTIVE_21 ((uint32_t)0x00200000) òNVIC_IABR_ACTIVE_22 ((uint32_t)0x00400000) ôNVIC_IABR_ACTIVE_23 ((uint32_t)0x00800000) öNVIC_IABR_ACTIVE_24 ((uint32_t)0x01000000) õNVIC_IABR_ACTIVE_25 ((uint32_t)0x02000000) úNVIC_IABR_ACTIVE_26 ((uint32_t)0x04000000) ùNVIC_IABR_ACTIVE_27 ((uint32_t)0x08000000) ûNVIC_IABR_ACTIVE_28 ((uint32_t)0x10000000) üNVIC_IABR_ACTIVE_29 ((uint32_t)0x20000000) †NVIC_IABR_ACTIVE_30 ((uint32_t)0x40000000) °NVIC_IABR_ACTIVE_31 ((uint32_t)0x80000000) §NVIC_IPR0_PRI_0 ((uint32_t)0x000000FF) •NVIC_IPR0_PRI_1 ((uint32_t)0x0000FF00) ¶NVIC_IPR0_PRI_2 ((uint32_t)0x00FF0000) ßNVIC_IPR0_PRI_3 ((uint32_t)0xFF000000) ™NVIC_IPR1_PRI_4 ((uint32_t)0x000000FF) ´NVIC_IPR1_PRI_5 ((uint32_t)0x0000FF00) ¨NVIC_IPR1_PRI_6 ((uint32_t)0x00FF0000) ≠NVIC_IPR1_PRI_7 ((uint32_t)0xFF000000) ∞NVIC_IPR2_PRI_8 ((uint32_t)0x000000FF) ±NVIC_IPR2_PRI_9 ((uint32_t)0x0000FF00) ≤NVIC_IPR2_PRI_10 ((uint32_t)0x00FF0000) ≥NVIC_IPR2_PRI_11 ((uint32_t)0xFF000000) ∂NVIC_IPR3_PRI_12 ((uint32_t)0x000000FF) ∑NVIC_IPR3_PRI_13 ((uint32_t)0x0000FF00) ∏NVIC_IPR3_PRI_14 ((uint32_t)0x00FF0000) πNVIC_IPR3_PRI_15 ((uint32_t)0xFF000000) ºNVIC_IPR4_PRI_16 ((uint32_t)0x000000FF) ΩNVIC_IPR4_PRI_17 ((uint32_t)0x0000FF00) æNVIC_IPR4_PRI_18 ((uint32_t)0x00FF0000) øNVIC_IPR4_PRI_19 ((uint32_t)0xFF000000) ¬NVIC_IPR5_PRI_20 ((uint32_t)0x000000FF) √NVIC_IPR5_PRI_21 ((uint32_t)0x0000FF00) ƒNVIC_IPR5_PRI_22 ((uint32_t)0x00FF0000) ≈NVIC_IPR5_PRI_23 ((uint32_t)0xFF000000) »NVIC_IPR6_PRI_24 ((uint32_t)0x000000FF) …NVIC_IPR6_PRI_25 ((uint32_t)0x0000FF00)  NVIC_IPR6_PRI_26 ((uint32_t)0x00FF0000) ÀNVIC_IPR6_PRI_27 ((uint32_t)0xFF000000) ŒNVIC_IPR7_PRI_28 ((uint32_t)0x000000FF) œNVIC_IPR7_PRI_29 ((uint32_t)0x0000FF00) –NVIC_IPR7_PRI_30 ((uint32_t)0x00FF0000) —NVIC_IPR7_PRI_31 ((uint32_t)0xFF000000) ‘SCB_CPUID_REVISION ((uint32_t)0x0000000F) ’SCB_CPUID_PARTNO ((uint32_t)0x0000FFF0) ÷SCB_CPUID_Constant ((uint32_t)0x000F0000) ◊SCB_CPUID_VARIANT ((uint32_t)0x00F00000) ÿSCB_CPUID_IMPLEMENTER ((uint32_t)0xFF000000) €SCB_ICSR_VECTACTIVE ((uint32_t)0x000001FF) ‹SCB_ICSR_RETTOBASE ((uint32_t)0x00000800) ›SCB_ICSR_VECTPENDING ((uint32_t)0x003FF000) ﬁSCB_ICSR_ISRPENDING ((uint32_t)0x00400000) ﬂSCB_ICSR_ISRPREEMPT ((uint32_t)0x00800000) ‡SCB_ICSR_PENDSTCLR ((uint32_t)0x02000000) ·SCB_ICSR_PENDSTSET ((uint32_t)0x04000000) ‚SCB_ICSR_PENDSVCLR ((uint32_t)0x08000000) „SCB_ICSR_PENDSVSET ((uint32_t)0x10000000) ‰SCB_ICSR_NMIPENDSET ((uint32_t)0x80000000) ÁSCB_VTOR_TBLOFF ((uint32_t)0x1FFFFF80) ËSCB_VTOR_TBLBASE ((uint32_t)0x20000000) ÎSCB_AIRCR_VECTRESET ((uint32_t)0x00000001) ÏSCB_AIRCR_VECTCLRACTIVE ((uint32_t)0x00000002) ÌSCB_AIRCR_SYSRESETREQ ((uint32_t)0x00000004) ÔSCB_AIRCR_PRIGROUP ((uint32_t)0x00000700) SCB_AIRCR_PRIGROUP_0 ((uint32_t)0x00000100) ÒSCB_AIRCR_PRIGROUP_1 ((uint32_t)0x00000200) ÚSCB_AIRCR_PRIGROUP_2 ((uint32_t)0x00000400) ıSCB_AIRCR_PRIGROUP0 ((uint32_t)0x00000000) ˆSCB_AIRCR_PRIGROUP1 ((uint32_t)0x00000100) ˜SCB_AIRCR_PRIGROUP2 ((uint32_t)0x00000200) ¯SCB_AIRCR_PRIGROUP3 ((uint32_t)0x00000300) ˘SCB_AIRCR_PRIGROUP4 ((uint32_t)0x00000400) ˙SCB_AIRCR_PRIGROUP5 ((uint32_t)0x00000500) ˚SCB_AIRCR_PRIGROUP6 ((uint32_t)0x00000600) ¸SCB_AIRCR_PRIGROUP7 ((uint32_t)0x00000700) ˛SCB_AIRCR_ENDIANESS ((uint32_t)0x00008000) ˇSCB_AIRCR_VECTKEY ((uint32_t)0xFFFF0000) ÇSCB_SCR_SLEEPONEXIT ((uint8_t)0x02) ÉSCB_SCR_SLEEPDEEP ((uint8_t)0x04) ÑSCB_SCR_SEVONPEND ((uint8_t)0x10) áSCB_CCR_NONBASETHRDENA ((uint16_t)0x0001) àSCB_CCR_USERSETMPEND ((uint16_t)0x0002) âSCB_CCR_UNALIGN_TRP ((uint16_t)0x0008) äSCB_CCR_DIV_0_TRP ((uint16_t)0x0010) ãSCB_CCR_BFHFNMIGN ((uint16_t)0x0100) åSCB_CCR_STKALIGN ((uint16_t)0x0200) èSCB_SHPR_PRI_N ((uint32_t)0x000000FF) êSCB_SHPR_PRI_N1 ((uint32_t)0x0000FF00) ëSCB_SHPR_PRI_N2 ((uint32_t)0x00FF0000) íSCB_SHPR_PRI_N3 ((uint32_t)0xFF000000) ïSCB_SHCSR_MEMFAULTACT ((uint32_t)0x00000001) ñSCB_SHCSR_BUSFAULTACT ((uint32_t)0x00000002) óSCB_SHCSR_USGFAULTACT ((uint32_t)0x00000008) òSCB_SHCSR_SVCALLACT ((uint32_t)0x00000080) ôSCB_SHCSR_MONITORACT ((uint32_t)0x00000100) öSCB_SHCSR_PENDSVACT ((uint32_t)0x00000400) õSCB_SHCSR_SYSTICKACT ((uint32_t)0x00000800) úSCB_SHCSR_USGFAULTPENDED ((uint32_t)0x00001000) ùSCB_SHCSR_MEMFAULTPENDED ((uint32_t)0x00002000) ûSCB_SHCSR_BUSFAULTPENDED ((uint32_t)0x00004000) üSCB_SHCSR_SVCALLPENDED ((uint32_t)0x00008000) †SCB_SHCSR_MEMFAULTENA ((uint32_t)0x00010000) °SCB_SHCSR_BUSFAULTENA ((uint32_t)0x00020000) ¢SCB_SHCSR_USGFAULTENA ((uint32_t)0x00040000) ¶SCB_CFSR_IACCVIOL ((uint32_t)0x00000001) ßSCB_CFSR_DACCVIOL ((uint32_t)0x00000002) ®SCB_CFSR_MUNSTKERR ((uint32_t)0x00000008) ©SCB_CFSR_MSTKERR ((uint32_t)0x00000010) ™SCB_CFSR_MMARVALID ((uint32_t)0x00000080) ¨SCB_CFSR_IBUSERR ((uint32_t)0x00000100) ≠SCB_CFSR_PRECISERR ((uint32_t)0x00000200) ÆSCB_CFSR_IMPRECISERR ((uint32_t)0x00000400) ØSCB_CFSR_UNSTKERR ((uint32_t)0x00000800) ∞SCB_CFSR_STKERR ((uint32_t)0x00001000) ±SCB_CFSR_BFARVALID ((uint32_t)0x00008000) ≥SCB_CFSR_UNDEFINSTR ((uint32_t)0x00010000) ¥SCB_CFSR_INVSTATE ((uint32_t)0x00020000) µSCB_CFSR_INVPC ((uint32_t)0x00040000) ∂SCB_CFSR_NOCP ((uint32_t)0x00080000) ∑SCB_CFSR_UNALIGNED ((uint32_t)0x01000000) ∏SCB_CFSR_DIVBYZERO ((uint32_t)0x02000000) ªSCB_HFSR_VECTTBL ((uint32_t)0x00000002) ºSCB_HFSR_FORCED ((uint32_t)0x40000000) ΩSCB_HFSR_DEBUGEVT ((uint32_t)0x80000000) ¿SCB_DFSR_HALTED ((uint8_t)0x01) ¡SCB_DFSR_BKPT ((uint8_t)0x02) ¬SCB_DFSR_DWTTRAP ((uint8_t)0x04) √SCB_DFSR_VCATCH ((uint8_t)0x08) ƒSCB_DFSR_EXTERNAL ((uint8_t)0x10) «SCB_MMFAR_ADDRESS ((uint32_t)0xFFFFFFFF)  SCB_BFAR_ADDRESS ((uint32_t)0xFFFFFFFF) ÕSCB_AFSR_IMPDEF ((uint32_t)0xFFFFFFFF) ÷EXTI_IMR_MR0 ((uint32_t)0x00000001) ◊EXTI_IMR_MR1 ((uint32_t)0x00000002) ÿEXTI_IMR_MR2 ((uint32_t)0x00000004) ŸEXTI_IMR_MR3 ((uint32_t)0x00000008) ⁄EXTI_IMR_MR4 ((uint32_t)0x00000010) €EXTI_IMR_MR5 ((uint32_t)0x00000020) ‹EXTI_IMR_MR6 ((uint32_t)0x00000040) ›EXTI_IMR_MR7 ((uint32_t)0x00000080) ﬁEXTI_IMR_MR8 ((uint32_t)0x00000100) ﬂEXTI_IMR_MR9 ((uint32_t)0x00000200) ‡EXTI_IMR_MR10 ((uint32_t)0x00000400) ·EXTI_IMR_MR11 ((uint32_t)0x00000800) ‚EXTI_IMR_MR12 ((uint32_t)0x00001000) „EXTI_IMR_MR13 ((uint32_t)0x00002000) ‰EXTI_IMR_MR14 ((uint32_t)0x00004000) ÂEXTI_IMR_MR15 ((uint32_t)0x00008000) ÊEXTI_IMR_MR16 ((uint32_t)0x00010000) ÁEXTI_IMR_MR17 ((uint32_t)0x00020000) ËEXTI_IMR_MR18 ((uint32_t)0x00040000) ÈEXTI_IMR_MR19 ((uint32_t)0x00080000) ÏEXTI_EMR_MR0 ((uint32_t)0x00000001) ÌEXTI_EMR_MR1 ((uint32_t)0x00000002) ÓEXTI_EMR_MR2 ((uint32_t)0x00000004) ÔEXTI_EMR_MR3 ((uint32_t)0x00000008) EXTI_EMR_MR4 ((uint32_t)0x00000010) ÒEXTI_EMR_MR5 ((uint32_t)0x00000020) ÚEXTI_EMR_MR6 ((uint32_t)0x00000040) ÛEXTI_EMR_MR7 ((uint32_t)0x00000080) ÙEXTI_EMR_MR8 ((uint32_t)0x00000100) ıEXTI_EMR_MR9 ((uint32_t)0x00000200) ˆEXTI_EMR_MR10 ((uint32_t)0x00000400) ˜EXTI_EMR_MR11 ((uint32_t)0x00000800) ¯EXTI_EMR_MR12 ((uint32_t)0x00001000) ˘EXTI_EMR_MR13 ((uint32_t)0x00002000) ˙EXTI_EMR_MR14 ((uint32_t)0x00004000) ˚EXTI_EMR_MR15 ((uint32_t)0x00008000) ¸EXTI_EMR_MR16 ((uint32_t)0x00010000) ˝EXTI_EMR_MR17 ((uint32_t)0x00020000) ˛EXTI_EMR_MR18 ((uint32_t)0x00040000) ˇEXTI_EMR_MR19 ((uint32_t)0x00080000) ÇEXTI_RTSR_TR0 ((uint32_t)0x00000001) ÉEXTI_RTSR_TR1 ((uint32_t)0x00000002) ÑEXTI_RTSR_TR2 ((uint32_t)0x00000004) ÖEXTI_RTSR_TR3 ((uint32_t)0x00000008) ÜEXTI_RTSR_TR4 ((uint32_t)0x00000010) áEXTI_RTSR_TR5 ((uint32_t)0x00000020) àEXTI_RTSR_TR6 ((uint32_t)0x00000040) âEXTI_RTSR_TR7 ((uint32_t)0x00000080) äEXTI_RTSR_TR8 ((uint32_t)0x00000100) ãEXTI_RTSR_TR9 ((uint32_t)0x00000200) åEXTI_RTSR_TR10 ((uint32_t)0x00000400) çEXTI_RTSR_TR11 ((uint32_t)0x00000800) éEXTI_RTSR_TR12 ((uint32_t)0x00001000) èEXTI_RTSR_TR13 ((uint32_t)0x00002000) êEXTI_RTSR_TR14 ((uint32_t)0x00004000) ëEXTI_RTSR_TR15 ((uint32_t)0x00008000) íEXTI_RTSR_TR16 ((uint32_t)0x00010000) ìEXTI_RTSR_TR17 ((uint32_t)0x00020000) îEXTI_RTSR_TR18 ((uint32_t)0x00040000) ïEXTI_RTSR_TR19 ((uint32_t)0x00080000) òEXTI_FTSR_TR0 ((uint32_t)0x00000001) ôEXTI_FTSR_TR1 ((uint32_t)0x00000002) öEXTI_FTSR_TR2 ((uint32_t)0x00000004) õEXTI_FTSR_TR3 ((uint32_t)0x00000008) úEXTI_FTSR_TR4 ((uint32_t)0x00000010) ùEXTI_FTSR_TR5 ((uint32_t)0x00000020) ûEXTI_FTSR_TR6 ((uint32_t)0x00000040) üEXTI_FTSR_TR7 ((uint32_t)0x00000080) †EXTI_FTSR_TR8 ((uint32_t)0x00000100) °EXTI_FTSR_TR9 ((uint32_t)0x00000200) ¢EXTI_FTSR_TR10 ((uint32_t)0x00000400) £EXTI_FTSR_TR11 ((uint32_t)0x00000800) §EXTI_FTSR_TR12 ((uint32_t)0x00001000) •EXTI_FTSR_TR13 ((uint32_t)0x00002000) ¶EXTI_FTSR_TR14 ((uint32_t)0x00004000) ßEXTI_FTSR_TR15 ((uint32_t)0x00008000) ®EXTI_FTSR_TR16 ((uint32_t)0x00010000) ©EXTI_FTSR_TR17 ((uint32_t)0x00020000) ™EXTI_FTSR_TR18 ((uint32_t)0x00040000) ´EXTI_FTSR_TR19 ((uint32_t)0x00080000) ÆEXTI_SWIER_SWIER0 ((uint32_t)0x00000001) ØEXTI_SWIER_SWIER1 ((uint32_t)0x00000002) ∞EXTI_SWIER_SWIER2 ((uint32_t)0x00000004) ±EXTI_SWIER_SWIER3 ((uint32_t)0x00000008) ≤EXTI_SWIER_SWIER4 ((uint32_t)0x00000010) ≥EXTI_SWIER_SWIER5 ((uint32_t)0x00000020) ¥EXTI_SWIER_SWIER6 ((uint32_t)0x00000040) µEXTI_SWIER_SWIER7 ((uint32_t)0x00000080) ∂EXTI_SWIER_SWIER8 ((uint32_t)0x00000100) ∑EXTI_SWIER_SWIER9 ((uint32_t)0x00000200) ∏EXTI_SWIER_SWIER10 ((uint32_t)0x00000400) πEXTI_SWIER_SWIER11 ((uint32_t)0x00000800) ∫EXTI_SWIER_SWIER12 ((uint32_t)0x00001000) ªEXTI_SWIER_SWIER13 ((uint32_t)0x00002000) ºEXTI_SWIER_SWIER14 ((uint32_t)0x00004000) ΩEXTI_SWIER_SWIER15 ((uint32_t)0x00008000) æEXTI_SWIER_SWIER16 ((uint32_t)0x00010000) øEXTI_SWIER_SWIER17 ((uint32_t)0x00020000) ¿EXTI_SWIER_SWIER18 ((uint32_t)0x00040000) ¡EXTI_SWIER_SWIER19 ((uint32_t)0x00080000) ƒEXTI_PR_PR0 ((uint32_t)0x00000001) ≈EXTI_PR_PR1 ((uint32_t)0x00000002) ∆EXTI_PR_PR2 ((uint32_t)0x00000004) «EXTI_PR_PR3 ((uint32_t)0x00000008) »EXTI_PR_PR4 ((uint32_t)0x00000010) …EXTI_PR_PR5 ((uint32_t)0x00000020)  EXTI_PR_PR6 ((uint32_t)0x00000040) ÀEXTI_PR_PR7 ((uint32_t)0x00000080) ÃEXTI_PR_PR8 ((uint32_t)0x00000100) ÕEXTI_PR_PR9 ((uint32_t)0x00000200) ŒEXTI_PR_PR10 ((uint32_t)0x00000400) œEXTI_PR_PR11 ((uint32_t)0x00000800) –EXTI_PR_PR12 ((uint32_t)0x00001000) —EXTI_PR_PR13 ((uint32_t)0x00002000) “EXTI_PR_PR14 ((uint32_t)0x00004000) ”EXTI_PR_PR15 ((uint32_t)0x00008000) ‘EXTI_PR_PR16 ((uint32_t)0x00010000) ’EXTI_PR_PR17 ((uint32_t)0x00020000) ÷EXTI_PR_PR18 ((uint32_t)0x00040000) ◊EXTI_PR_PR19 ((uint32_t)0x00080000) ‡DMA_ISR_GIF1 ((uint32_t)0x00000001) ·DMA_ISR_TCIF1 ((uint32_t)0x00000002) ‚DMA_ISR_HTIF1 ((uint32_t)0x00000004) „DMA_ISR_TEIF1 ((uint32_t)0x00000008) ‰DMA_ISR_GIF2 ((uint32_t)0x00000010) ÂDMA_ISR_TCIF2 ((uint32_t)0x00000020) ÊDMA_ISR_HTIF2 ((uint32_t)0x00000040) ÁDMA_ISR_TEIF2 ((uint32_t)0x00000080) ËDMA_ISR_GIF3 ((uint32_t)0x00000100) ÈDMA_ISR_TCIF3 ((uint32_t)0x00000200) ÍDMA_ISR_HTIF3 ((uint32_t)0x00000400) ÎDMA_ISR_TEIF3 ((uint32_t)0x00000800) ÏDMA_ISR_GIF4 ((uint32_t)0x00001000) ÌDMA_ISR_TCIF4 ((uint32_t)0x00002000) ÓDMA_ISR_HTIF4 ((uint32_t)0x00004000) ÔDMA_ISR_TEIF4 ((uint32_t)0x00008000) DMA_ISR_GIF5 ((uint32_t)0x00010000) ÒDMA_ISR_TCIF5 ((uint32_t)0x00020000) ÚDMA_ISR_HTIF5 ((uint32_t)0x00040000) ÛDMA_ISR_TEIF5 ((uint32_t)0x00080000) ÙDMA_ISR_GIF6 ((uint32_t)0x00100000) ıDMA_ISR_TCIF6 ((uint32_t)0x00200000) ˆDMA_ISR_HTIF6 ((uint32_t)0x00400000) ˜DMA_ISR_TEIF6 ((uint32_t)0x00800000) ¯DMA_ISR_GIF7 ((uint32_t)0x01000000) ˘DMA_ISR_TCIF7 ((uint32_t)0x02000000) ˙DMA_ISR_HTIF7 ((uint32_t)0x04000000) ˚DMA_ISR_TEIF7 ((uint32_t)0x08000000) ˛DMA_IFCR_CGIF1 ((uint32_t)0x00000001) ˇDMA_IFCR_CTCIF1 ((uint32_t)0x00000002) ÄDMA_IFCR_CHTIF1 ((uint32_t)0x00000004) ÅDMA_IFCR_CTEIF1 ((uint32_t)0x00000008) ÇDMA_IFCR_CGIF2 ((uint32_t)0x00000010) ÉDMA_IFCR_CTCIF2 ((uint32_t)0x00000020) ÑDMA_IFCR_CHTIF2 ((uint32_t)0x00000040) ÖDMA_IFCR_CTEIF2 ((uint32_t)0x00000080) ÜDMA_IFCR_CGIF3 ((uint32_t)0x00000100) áDMA_IFCR_CTCIF3 ((uint32_t)0x00000200) àDMA_IFCR_CHTIF3 ((uint32_t)0x00000400) âDMA_IFCR_CTEIF3 ((uint32_t)0x00000800) äDMA_IFCR_CGIF4 ((uint32_t)0x00001000) ãDMA_IFCR_CTCIF4 ((uint32_t)0x00002000) åDMA_IFCR_CHTIF4 ((uint32_t)0x00004000) çDMA_IFCR_CTEIF4 ((uint32_t)0x00008000) éDMA_IFCR_CGIF5 ((uint32_t)0x00010000) èDMA_IFCR_CTCIF5 ((uint32_t)0x00020000) êDMA_IFCR_CHTIF5 ((uint32_t)0x00040000) ëDMA_IFCR_CTEIF5 ((uint32_t)0x00080000) íDMA_IFCR_CGIF6 ((uint32_t)0x00100000) ìDMA_IFCR_CTCIF6 ((uint32_t)0x00200000) îDMA_IFCR_CHTIF6 ((uint32_t)0x00400000) ïDMA_IFCR_CTEIF6 ((uint32_t)0x00800000) ñDMA_IFCR_CGIF7 ((uint32_t)0x01000000) óDMA_IFCR_CTCIF7 ((uint32_t)0x02000000) òDMA_IFCR_CHTIF7 ((uint32_t)0x04000000) ôDMA_IFCR_CTEIF7 ((uint32_t)0x08000000) úDMA_CCR1_EN ((uint16_t)0x0001) ùDMA_CCR1_TCIE ((uint16_t)0x0002) ûDMA_CCR1_HTIE ((uint16_t)0x0004) üDMA_CCR1_TEIE ((uint16_t)0x0008) †DMA_CCR1_DIR ((uint16_t)0x0010) °DMA_CCR1_CIRC ((uint16_t)0x0020) ¢DMA_CCR1_PINC ((uint16_t)0x0040) £DMA_CCR1_MINC ((uint16_t)0x0080) •DMA_CCR1_PSIZE ((uint16_t)0x0300) ¶DMA_CCR1_PSIZE_0 ((uint16_t)0x0100) ßDMA_CCR1_PSIZE_1 ((uint16_t)0x0200) ©DMA_CCR1_MSIZE ((uint16_t)0x0C00) ™DMA_CCR1_MSIZE_0 ((uint16_t)0x0400) ´DMA_CCR1_MSIZE_1 ((uint16_t)0x0800) ≠DMA_CCR1_PL ((uint16_t)0x3000) ÆDMA_CCR1_PL_0 ((uint16_t)0x1000) ØDMA_CCR1_PL_1 ((uint16_t)0x2000) ±DMA_CCR1_MEM2MEM ((uint16_t)0x4000) ¥DMA_CCR2_EN ((uint16_t)0x0001) µDMA_CCR2_TCIE ((uint16_t)0x0002) ∂DMA_CCR2_HTIE ((uint16_t)0x0004) ∑DMA_CCR2_TEIE ((uint16_t)0x0008) ∏DMA_CCR2_DIR ((uint16_t)0x0010) πDMA_CCR2_CIRC ((uint16_t)0x0020) ∫DMA_CCR2_PINC ((uint16_t)0x0040) ªDMA_CCR2_MINC ((uint16_t)0x0080) ΩDMA_CCR2_PSIZE ((uint16_t)0x0300) æDMA_CCR2_PSIZE_0 ((uint16_t)0x0100) øDMA_CCR2_PSIZE_1 ((uint16_t)0x0200) ¡DMA_CCR2_MSIZE ((uint16_t)0x0C00) ¬DMA_CCR2_MSIZE_0 ((uint16_t)0x0400) √DMA_CCR2_MSIZE_1 ((uint16_t)0x0800) ≈DMA_CCR2_PL ((uint16_t)0x3000) ∆DMA_CCR2_PL_0 ((uint16_t)0x1000) «DMA_CCR2_PL_1 ((uint16_t)0x2000) …DMA_CCR2_MEM2MEM ((uint16_t)0x4000) ÃDMA_CCR3_EN ((uint16_t)0x0001) ÕDMA_CCR3_TCIE ((uint16_t)0x0002) ŒDMA_CCR3_HTIE ((uint16_t)0x0004) œDMA_CCR3_TEIE ((uint16_t)0x0008) –DMA_CCR3_DIR ((uint16_t)0x0010) —DMA_CCR3_CIRC ((uint16_t)0x0020) “DMA_CCR3_PINC ((uint16_t)0x0040) ”DMA_CCR3_MINC ((uint16_t)0x0080) ’DMA_CCR3_PSIZE ((uint16_t)0x0300) ÷DMA_CCR3_PSIZE_0 ((uint16_t)0x0100) ◊DMA_CCR3_PSIZE_1 ((uint16_t)0x0200) ŸDMA_CCR3_MSIZE ((uint16_t)0x0C00) ⁄DMA_CCR3_MSIZE_0 ((uint16_t)0x0400) €DMA_CCR3_MSIZE_1 ((uint16_t)0x0800) ›DMA_CCR3_PL ((uint16_t)0x3000) ﬁDMA_CCR3_PL_0 ((uint16_t)0x1000) ﬂDMA_CCR3_PL_1 ((uint16_t)0x2000) ·DMA_CCR3_MEM2MEM ((uint16_t)0x4000) ‰DMA_CCR4_EN ((uint16_t)0x0001)
[...]
) ıUSART_IT_IDLE ((uint16_t)0x0424) ˆUSART_IT_LBD ((uint16_t)0x0846) ˜USART_IT_CTS ((uint16_t)0x096A) ¯USART_IT_ERR ((uint16_t)0x0060) ˘USART_IT_ORE ((uint16_t)0x0360) ˙USART_IT_NE ((uint16_t)0x0260) ˚USART_IT_FE ((uint16_t)0x0160) ¸IS_USART_CONFIG_IT(IT) (((IT) == USART_IT_PE) || ((IT) == USART_IT_TXE) || ((IT) == USART_IT_TC) || ((IT) == USART_IT_RXNE) || ((IT) == USART_IT_IDLE) || ((IT) == USART_IT_LBD) || ((IT) == USART_IT_CTS) || ((IT) == USART_IT_ERR)) ÄIS_USART_GET_IT(IT) (((IT) == USART_IT_PE) || ((IT) == USART_IT_TXE) || ((IT) == USART_IT_TC) || ((IT) == USART_IT_RXNE) || ((IT) == USART_IT_IDLE) || ((IT) == USART_IT_LBD) || ((IT) == USART_IT_CTS) || ((IT) == USART_IT_ORE) || ((IT) == USART_IT_NE) || ((IT) == USART_IT_FE)) ÖIS_USART_CLEAR_IT(IT) (((IT) == USART_IT_TC) || ((IT) == USART_IT_RXNE) || ((IT) == USART_IT_LBD) || ((IT) == USART_IT_CTS)) èUSART_DMAReq_Tx ((uint16_t)0x0080) êUSART_DMAReq_Rx ((uint16_t)0x0040) ëIS_USART_DMAREQ(DMAREQ) ((((DMAREQ) & (uint16_t)0xFF3F) == 0x00) && ((DMAREQ) != (uint16_t)0x00)) õUSART_WakeUp_IdleLine ((uint16_t)0x0000) úUSART_WakeUp_AddressMark ((uint16_t)0x0800) ùIS_USART_WAKEUP(WAKEUP) (((WAKEUP) == USART_WakeUp_IdleLine) || ((WAKEUP) == USART_WakeUp_AddressMark)) ßUSART_LINBreakDetectLength_10b ((uint16_t)0x0000) ®USART_LINBreakDetectLength_11b ((uint16_t)0x0020) ©IS_USART_LIN_BREAK_DETECT_LENGTH(LENGTH) (((LENGTH) == USART_LINBreakDetectLength_10b) || ((LENGTH) == USART_LINBreakDetectLength_11b)) ¥USART_IrDAMode_LowPower ((uint16_t)0x0004) µUSART_IrDAMode_Normal ((uint16_t)0x0000) ∂IS_USART_IRDA_MODE(MODE) (((MODE) == USART_IrDAMode_LowPower) || ((MODE) == USART_IrDAMode_Normal)) ¿USART_FLAG_CTS ((uint16_t)0x0200) ¡USART_FLAG_LBD ((uint16_t)0x0100) ¬USART_FLAG_TXE ((uint16_t)0x0080) √USART_FLAG_TC ((uint16_t)0x0040) ƒUSART_FLAG_RXNE ((uint16_t)0x0020) ≈USART_FLAG_IDLE ((uint16_t)0x0010) ∆USART_FLAG_ORE ((uint16_t)0x0008) «USART_FLAG_NE ((uint16_t)0x0004) »USART_FLAG_FE ((uint16_t)0x0002) …USART_FLAG_PE ((uint16_t)0x0001)  IS_USART_FLAG(FLAG) (((FLAG) == USART_FLAG_PE) || ((FLAG) == USART_FLAG_TXE) || ((FLAG) == USART_FLAG_TC) || ((FLAG) == USART_FLAG_RXNE) || ((FLAG) == USART_FLAG_IDLE) || ((FLAG) == USART_FLAG_LBD) || ((FLAG) == USART_FLAG_CTS) || ((FLAG) == USART_FLAG_ORE) || ((FLAG) == USART_FLAG_NE) || ((FLAG) == USART_FLAG_FE)) –IS_USART_CLEAR_FLAG(FLAG) ((((FLAG) & (uint16_t)0xFC9F) == 0x00) && ((FLAG) != (uint16_t)0x00)) —IS_USART_PERIPH_FLAG(PERIPH,USART_FLAG) ((((*(uint32_t*)&(PERIPH)) != UART4_BASE) && ((*(uint32_t*)&(PERIPH)) != UART5_BASE)) || ((USART_FLAG) != USART_FLAG_CTS)) ‘IS_USART_BAUDRATE(BAUDRATE) (((BAUDRATE) > 0) && ((BAUDRATE) < 0x0044AA21)) ’IS_USART_ADDRESS(ADDRESS) ((ADDRESS) <= 0xF) ÷IS_USART_DATA(DATA) ((DATA) <= 0x1FF)      _   ^   ]   \       
..\Libraries\STM32F10x_StdPeriph_Driver\inc\misc.h ARM C/C++ Compiler, 4.1 [Build 561]  E:\OX_Doc\KCNTT_2011\Working\SunIDProject\Firmware\MainControlSimple\Project         *√NVIC_IRQChannel   # NVIC_IRQChannelPreemptionPriority   #NVIC_IRQChannelSubPriority   #NVIC_IRQChannelCmd ˜  # PNVIC_InitTypeDef ∫ C     ò    å            ..\Libraries\STM32F10x_StdPeriph_Driver\inc\ ..\Libraries\CMSIS\CM3\DeviceSupport\ST\STM32F10x\  misc.h   stm32f10x.h      __MISC_H  rNVIC_VectTab_RAM ((uint32_t)0x20000000) sNVIC_VectTab_FLASH ((uint32_t)0x08000000) tIS_NVIC_VECTTAB(VECTTAB) (((VECTTAB) == NVIC_VectTab_RAM) || ((VECTTAB) == NVIC_VectTab_FLASH)) ~NVIC_LP_SEVONPEND ((uint8_t)0x10) NVIC_LP_SLEEPDEEP ((uint8_t)0x04) ÄNVIC_LP_SLEEPONEXIT ((uint8_t)0x02) ÅIS_NVIC_LP(LP) (((LP) == NVIC_LP_SEVONPEND) || ((LP) == NVIC_LP_SLEEPDEEP) || ((LP) == NVIC_LP_SLEEPONEXIT)) åNVIC_PriorityGroup_0 ((uint32_t)0x700) éNVIC_PriorityGroup_1 ((uint32_t)0x600) êNVIC_PriorityGroup_2 ((uint32_t)0x500) íNVIC_PriorityGroup_3 ((uint32_t)0x400) îNVIC_PriorityGroup_4 ((uint32_t)0x300) óIS_NVIC_PRIORITY_GROUP(GROUP) (((GROUP) == NVIC_PriorityGroup_0) || ((GROUP) == NVIC_PriorityGroup_1) || ((GROUP) == NVIC_PriorityGroup_2) || ((GROUP) == NVIC_PriorityGroup_3) || ((GROUP) == NVIC_PriorityGroup_4)) ùIS_NVIC_PREEMPTION_PRIORITY(PRIORITY) ((PRIORITY) < 0x10) üIS_NVIC_SUB_PRIORITY(PRIORITY) ((PRIORITY) < 0x10) °IS_NVIC_OFFSET(OFFSET) ((OFFSET) < 0x000FFFFF) ´SysTick_CLKSource_HCLK_Div8 ((uint32_t)0xFFFFFFFB) ¨SysTick_CLKSource_HCLK ((uint32_t)0x00000004) ≠IS_SYSTICK_CLK_SOURCE(SOURCE) (((SOURCE) == SysTick_CLKSource_HCLK) || ((SOURCE) == SysTick_CLKSource_HCLK_Div8))     c   b   a   §        
.\SourceCode\stm32f10x_conf.h ARM C/C++ Compiler, 4.1 [Build 561]  E:\OX_Doc\KCNTT_2011\Working\SunIDProject\Firmware\MainControlSimple\Project            ‹    —            .\SourceCode\ ..\Libraries\STM32F10x_StdPeriph_Driver\inc\  stm32f10x_conf.h   stm32f10x_exti.h   stm32f10x_flash.h   stm32f10x_gpio.h   stm32f10x_rcc.h   stm32f10x_usart.h   misc.h      __STM32F10x_CONF_H  #$&*/1Hassert_param(expr) ((void)0)       g   f   e   »        
..\Libraries\STM32F10x_StdPeriph_Driver\src\stm32f10x_exti.c ARM C/C++ Compiler, 4.1 [Build 561]  E:\OX_Doc\KCNTT_2011\Working\SunIDProject\Firmware\MainControlSimple\Project         "Ã    †    î            ..\Libraries\STM32F10x_StdPeriph_Driver\inc\  ..\Libraries\STM32F10x_StdPeriph_Driver\src\stm32f10x_exti.c    stm32f10x_exti.h      -EXTI_LineNone ((uint32_t)0x00000)        i   ! /  !   I  $ >  %  %  %  %  	%C  
%C  %  %  %  %  %C  %C  & I      (   (             1   1  1   1   I8	   I    I8	4  ! I8	  " I  #7 I  $ I  % I  & I	  ' I  ( I  )  *  +  ,  -   .   /4  04  14  24  3 4  4 4  5.:;9?I  6.:;9?  7.:;9G  8.:;9?I   9.:;9?   :.:;9G   ;.:;9?I  <.:;9?  =.:;9G  >.:;9?I@  ?.:;9?@  @.:;9G@  A.:;9?I@
  B.:;9?@
  C.:;9G@
  D1  E1  F1XYW  G1XYW  H.1  I.1@  J.1@
  K.1  L.<4I?  M.<4?  NI  O  P I:;9  Q I4  R  S  T  U   V   W 1  X4 I	,  Y4 I	  Z4 I  [4 I,  \4 I  ]4 I	4  ^4 I	,4  _4 I4  `4 I,4  a4 I4  b4 1	,  c4 1  d4 1,  e4 1  f 1  g 1  h I	  i I  j I  k I	4  l I	,4  m I4  n 1	  o 1  p4 I	?  q4 I?<  r4 I,  s4 I  t5 I  u;   v=   w%  x<%                      6           Òˇ3             0            3             0            3             0            3             0            3             0            3             0  "          3             0  †          3                                     ¯            ›            »            µ            ©            ó                        ÒˇÛ            Ÿ            ø            •            ã            q            W            =            $                        Û            ⁄            ¡            ®            è            v            ^            F            -                        ˚             ‚           ! …           " ∞           # ó           $             g           % O           & 7           '            (            ) Ô           * ◊           + ø           , §           - á           . j           / M           0 0           1            2 ˆ           3 Ÿ           4 º           5 Ç          i D          ; 
          ] Œ          7 è          I K          a           e √
          E ~
          M :
          Q ˜	          U ≤	          Y l	          @ ;	          ; 	          ] ﬂ          7 ≠          I v          a ?          e           E –          M ô          Q c          U +          Y Ú          @ ¥          < z          ^ >          8 ˇ          J ª          b w          f 3          F Ó          N ™          R g          V "          Z ‹          A õ          = ^          _           9 ›          K ñ          c O          g           G ¿          O y          S 3          W Î           [ ¢           B `           >            C !                  ˙         ﬂ                   ∑     "    ´     †    ô                    "  8     <     8     <     8     <     8     <     8     <     8     <     8      <     8   !  <        E  º   <  ¿   +     E  º     ¿     ƒ   3  €     ﬂ     „   4     E  º     ¿     ƒ   ,  Ÿ     ›     ·   5  ˜   K  ˚   5    H  	  5     E  º     ¿     ƒ   -  ‡     ‰     Ë   6  ˛   K    6     E  º     ¿     ƒ   .  È     Ì     Ò   7    H    7     E  º     ¿     ƒ   /  ‰   I  Ë     Ï        8     H    8    I  '  I     E  º     ¿     ƒ   0  ﬂ     „     Á   9  ˜   H  ˚   9     E  º     ¿     ƒ   1  ‚   I  Ê     Í     Ó   :  ˛   H    :    I  %  I  ;  H     E  º     ¿     ƒ   2  Á     Î     Ô   ;  ˇ   H    ;  `     `     `     `     `     `     `     `        *     "     $     %     &     '     (     )     E  ]   l  a   `     E  ≠   j  ±   ^  Í   H  ˘   H    H  ,  H  G  H  e  H  t  H  à  H  ß  H  ¬  H  ‚  H  Ò  H    H  (  H  G  H  e  H  t  H  à  H  ß  H  ¬  H  Ï  H  
  H  !  H  H  H  W  H  v  I  ö  I  ¿  H  ∆  I  ⁄  H  ˝  I  &  I  H  H  N  I  b  H  É  I  é  H  ∂  H  º  I  –  H  Û  H  ˘  H    H  #  H  >  H  V  H  p  H  Ü  H  ©  H  ∏  H    H    H  3  H  :  H  V  H  \  H  q  H  ß  H  ≠  H  ø  H  <  H  n  H  †  H  ”  H    H  8  H  b  H  h  H  ã	  H  
  H  .
  H  X
  H  Å
  H  ™
  H  Ï
  H  !  H  ¸  H    H     F     E  ƒ   u  »   i  ﬁ   H     Q     E  º   p  ¿   d  â  H  ƒ  I     E  Ω   m  ¡   a  Î  H  ˘  H    H    H  #  H  6  H  H  H  [  H  n  H  π  H  «  H  ‘  H  ﬁ  H  Ò  H    H    H  )  H  <  H  T  H  r  H  ê  H  Æ  H  Ã  H  Í  H    H  &  H  D  H  b  H  Ç  H  £  H  ¡  H  ◊  H  		  H  )	  H  I	  H  i	  H  â	  H  ©	  H  …	  H  È	  H  	
  H  )
  H  I
  H  i
  H  â
  H  ©
  H  …
  H  È
  H  
  H  ,  H  N  H  p  H  í  H  ¥  H  ÷  H  ¯  H    H  <  H  ^  H  Ä  H  ¢  H  ƒ  H  Ê  H    H  l  H  ¬  H     H  !  H  C  H  \  H  8  H  K  H    H  Ω  H  l  H  ‘  H    H  F  H  á  H  ∂  H  f  H    H  ë  H    H  7  H  |  H  ö  H  π  H  ÿ  H  ı  H    H  1  H  O  H  o  H  ê  H  ‘  H  Ú  H    H  0  H  O  H  n  H  ç  H  ¨  H  À  H  Í  H  Ÿ  H    H  Z  H  x  H  ï  H  ≤  H  “  H  Û  H     H  6   H  V   H  ç   H  ´   H      H  È   H  !  H  $!  H  D!  H  d!  H  É!  H  °!  H  ¿!  H  ﬂ!  H  ˛!  H  "  H  >"  H  ^"  H  ~"  H  û"  H  Ω"  H  ›"  H  #  H  0#  H  N#  H  l#  H  ä#  H  ®#  H  «#  H     E  Ω   q  ¡   e     E  º   r  ¿   f  „  H     E  ª   s  ø   g  ⁄   H  Ú   H    H  $  H  >  H     E  Ω   t  ¡   h  ⁄   H  Ù   H    H  "  H  6  H  Y  H  å  H  †  H  ¥  H  À  H     E  ≤   k  ∂   _  –   H  ˚   H    H  ;  I     E  ù   n  °   b     E  º   o  ¿   c  ∆   L   .ARM.attributes .strtab .shstrtab .rel.debug_pubnames .rel.debug_line .rel.debug_info .rel.debug_frame .symtab .debug_abbrev __ARM_grp..debug_abbrev.group.2_Am0000_lbphKItke$2_000000 __ARM_grp.stm32f10x_exti.c.2_sjP000_dibH2u9e9ic_u20000 __ARM_grp.stm32f10x_conf.h.2_Qy0000_uTU5_PTcaMb_300000 __ARM_grp.misc.h.2_MnP000_awGBCrHnm5a_s20000 __ARM_grp.stm32f10x_usart.h.2_sU3000_KdjXly$No0f_g00000 __ARM_grp.stm32f10x_rcc.h.2_sU5000_CyELwj6rSf6_b00000 __ARM_grp.stm32f10x_gpio.h.2_MT4000_zTJ8RYXa6x9_700000 __ARM_grp.stm32f10x_flash.h.2_Yp3000_E4dSXPuolB3_300000 __ARM_grp.stm32f10x.h.2_oXx100_GSuMO6rCgF4_l20000 __ARM_grp.stm32f10x_exti.h.2_0BP000_6h$b0C7QOG0_q20000 __ARM_grp.system_stm32f10x.h.2_ah2000_AAG73SSw2z2_f00000 __ARM_grp.core_cm3.h.2_7tL100_rl_RA42oei8_d70000 __ARM_grp.stdint.h.2_Mw1000_oGAHEpoLJt4_300000 .debug_macinfo .debug_loc .comment .arm_vfe_header i.EXTI_StructInit i.EXTI_Init i.EXTI_GetITStatus i.EXTI_GetFlagStatus i.EXTI_GenerateSWInterrupt i.EXTI_DeInit i.EXTI_ClearITPendingBit i.EXTI_ClearFlag  Lib$$Request$$armlib __ARM_grp..debug_pubnames$system_stm32f10x.h$.2_ah2000_AAG73SSw2z2_f00000 __ARM_grp..debug_pubnames$core_cm3.h$.2_7tL100_rl_RA42oei8_d70000 __ARM_grp..debug_macinfo$system_stm32f10x.h$.2_ah2000_AAG73SSw2z2_f00000 __ARM_grp..debug_macinfo$stm32f10x_usart.h$.2_sU3000_KdjXly$No0f_g00000 __ARM_grp..debug_macinfo$stm32f10x_rcc.h$.2_sU5000_CyELwj6rSf6_b00000 __ARM_grp..debug_macinfo$stm32f10x_gpio.h$.2_MT4000_zTJ8RYXa6x9_700000 __ARM_grp..debug_macinfo$stm32f10x_flash.h$.2_Yp3000_E4dSXPuolB3_300000 __ARM_grp..debug_macinfo$stm32f10x_exti.h$.2_0BP000_6h$b0C7QOG0_q20000 __ARM_grp..debug_macinfo$stm32f10x_exti.c$.2_sjP000_dibH2u9e9ic_u20000 __ARM_grp..debug_macinfo$stm32f10x_conf.h$.2_Qy0000_uTU5_PTcaMb_300000 __ARM_grp..debug_macinfo$stm32f10x.h$.2_oXx100_GSuMO6rCgF4_l20000 __ARM_grp..debug_macinfo$stdint.h$.2_Mw1000_oGAHEpoLJt4_300000 __ARM_grp..debug_macinfo$misc.h$.2_MnP000_awGBCrHnm5a_s20000 __ARM_grp..debug_macinfo$core_cm3.h$.2_7tL100_rl_RA42oei8_d70000 __ARM_grp..debug_line$system_stm32f10x.h$.2_ah2000_AAG73SSw2z2_f00000 __ARM_grp..debug_line$stm32f10x_usart.h$.2_sU3000_KdjXly$No0f_g00000 __ARM_grp..debug_line$stm32f10x_rcc.h$.2_sU5000_CyELwj6rSf6_b00000 __ARM_grp..debug_line$stm32f10x_gpio.h$.2_MT4000_zTJ8RYXa6x9_700000 __ARM_grp..debug_line$stm32f10x_flash.h$.2_Yp3000_E4dSXPuolB3_300000 __ARM_grp..debug_line$stm32f10x_exti.h$.2_0BP000_6h$b0C7QOG0_q20000 __ARM_grp..debug_line$stm32f10x_exti.c$.2_sjP000_dibH2u9e9ic_u20000 __ARM_grp..debug_line$stm32f10x_conf.h$.2_Qy0000_uTU5_PTcaMb_300000 __ARM_grp..debug_line$stm32f10x.h$.2_oXx100_GSuMO6rCgF4_l20000 __ARM_grp..debug_line$stdint.h$.2_Mw1000_oGAHEpoLJt4_300000 __ARM_grp..debug_line$misc.h$.2_MnP000_awGBCrHnm5a_s20000 __ARM_grp..debug_line$core_cm3.h$.2_7tL100_rl_RA42oei8_d70000 __ARM_grp.system_stm32f10x.h.2_ah2000_AAG73SSw2z2_f00000 __ARM_grp.stm32f10x_usart.h.2_sU3000_KdjXly$No0f_g00000 __ARM_grp.stm32f10x_rcc.h.2_sU5000_CyELwj6rSf6_b00000 __ARM_grp.stm32f10x_gpio.h.2_MT4000_zTJ8RYXa6x9_700000 __ARM_grp.stm32f10x_flash.h.2_Yp3000_E4dSXPuolB3_300000 __ARM_grp.stm32f10x_exti.h.2_0BP000_6h$b0C7QOG0_q20000 __ARM_grp.stm32f10x_exti.c.2_sjP000_dibH2u9e9ic_u20000 __ARM_grp.stm32f10x_conf.h.2_Qy0000_uTU5_PTcaMb_300000 __ARM_grp.stm32f10x.h.2_oXx100_GSuMO6rCgF4_l20000 __ARM_grp.stdint.h.2_Mw1000_oGAHEpoLJt4_300000 __ARM_grp.misc.h.2_MnP000_awGBCrHnm5a_s20000 __ARM_grp.core_cm3.h.2_7tL100_rl_RA42oei8_d70000 __ARM_grp..debug_info$system_stm32f10x.h$.2_ah2000_AAG73SSw2z2_f00000 __ARM_grp..debug_info$stm32f10x_usart.h$.2_sU3000_KdjXly$No0f_g00000 __ARM_grp..debug_info$stm32f10x_rcc.h$.2_sU5000_CyELwj6rSf6_b00000 __ARM_grp..debug_info$stm32f10x_gpio.h$.2_MT4000_zTJ8RYXa6x9_700000 __ARM_grp..debug_info$stm32f10x_flash.h$.2_Yp3000_E4dSXPuolB3_300000 __ARM_grp..debug_info$stm32f10x_exti.h$.2_0BP000_6h$b0C7QOG0_q20000 __ARM_grp..debug_info$stm32f10x_exti.c$.2_sjP000_dibH2u9e9ic_u20000 __ARM_grp..debug_info$stm32f10x_conf.h$.2_Qy0000_uTU5_PTcaMb_300000 __ARM_grp..debug_info$stm32f10x.h$.2_oXx100_GSuMO6rCgF4_l20000 __ARM_grp..debug_info$stdint.h$.2_Mw1000_oGAHEpoLJt4_300000 __ARM_grp..debug_info$misc.h$.2_MnP000_awGBCrHnm5a_s20000 __ARM_grp..debug_info$core_cm3.h$.2_7tL100_rl_RA42oei8_d70000 __ARM_grp..debug_abbrev.group.2_Am0000_lbphKItke$2_000000 __ARM_grp_.debug_pubnames$59 __ARM_grp_.debug_pubnames$52 __ARM_grp_.debug_pubnames$45 __ARM_grp_.debug_pubnames$38 __ARM_grp_.debug_pubnames$31 __ARM_grp_.debug_pubnames$24 __ARM_grp_.debug_pubnames$17 __ARM_grp_.debug_pubnames$10 __ARM_grp_.debug_macinfo$4 __ARM_grp_.debug_loc$61 __ARM_grp_.debug_loc$54 __ARM_grp_.debug_loc$47 __ARM_grp_.debug_loc$40 __ARM_grp_.debug_loc$33 __ARM_grp_.debug_loc$26 __ARM_grp_.debug_loc$19 __ARM_grp_.debug_loc$12 __ARM_grp_.debug_line$8 __ARM_grp_.debug_line$57 __ARM_grp_.debug_line$50 __ARM_grp_.debug_line$43 __ARM_grp_.debug_line$36 __ARM_grp_.debug_line$29 __ARM_grp_.debug_line$22 __ARM_grp_.debug_line$15 __ARM_grp_.debug_line$1 __ARM_grp_.debug_info$9 __ARM_grp_.debug_info$58 __ARM_grp_.debug_info$51 __ARM_grp_.debug_info$44 __ARM_grp_.debug_info$37 __ARM_grp_.debug_info$30 __ARM_grp_.debug_info$23 __ARM_grp_.debug_info$2 __ARM_grp_.debug_info$16 __ARM_grp_.debug_frame$62 __ARM_grp_.debug_frame$55 __ARM_grp_.debug_frame$48 __ARM_grp_.debug_frame$41 __ARM_grp_.debug_frame$34 __ARM_grp_.debug_frame$27 __ARM_grp_.debug_frame$20 __ARM_grp_.debug_frame$13 BuildAttributes$$THM_ISAv4$P$D$K$B$S$PE$A:L22UL41UL21$X:L11$S22US41US21$IEEE1$IW$USESV6$~STKCKD$USESV7$~SHL$OSPACE$EBA8$REQ8$PRES8$EABIv2 i.EXTI_StructInit i.EXTI_Init i.EXTI_GetITStatus i.EXTI_GetFlagStatus i.EXTI_GenerateSWInterrupt i.EXTI_DeInit i.EXTI_ClearITPendingBit i.EXTI_ClearFlag $d $t ..\Libraries\STM32F10x_StdPeriph_Driver\src\stm32f10x_exti.c A8   aeabi .   C2.06 Cortex-M3 
M	"   ARM                                               Ì            4                     ‘            @                     ∆            L   4                  ´            Ä                     ñ            ò                     É            ∞   ,                  w            ‹   ¨                  e            à                    U             ò                    L             ú  ⁄                 [              v  D                  [              ∫  D                  [              ˛  D                  [              B  D                  [              Ü  D                  [                 D                  [                D                  [              R  D                  K              ñ  »                  K              ^  Ï                  K              J                   K              Z	                   K              f
                   K              r  4                 K              ¶                   K              ™  H                 K              Ú                   ;              ˛  `                  ;              ^  à                  ;              Ê  ∏                  ;              û  Ä                  ;                x                  ;              ñ  Ñ                  ;                x                  ;              í  ê                  ;              "  x                  A             ö                    A             Æ  <                  A             Í  (                  A               (                  A             :  4                  A             n  (                  A             ñ  4                  A                (                  2             Ú  d                 '              V  "                  '              x                     '              ò  &                  '              